Archive member included to satisfy reference by file (symbol)

c:/stm/gcc-arm-none-eabi-5_4-2016q3-20160926-win32/bin/../lib/gcc/arm-none-eabi/5.4.1/../../../../arm-none-eabi/lib/armv7-m\libc.a(lib_a-exit.o)
                              c:/stm/gcc-arm-none-eabi-5_4-2016q3-20160926-win32/bin/../lib/gcc/arm-none-eabi/5.4.1/../../../../arm-none-eabi/lib/armv7-m/crt0.o (exit)
c:/stm/gcc-arm-none-eabi-5_4-2016q3-20160926-win32/bin/../lib/gcc/arm-none-eabi/5.4.1/../../../../arm-none-eabi/lib/armv7-m\libc.a(lib_a-impure.o)
                              c:/stm/gcc-arm-none-eabi-5_4-2016q3-20160926-win32/bin/../lib/gcc/arm-none-eabi/5.4.1/../../../../arm-none-eabi/lib/armv7-m\libc.a(lib_a-exit.o) (_global_impure_ptr)
c:/stm/gcc-arm-none-eabi-5_4-2016q3-20160926-win32/bin/../lib/gcc/arm-none-eabi/5.4.1/../../../../arm-none-eabi/lib/armv7-m\libc.a(lib_a-init.o)
                              c:/stm/gcc-arm-none-eabi-5_4-2016q3-20160926-win32/bin/../lib/gcc/arm-none-eabi/5.4.1/../../../../arm-none-eabi/lib/armv7-m/crt0.o (__libc_init_array)
c:/stm/gcc-arm-none-eabi-5_4-2016q3-20160926-win32/bin/../lib/gcc/arm-none-eabi/5.4.1/../../../../arm-none-eabi/lib/armv7-m\libc.a(lib_a-memset.o)
                              c:/stm/gcc-arm-none-eabi-5_4-2016q3-20160926-win32/bin/../lib/gcc/arm-none-eabi/5.4.1/../../../../arm-none-eabi/lib/armv7-m/crt0.o (memset)
c:/stm/gcc-arm-none-eabi-5_4-2016q3-20160926-win32/bin/../lib/gcc/arm-none-eabi/5.4.1/../../../../arm-none-eabi/lib/armv7-m\libc.a(lib_a-__call_atexit.o)
                              c:/stm/gcc-arm-none-eabi-5_4-2016q3-20160926-win32/bin/../lib/gcc/arm-none-eabi/5.4.1/../../../../arm-none-eabi/lib/armv7-m\libc.a(lib_a-exit.o) (__call_exitprocs)
c:/stm/gcc-arm-none-eabi-5_4-2016q3-20160926-win32/bin/../lib/gcc/arm-none-eabi/5.4.1/../../../../arm-none-eabi/lib/armv7-m\libc.a(lib_a-atexit.o)
                              c:/stm/gcc-arm-none-eabi-5_4-2016q3-20160926-win32/bin/../lib/gcc/arm-none-eabi/5.4.1/../../../../arm-none-eabi/lib/armv7-m\libc.a(lib_a-__call_atexit.o) (atexit)
c:/stm/gcc-arm-none-eabi-5_4-2016q3-20160926-win32/bin/../lib/gcc/arm-none-eabi/5.4.1/../../../../arm-none-eabi/lib/armv7-m\libc.a(lib_a-fini.o)
                              c:/stm/gcc-arm-none-eabi-5_4-2016q3-20160926-win32/bin/../lib/gcc/arm-none-eabi/5.4.1/../../../../arm-none-eabi/lib/armv7-m\libc.a(lib_a-__call_atexit.o) (__libc_fini_array)
c:/stm/gcc-arm-none-eabi-5_4-2016q3-20160926-win32/bin/../lib/gcc/arm-none-eabi/5.4.1/../../../../arm-none-eabi/lib/armv7-m\libc.a(lib_a-__atexit.o)
                              c:/stm/gcc-arm-none-eabi-5_4-2016q3-20160926-win32/bin/../lib/gcc/arm-none-eabi/5.4.1/../../../../arm-none-eabi/lib/armv7-m\libc.a(lib_a-atexit.o) (__register_exitproc)
c:/stm/gcc-arm-none-eabi-5_4-2016q3-20160926-win32/bin/../lib/gcc/arm-none-eabi/5.4.1/../../../../arm-none-eabi/lib/armv7-m\librdimon.a(rdimon-_exit.o)
                              c:/stm/gcc-arm-none-eabi-5_4-2016q3-20160926-win32/bin/../lib/gcc/arm-none-eabi/5.4.1/../../../../arm-none-eabi/lib/armv7-m\libc.a(lib_a-exit.o) (_exit)
c:/stm/gcc-arm-none-eabi-5_4-2016q3-20160926-win32/bin/../lib/gcc/arm-none-eabi/5.4.1/../../../../arm-none-eabi/lib/armv7-m\librdimon.a(rdimon-_kill.o)
                              c:/stm/gcc-arm-none-eabi-5_4-2016q3-20160926-win32/bin/../lib/gcc/arm-none-eabi/5.4.1/../../../../arm-none-eabi/lib/armv7-m\librdimon.a(rdimon-_exit.o) (_kill)

Allocating common symbols
Common symbol       size              file

DATA                0x8               ..\obj\main.o
hhal_state          0x1               ..\obj\main.o
hcan                0x40              ..\obj\main.o
can_tx_data         0xc8              ..\obj\main.o
pFlash              0x20              ..\obj\stm32f1xx_hal_flash.o
huart1              0x40              ..\obj\main.o
CAN_ID              0x2               ..\obj\main.o
CAN_DLC             0x1               ..\obj\main.o
can_rx_data         0xc8              ..\obj\main.o

Discarded input sections

 .text          0x00000000        0x0 c:/stm/gcc-arm-none-eabi-5_4-2016q3-20160926-win32/bin/../lib/gcc/arm-none-eabi/5.4.1/armv7-m/crti.o
 .data          0x00000000        0x0 c:/stm/gcc-arm-none-eabi-5_4-2016q3-20160926-win32/bin/../lib/gcc/arm-none-eabi/5.4.1/armv7-m/crti.o
 .bss           0x00000000        0x0 c:/stm/gcc-arm-none-eabi-5_4-2016q3-20160926-win32/bin/../lib/gcc/arm-none-eabi/5.4.1/armv7-m/crti.o
 .data          0x00000000        0x4 c:/stm/gcc-arm-none-eabi-5_4-2016q3-20160926-win32/bin/../lib/gcc/arm-none-eabi/5.4.1/armv7-m/crtbegin.o
 .text          0x00000000       0x74 c:/stm/gcc-arm-none-eabi-5_4-2016q3-20160926-win32/bin/../lib/gcc/arm-none-eabi/5.4.1/../../../../arm-none-eabi/lib/armv7-m/crt0.o
 .data          0x00000000        0x0 c:/stm/gcc-arm-none-eabi-5_4-2016q3-20160926-win32/bin/../lib/gcc/arm-none-eabi/5.4.1/../../../../arm-none-eabi/lib/armv7-m/crt0.o
 .bss           0x00000000        0x0 c:/stm/gcc-arm-none-eabi-5_4-2016q3-20160926-win32/bin/../lib/gcc/arm-none-eabi/5.4.1/../../../../arm-none-eabi/lib/armv7-m/crt0.o
 .ARM.extab     0x00000000        0x0 c:/stm/gcc-arm-none-eabi-5_4-2016q3-20160926-win32/bin/../lib/gcc/arm-none-eabi/5.4.1/../../../../arm-none-eabi/lib/armv7-m/crt0.o
 .ARM.exidx     0x00000000        0x8 c:/stm/gcc-arm-none-eabi-5_4-2016q3-20160926-win32/bin/../lib/gcc/arm-none-eabi/5.4.1/../../../../arm-none-eabi/lib/armv7-m/crt0.o
 .ARM.attributes
                0x00000000       0x1b c:/stm/gcc-arm-none-eabi-5_4-2016q3-20160926-win32/bin/../lib/gcc/arm-none-eabi/5.4.1/../../../../arm-none-eabi/lib/armv7-m/crt0.o
 .text          0x00000000        0x0 ..\obj\stm32f1xx_hal_rcc_ex.o
 .data          0x00000000        0x0 ..\obj\stm32f1xx_hal_rcc_ex.o
 .bss           0x00000000        0x0 ..\obj\stm32f1xx_hal_rcc_ex.o
 .text.HAL_RCCEx_PeriphCLKConfig
                0x00000000      0x1ec ..\obj\stm32f1xx_hal_rcc_ex.o
 .text.HAL_RCCEx_GetPeriphCLKConfig
                0x00000000       0x60 ..\obj\stm32f1xx_hal_rcc_ex.o
 .rodata        0x00000000       0x12 ..\obj\stm32f1xx_hal_rcc_ex.o
 .text.HAL_RCCEx_GetPeriphCLKFreq
                0x00000000      0x1c8 ..\obj\stm32f1xx_hal_rcc_ex.o
 .debug_info    0x00000000      0x541 ..\obj\stm32f1xx_hal_rcc_ex.o
 .debug_abbrev  0x00000000      0x1eb ..\obj\stm32f1xx_hal_rcc_ex.o
 .debug_aranges
                0x00000000       0x30 ..\obj\stm32f1xx_hal_rcc_ex.o
 .debug_ranges  0x00000000       0x20 ..\obj\stm32f1xx_hal_rcc_ex.o
 .debug_line    0x00000000      0x3f2 ..\obj\stm32f1xx_hal_rcc_ex.o
 .debug_str     0x00000000      0x3ed ..\obj\stm32f1xx_hal_rcc_ex.o
 .comment       0x00000000       0x6f ..\obj\stm32f1xx_hal_rcc_ex.o
 .debug_frame   0x00000000       0x84 ..\obj\stm32f1xx_hal_rcc_ex.o
 .ARM.attributes
                0x00000000       0x33 ..\obj\stm32f1xx_hal_rcc_ex.o
 .text          0x00000000        0x0 ..\obj\stm32f1xx_hal_pwr.o
 .data          0x00000000        0x0 ..\obj\stm32f1xx_hal_pwr.o
 .bss           0x00000000        0x0 ..\obj\stm32f1xx_hal_pwr.o
 .text.PWR_OverloadWfe
                0x00000000       0x10 ..\obj\stm32f1xx_hal_pwr.o
 .text.HAL_PWR_DeInit
                0x00000000       0x28 ..\obj\stm32f1xx_hal_pwr.o
 .text.HAL_PWR_EnableBkUpAccess
                0x00000000       0x34 ..\obj\stm32f1xx_hal_pwr.o
 .text.HAL_PWR_DisableBkUpAccess
                0x00000000       0x34 ..\obj\stm32f1xx_hal_pwr.o
 .text.HAL_PWR_ConfigPVD
                0x00000000       0xbc ..\obj\stm32f1xx_hal_pwr.o
 .text.HAL_PWR_EnablePVD
                0x00000000       0x34 ..\obj\stm32f1xx_hal_pwr.o
 .text.HAL_PWR_DisablePVD
                0x00000000       0x34 ..\obj\stm32f1xx_hal_pwr.o
 .text.HAL_PWR_EnableWakeUpPin
                0x00000000       0x38 ..\obj\stm32f1xx_hal_pwr.o
 .text.HAL_PWR_DisableWakeUpPin
                0x00000000       0x38 ..\obj\stm32f1xx_hal_pwr.o
 .text.HAL_PWR_EnterSLEEPMode
                0x00000000       0x38 ..\obj\stm32f1xx_hal_pwr.o
 .text.HAL_PWR_EnterSTOPMode
                0x00000000       0x64 ..\obj\stm32f1xx_hal_pwr.o
 .text.HAL_PWR_EnterSTANDBYMode
                0x00000000       0x30 ..\obj\stm32f1xx_hal_pwr.o
 .text.HAL_PWR_EnableSleepOnExit
                0x00000000       0x1c ..\obj\stm32f1xx_hal_pwr.o
 .text.HAL_PWR_DisableSleepOnExit
                0x00000000       0x1c ..\obj\stm32f1xx_hal_pwr.o
 .text.HAL_PWR_EnableSEVOnPend
                0x00000000       0x1c ..\obj\stm32f1xx_hal_pwr.o
 .text.HAL_PWR_DisableSEVOnPend
                0x00000000       0x1c ..\obj\stm32f1xx_hal_pwr.o
 .text.HAL_PWR_PVD_IRQHandler
                0x00000000       0x24 ..\obj\stm32f1xx_hal_pwr.o
 .text.HAL_PWR_PVDCallback
                0x00000000        0xc ..\obj\stm32f1xx_hal_pwr.o
 .debug_info    0x00000000      0x79a ..\obj\stm32f1xx_hal_pwr.o
 .debug_abbrev  0x00000000      0x225 ..\obj\stm32f1xx_hal_pwr.o
 .debug_aranges
                0x00000000       0xa8 ..\obj\stm32f1xx_hal_pwr.o
 .debug_ranges  0x00000000       0x98 ..\obj\stm32f1xx_hal_pwr.o
 .debug_line    0x00000000      0x464 ..\obj\stm32f1xx_hal_pwr.o
 .debug_str     0x00000000      0x4ed ..\obj\stm32f1xx_hal_pwr.o
 .comment       0x00000000       0x6f ..\obj\stm32f1xx_hal_pwr.o
 .debug_frame   0x00000000      0x290 ..\obj\stm32f1xx_hal_pwr.o
 .ARM.attributes
                0x00000000       0x33 ..\obj\stm32f1xx_hal_pwr.o
 .text          0x00000000        0x0 ..\obj\stm32f1xx_hal_can.o
 .data          0x00000000        0x0 ..\obj\stm32f1xx_hal_can.o
 .bss           0x00000000        0x0 ..\obj\stm32f1xx_hal_can.o
 .text.HAL_CAN_DeInit
                0x00000000       0x3c ..\obj\stm32f1xx_hal_can.o
 .text.HAL_CAN_MspInit
                0x00000000       0x14 ..\obj\stm32f1xx_hal_can.o
 .text.HAL_CAN_MspDeInit
                0x00000000       0x14 ..\obj\stm32f1xx_hal_can.o
 .text.HAL_CAN_Transmit_IT
                0x00000000      0x24c ..\obj\stm32f1xx_hal_can.o
 .text.HAL_CAN_Receive
                0x00000000      0x278 ..\obj\stm32f1xx_hal_can.o
 .text.HAL_CAN_Sleep
                0x00000000       0xc8 ..\obj\stm32f1xx_hal_can.o
 .text.HAL_CAN_WakeUp
                0x00000000       0xa8 ..\obj\stm32f1xx_hal_can.o
 .text.HAL_CAN_RxCpltCallback
                0x00000000       0x14 ..\obj\stm32f1xx_hal_can.o
 .text.HAL_CAN_GetState
                0x00000000       0x1c ..\obj\stm32f1xx_hal_can.o
 .text.HAL_CAN_GetError
                0x00000000       0x18 ..\obj\stm32f1xx_hal_can.o
 .text          0x00000000        0x0 ..\obj\stm32f1xx_hal.o
 .data          0x00000000        0x0 ..\obj\stm32f1xx_hal.o
 .text.HAL_DeInit
                0x00000000       0x30 ..\obj\stm32f1xx_hal.o
 .text.HAL_MspInit
                0x00000000        0xc ..\obj\stm32f1xx_hal.o
 .text.HAL_MspDeInit
                0x00000000        0xc ..\obj\stm32f1xx_hal.o
 .text.HAL_SuspendTick
                0x00000000       0x1c ..\obj\stm32f1xx_hal.o
 .text.HAL_ResumeTick
                0x00000000       0x1c ..\obj\stm32f1xx_hal.o
 .text.HAL_GetHalVersion
                0x00000000       0x14 ..\obj\stm32f1xx_hal.o
 .text.HAL_GetREVID
                0x00000000       0x34 ..\obj\stm32f1xx_hal.o
 .text.HAL_GetDEVID
                0x00000000       0x18 ..\obj\stm32f1xx_hal.o
 .text.HAL_DBGMCU_EnableDBGSleepMode
                0x00000000       0x1c ..\obj\stm32f1xx_hal.o
 .text.HAL_DBGMCU_DisableDBGSleepMode
                0x00000000       0x1c ..\obj\stm32f1xx_hal.o
 .text.HAL_DBGMCU_EnableDBGStopMode
                0x00000000       0x1c ..\obj\stm32f1xx_hal.o
 .text.HAL_DBGMCU_DisableDBGStopMode
                0x00000000       0x1c ..\obj\stm32f1xx_hal.o
 .text.HAL_DBGMCU_EnableDBGStandbyMode
                0x00000000       0x1c ..\obj\stm32f1xx_hal.o
 .text.HAL_DBGMCU_DisableDBGStandbyMode
                0x00000000       0x1c ..\obj\stm32f1xx_hal.o
 .text          0x00000000        0x0 ..\obj\stm32f1xx_it.o
 .data          0x00000000        0x0 ..\obj\stm32f1xx_it.o
 .bss           0x00000000        0x0 ..\obj\stm32f1xx_it.o
 .text          0x00000000        0x0 ..\obj\stm32f1xx_hal_gpio_ex.o
 .data          0x00000000        0x0 ..\obj\stm32f1xx_hal_gpio_ex.o
 .bss           0x00000000        0x0 ..\obj\stm32f1xx_hal_gpio_ex.o
 .text.HAL_GPIOEx_ConfigEventout
                0x00000000       0x2c ..\obj\stm32f1xx_hal_gpio_ex.o
 .text.HAL_GPIOEx_EnableEventout
                0x00000000       0x1c ..\obj\stm32f1xx_hal_gpio_ex.o
 .text.HAL_GPIOEx_DisableEventout
                0x00000000       0x1c ..\obj\stm32f1xx_hal_gpio_ex.o
 .debug_info    0x00000000      0x183 ..\obj\stm32f1xx_hal_gpio_ex.o
 .debug_abbrev  0x00000000       0xcb ..\obj\stm32f1xx_hal_gpio_ex.o
 .debug_aranges
                0x00000000       0x30 ..\obj\stm32f1xx_hal_gpio_ex.o
 .debug_ranges  0x00000000       0x20 ..\obj\stm32f1xx_hal_gpio_ex.o
 .debug_line    0x00000000      0x23a ..\obj\stm32f1xx_hal_gpio_ex.o
 .debug_str     0x00000000      0x297 ..\obj\stm32f1xx_hal_gpio_ex.o
 .comment       0x00000000       0x6f ..\obj\stm32f1xx_hal_gpio_ex.o
 .debug_frame   0x00000000       0x78 ..\obj\stm32f1xx_hal_gpio_ex.o
 .ARM.attributes
                0x00000000       0x33 ..\obj\stm32f1xx_hal_gpio_ex.o
 .text          0x00000000        0x0 ..\obj\stm32f1xx_hal_cortex.o
 .data          0x00000000        0x0 ..\obj\stm32f1xx_hal_cortex.o
 .bss           0x00000000        0x0 ..\obj\stm32f1xx_hal_cortex.o
 .text.NVIC_DisableIRQ
                0x00000000       0x34 ..\obj\stm32f1xx_hal_cortex.o
 .text.NVIC_GetPendingIRQ
                0x00000000       0x34 ..\obj\stm32f1xx_hal_cortex.o
 .text.NVIC_SetPendingIRQ
                0x00000000       0x34 ..\obj\stm32f1xx_hal_cortex.o
 .text.NVIC_ClearPendingIRQ
                0x00000000       0x34 ..\obj\stm32f1xx_hal_cortex.o
 .text.NVIC_GetActive
                0x00000000       0x34 ..\obj\stm32f1xx_hal_cortex.o
 .text.NVIC_GetPriority
                0x00000000       0x4c ..\obj\stm32f1xx_hal_cortex.o
 .text.NVIC_DecodePriority
                0x00000000       0x68 ..\obj\stm32f1xx_hal_cortex.o
 .text.NVIC_SystemReset
                0x00000000       0x28 ..\obj\stm32f1xx_hal_cortex.o
 .text.HAL_NVIC_DisableIRQ
                0x00000000       0x1c ..\obj\stm32f1xx_hal_cortex.o
 .text.HAL_NVIC_SystemReset
                0x00000000        0xc ..\obj\stm32f1xx_hal_cortex.o
 .text.HAL_NVIC_GetPriorityGrouping
                0x00000000       0x10 ..\obj\stm32f1xx_hal_cortex.o
 .text.HAL_NVIC_GetPriority
                0x00000000       0x2c ..\obj\stm32f1xx_hal_cortex.o
 .text.HAL_NVIC_SetPendingIRQ
                0x00000000       0x1c ..\obj\stm32f1xx_hal_cortex.o
 .text.HAL_NVIC_GetPendingIRQ
                0x00000000       0x20 ..\obj\stm32f1xx_hal_cortex.o
 .text.HAL_NVIC_ClearPendingIRQ
                0x00000000       0x1c ..\obj\stm32f1xx_hal_cortex.o
 .text.HAL_NVIC_GetActive
                0x00000000       0x20 ..\obj\stm32f1xx_hal_cortex.o
 .text          0x00000000        0x0 ..\obj\system_stm32f1xx.o
 .bss           0x00000000        0x0 ..\obj\system_stm32f1xx.o
 .text.SystemCoreClockUpdate
                0x00000000       0xd8 ..\obj\system_stm32f1xx.o
 .text          0x00000000        0x0 ..\obj\stm32f1xx_hal_rcc.o
 .data          0x00000000        0x0 ..\obj\stm32f1xx_hal_rcc.o
 .bss           0x00000000        0x0 ..\obj\stm32f1xx_hal_rcc.o
 .text.HAL_RCC_DeInit
                0x00000000       0x7c ..\obj\stm32f1xx_hal_rcc.o
 .text.HAL_RCC_MCOConfig
                0x00000000       0x70 ..\obj\stm32f1xx_hal_rcc.o
 .text.HAL_RCC_EnableCSS
                0x00000000       0x34 ..\obj\stm32f1xx_hal_rcc.o
 .text.HAL_RCC_DisableCSS
                0x00000000       0x34 ..\obj\stm32f1xx_hal_rcc.o
 .text.HAL_RCC_GetOscConfig
                0x00000000      0x110 ..\obj\stm32f1xx_hal_rcc.o
 .text.HAL_RCC_GetClockConfig
                0x00000000       0x60 ..\obj\stm32f1xx_hal_rcc.o
 .text.HAL_RCC_NMI_IRQHandler
                0x00000000       0x28 ..\obj\stm32f1xx_hal_rcc.o
 .text.HAL_RCC_CSSCallback
                0x00000000        0xc ..\obj\stm32f1xx_hal_rcc.o
 .text          0x00000000        0x0 ..\obj\startup_stm32f10x_md.o
 .data          0x00000000        0x0 ..\obj\startup_stm32f10x_md.o
 .bss           0x00000000        0x0 ..\obj\startup_stm32f10x_md.o
 .text          0x00000000        0x0 ..\obj\stm32f1xx_hal_uart.o
 .data          0x00000000        0x0 ..\obj\stm32f1xx_hal_uart.o
 .bss           0x00000000        0x0 ..\obj\stm32f1xx_hal_uart.o
 .text.HAL_HalfDuplex_Init
                0x00000000       0xa4 ..\obj\stm32f1xx_hal_uart.o
 .text.HAL_LIN_Init
                0x00000000       0xb8 ..\obj\stm32f1xx_hal_uart.o
 .text.HAL_MultiProcessor_Init
                0x00000000       0xc0 ..\obj\stm32f1xx_hal_uart.o
 .text.HAL_UART_DeInit
                0x00000000       0x68 ..\obj\stm32f1xx_hal_uart.o
 .text.HAL_UART_MspInit
                0x00000000       0x14 ..\obj\stm32f1xx_hal_uart.o
 .text.HAL_UART_MspDeInit
                0x00000000       0x14 ..\obj\stm32f1xx_hal_uart.o
 .text.HAL_UART_Receive
                0x00000000      0x170 ..\obj\stm32f1xx_hal_uart.o
 .text.HAL_UART_Transmit_IT
                0x00000000       0xac ..\obj\stm32f1xx_hal_uart.o
 .text.HAL_UART_Receive_IT
                0x00000000       0xcc ..\obj\stm32f1xx_hal_uart.o
 .text.HAL_UART_Transmit_DMA
                0x00000000       0xf4 ..\obj\stm32f1xx_hal_uart.o
 .text.HAL_UART_Receive_DMA
                0x00000000       0xe4 ..\obj\stm32f1xx_hal_uart.o
 .text.HAL_UART_DMAPause
                0x00000000       0x98 ..\obj\stm32f1xx_hal_uart.o
 .text.HAL_UART_DMAResume
                0x00000000       0xbc ..\obj\stm32f1xx_hal_uart.o
 .text.HAL_UART_DMAStop
                0x00000000       0x50 ..\obj\stm32f1xx_hal_uart.o
 .text.HAL_UART_IRQHandler
                0x00000000      0x1ac ..\obj\stm32f1xx_hal_uart.o
 .text.HAL_UART_TxCpltCallback
                0x00000000       0x14 ..\obj\stm32f1xx_hal_uart.o
 .text.HAL_UART_TxHalfCpltCallback
                0x00000000       0x14 ..\obj\stm32f1xx_hal_uart.o
 .text.HAL_UART_RxCpltCallback
                0x00000000       0x14 ..\obj\stm32f1xx_hal_uart.o
 .text.HAL_UART_RxHalfCpltCallback
                0x00000000       0x14 ..\obj\stm32f1xx_hal_uart.o
 .text.HAL_UART_ErrorCallback
                0x00000000       0x14 ..\obj\stm32f1xx_hal_uart.o
 .text.HAL_LIN_SendBreak
                0x00000000       0x54 ..\obj\stm32f1xx_hal_uart.o
 .text.HAL_MultiProcessor_EnterMuteMode
                0x00000000       0x54 ..\obj\stm32f1xx_hal_uart.o
 .text.HAL_MultiProcessor_ExitMuteMode
                0x00000000       0x54 ..\obj\stm32f1xx_hal_uart.o
 .text.HAL_HalfDuplex_EnableTransmitter
                0x00000000       0x58 ..\obj\stm32f1xx_hal_uart.o
 .text.HAL_HalfDuplex_EnableReceiver
                0x00000000       0x58 ..\obj\stm32f1xx_hal_uart.o
 .text.HAL_UART_GetState
                0x00000000       0x1c ..\obj\stm32f1xx_hal_uart.o
 .text.HAL_UART_GetError
                0x00000000       0x18 ..\obj\stm32f1xx_hal_uart.o
 .text.UART_DMATransmitCplt
                0x00000000       0x54 ..\obj\stm32f1xx_hal_uart.o
 .text.UART_DMATxHalfCplt
                0x00000000       0x1c ..\obj\stm32f1xx_hal_uart.o
 .text.UART_DMAReceiveCplt
                0x00000000       0x60 ..\obj\stm32f1xx_hal_uart.o
 .text.UART_DMARxHalfCplt
                0x00000000       0x1c ..\obj\stm32f1xx_hal_uart.o
 .text.UART_DMAError
                0x00000000       0x3c ..\obj\stm32f1xx_hal_uart.o
 .text.UART_Transmit_IT
                0x00000000       0xb8 ..\obj\stm32f1xx_hal_uart.o
 .text.UART_EndTransmit_IT
                0x00000000       0x48 ..\obj\stm32f1xx_hal_uart.o
 .text.UART_Receive_IT
                0x00000000      0x128 ..\obj\stm32f1xx_hal_uart.o
 .text          0x00000000        0x0 ..\obj\main.o
 .data          0x00000000        0x0 ..\obj\main.o
 .text          0x00000000        0x0 ..\obj\printf.o
 .data          0x00000000      0x428 ..\obj\printf.o
 .bss           0x00000000        0x0 ..\obj\printf.o
 .text.PutChar  0x00000000       0x20 ..\obj\printf.o
 .text.PutString
                0x00000000       0x3c ..\obj\printf.o
 .text.PutUnsignedInt
                0x00000000       0x9c ..\obj\printf.o
 .text.PutSignedInt
                0x00000000       0xf8 ..\obj\printf.o
 .text.PutHexa  0x00000000       0xd4 ..\obj\printf.o
 .text.vsnprintf
                0x00000000      0x254 ..\obj\printf.o
 .text.snprintf
                0x00000000       0x30 ..\obj\printf.o
 .text.vsprintf
                0x00000000       0x24 ..\obj\printf.o
 .rodata        0x00000000       0x24 ..\obj\printf.o
 .text.vfprintf
                0x00000000       0x68 ..\obj\printf.o
 .text.vprintf  0x00000000       0x28 ..\obj\printf.o
 .text.fprintf  0x00000000       0x2c ..\obj\printf.o
 .text.printf   0x00000000       0x28 ..\obj\printf.o
 .text.sprintf  0x00000000       0x2c ..\obj\printf.o
 .text          0x00000000        0x0 ..\obj\stm32f1xx_hal_flash.o
 .data          0x00000000        0x0 ..\obj\stm32f1xx_hal_flash.o
 .bss           0x00000000        0x0 ..\obj\stm32f1xx_hal_flash.o
 .text.HAL_FLASH_Program
                0x00000000       0xe4 ..\obj\stm32f1xx_hal_flash.o
 .text.HAL_FLASH_Program_IT
                0x00000000       0x90 ..\obj\stm32f1xx_hal_flash.o
 .text.HAL_FLASH_IRQHandler
                0x00000000      0x1c4 ..\obj\stm32f1xx_hal_flash.o
 .text.HAL_FLASH_EndOfOperationCallback
                0x00000000       0x14 ..\obj\stm32f1xx_hal_flash.o
 .text.HAL_FLASH_OperationErrorCallback
                0x00000000       0x14 ..\obj\stm32f1xx_hal_flash.o
 .text.HAL_FLASH_Unlock
                0x00000000       0x38 ..\obj\stm32f1xx_hal_flash.o
 .text.HAL_FLASH_Lock
                0x00000000       0x20 ..\obj\stm32f1xx_hal_flash.o
 .text.HAL_FLASH_OB_Unlock
                0x00000000       0x38 ..\obj\stm32f1xx_hal_flash.o
 .text.HAL_FLASH_OB_Lock
                0x00000000       0x20 ..\obj\stm32f1xx_hal_flash.o
 .text.HAL_FLASH_OB_Launch
                0x00000000       0x10 ..\obj\stm32f1xx_hal_flash.o
 .text.HAL_FLASH_GetError
                0x00000000       0x14 ..\obj\stm32f1xx_hal_flash.o
 .text.FLASH_Program_HalfWord
                0x00000000       0x38 ..\obj\stm32f1xx_hal_flash.o
 .text.FLASH_WaitForLastOperation
                0x00000000       0x8c ..\obj\stm32f1xx_hal_flash.o
 .text.FLASH_SetErrorCode
                0x00000000       0x70 ..\obj\stm32f1xx_hal_flash.o
 .debug_info    0x00000000      0x4e8 ..\obj\stm32f1xx_hal_flash.o
 .debug_abbrev  0x00000000      0x1df ..\obj\stm32f1xx_hal_flash.o
 .debug_aranges
                0x00000000       0x88 ..\obj\stm32f1xx_hal_flash.o
 .debug_ranges  0x00000000       0x78 ..\obj\stm32f1xx_hal_flash.o
 .debug_line    0x00000000      0x481 ..\obj\stm32f1xx_hal_flash.o
 .debug_str     0x00000000      0x538 ..\obj\stm32f1xx_hal_flash.o
 .comment       0x00000000       0x6f ..\obj\stm32f1xx_hal_flash.o
 .debug_frame   0x00000000      0x204 ..\obj\stm32f1xx_hal_flash.o
 .ARM.attributes
                0x00000000       0x33 ..\obj\stm32f1xx_hal_flash.o
 COMMON         0x00000000       0x20 ..\obj\stm32f1xx_hal_flash.o
 .text          0x00000000        0x0 ..\obj\stm32f1xx_hal_gpio.o
 .data          0x00000000        0x0 ..\obj\stm32f1xx_hal_gpio.o
 .bss           0x00000000        0x0 ..\obj\stm32f1xx_hal_gpio.o
 .text.HAL_GPIO_DeInit
                0x00000000      0x184 ..\obj\stm32f1xx_hal_gpio.o
 .text.HAL_GPIO_ReadPin
                0x00000000       0x30 ..\obj\stm32f1xx_hal_gpio.o
 .text.HAL_GPIO_TogglePin
                0x00000000       0x24 ..\obj\stm32f1xx_hal_gpio.o
 .text.HAL_GPIO_LockPin
                0x00000000       0x50 ..\obj\stm32f1xx_hal_gpio.o
 .text.HAL_GPIO_EXTI_IRQHandler
                0x00000000       0x30 ..\obj\stm32f1xx_hal_gpio.o
 .text.HAL_GPIO_EXTI_Callback
                0x00000000       0x14 ..\obj\stm32f1xx_hal_gpio.o
 .text          0x00000000        0x0 ..\obj\stm32f1xx_hal_dma.o
 .data          0x00000000        0x0 ..\obj\stm32f1xx_hal_dma.o
 .bss           0x00000000        0x0 ..\obj\stm32f1xx_hal_dma.o
 .text.HAL_DMA_Init
                0x00000000       0x94 ..\obj\stm32f1xx_hal_dma.o
 .text.HAL_DMA_DeInit
                0x00000000      0x1e0 ..\obj\stm32f1xx_hal_dma.o
 .text.HAL_DMA_Start
                0x00000000       0x64 ..\obj\stm32f1xx_hal_dma.o
 .text.HAL_DMA_Start_IT
                0x00000000       0x94 ..\obj\stm32f1xx_hal_dma.o
 .text.HAL_DMA_Abort
                0x00000000       0x7c ..\obj\stm32f1xx_hal_dma.o
 .text.HAL_DMA_PollForTransfer
                0x00000000      0x394 ..\obj\stm32f1xx_hal_dma.o
 .text.HAL_DMA_IRQHandler
                0x00000000      0x3e0 ..\obj\stm32f1xx_hal_dma.o
 .text.HAL_DMA_GetState
                0x00000000       0x18 ..\obj\stm32f1xx_hal_dma.o
 .text.HAL_DMA_GetError
                0x00000000       0x18 ..\obj\stm32f1xx_hal_dma.o
 .text.DMA_SetConfig
                0x00000000       0x4c ..\obj\stm32f1xx_hal_dma.o
 .debug_info    0x00000000      0x588 ..\obj\stm32f1xx_hal_dma.o
 .debug_abbrev  0x00000000      0x1b5 ..\obj\stm32f1xx_hal_dma.o
 .debug_aranges
                0x00000000       0x68 ..\obj\stm32f1xx_hal_dma.o
 .debug_ranges  0x00000000       0x58 ..\obj\stm32f1xx_hal_dma.o
 .debug_line    0x00000000      0x85e ..\obj\stm32f1xx_hal_dma.o
 .debug_str     0x00000000      0x526 ..\obj\stm32f1xx_hal_dma.o
 .comment       0x00000000       0x6f ..\obj\stm32f1xx_hal_dma.o
 .debug_frame   0x00000000      0x194 ..\obj\stm32f1xx_hal_dma.o
 .ARM.attributes
                0x00000000       0x33 ..\obj\stm32f1xx_hal_dma.o
 .text          0x00000000        0x0 ..\obj\stm32f1xx_hal_msp.o
 .data          0x00000000        0x0 ..\obj\stm32f1xx_hal_msp.o
 .bss           0x00000000        0x0 ..\obj\stm32f1xx_hal_msp.o
 .text.HAL_CAN_MspDeInit
                0x00000000       0x44 ..\obj\stm32f1xx_hal_msp.o
 .text.HAL_UART_MspDeInit
                0x00000000       0x3c ..\obj\stm32f1xx_hal_msp.o
 .text          0x00000000        0x0 ..\obj\stm32f1xx_hal_tim.o
 .data          0x00000000        0x0 ..\obj\stm32f1xx_hal_tim.o
 .bss           0x00000000        0x0 ..\obj\stm32f1xx_hal_tim.o
 .debug_info    0x00000000       0xa0 ..\obj\stm32f1xx_hal_tim.o
 .debug_abbrev  0x00000000       0x4b ..\obj\stm32f1xx_hal_tim.o
 .debug_aranges
                0x00000000       0x18 ..\obj\stm32f1xx_hal_tim.o
 .debug_line    0x00000000      0x12f ..\obj\stm32f1xx_hal_tim.o
 .debug_str     0x00000000      0x1e3 ..\obj\stm32f1xx_hal_tim.o
 .comment       0x00000000       0x6f ..\obj\stm32f1xx_hal_tim.o
 .ARM.attributes
                0x00000000       0x33 ..\obj\stm32f1xx_hal_tim.o
 .text          0x00000000        0x0 ..\obj\stm32f1xx_hal_flash_ex.o
 .data          0x00000000        0x0 ..\obj\stm32f1xx_hal_flash_ex.o
 .bss           0x00000000        0x0 ..\obj\stm32f1xx_hal_flash_ex.o
 .text.HAL_FLASHEx_Erase
                0x00000000       0xd8 ..\obj\stm32f1xx_hal_flash_ex.o
 .text.HAL_FLASHEx_Erase_IT
                0x00000000       0x84 ..\obj\stm32f1xx_hal_flash_ex.o
 .text.HAL_FLASHEx_OBErase
                0x00000000       0x84 ..\obj\stm32f1xx_hal_flash_ex.o
 .text.HAL_FLASHEx_OBProgram
                0x00000000       0xf8 ..\obj\stm32f1xx_hal_flash_ex.o
 .text.HAL_FLASHEx_OBGetConfig
                0x00000000       0x38 ..\obj\stm32f1xx_hal_flash_ex.o
 .text.HAL_FLASHEx_OBGetUserData
                0x00000000       0x6c ..\obj\stm32f1xx_hal_flash_ex.o
 .text.FLASH_MassErase
                0x00000000       0x38 ..\obj\stm32f1xx_hal_flash_ex.o
 .text.FLASH_OB_EnableWRP
                0x00000000      0x144 ..\obj\stm32f1xx_hal_flash_ex.o
 .text.FLASH_OB_DisableWRP
                0x00000000      0x140 ..\obj\stm32f1xx_hal_flash_ex.o
 .text.FLASH_OB_RDP_LevelConfig
                0x00000000       0xa0 ..\obj\stm32f1xx_hal_flash_ex.o
 .text.FLASH_OB_UserConfig
                0x00000000       0x70 ..\obj\stm32f1xx_hal_flash_ex.o
 .text.FLASH_OB_ProgramData
                0x00000000       0x68 ..\obj\stm32f1xx_hal_flash_ex.o
 .text.FLASH_OB_GetWRP
                0x00000000       0x14 ..\obj\stm32f1xx_hal_flash_ex.o
 .text.FLASH_OB_GetRDP
                0x00000000       0x38 ..\obj\stm32f1xx_hal_flash_ex.o
 .text.FLASH_OB_GetUser
                0x00000000       0x34 ..\obj\stm32f1xx_hal_flash_ex.o
 .text.FLASH_PageErase
                0x00000000       0x40 ..\obj\stm32f1xx_hal_flash_ex.o
 .debug_info    0x00000000      0x840 ..\obj\stm32f1xx_hal_flash_ex.o
 .debug_abbrev  0x00000000      0x265 ..\obj\stm32f1xx_hal_flash_ex.o
 .debug_aranges
                0x00000000       0x98 ..\obj\stm32f1xx_hal_flash_ex.o
 .debug_ranges  0x00000000       0x88 ..\obj\stm32f1xx_hal_flash_ex.o
 .debug_line    0x00000000      0x51e ..\obj\stm32f1xx_hal_flash_ex.o
 .debug_str     0x00000000      0x678 ..\obj\stm32f1xx_hal_flash_ex.o
 .comment       0x00000000       0x6f ..\obj\stm32f1xx_hal_flash_ex.o
 .debug_frame   0x00000000      0x260 ..\obj\stm32f1xx_hal_flash_ex.o
 .ARM.attributes
                0x00000000       0x33 ..\obj\stm32f1xx_hal_flash_ex.o
 .text          0x00000000        0x0 ..\obj\stm32f1xx_hal_tim_ex.o
 .data          0x00000000        0x0 ..\obj\stm32f1xx_hal_tim_ex.o
 .bss           0x00000000        0x0 ..\obj\stm32f1xx_hal_tim_ex.o
 .debug_info    0x00000000       0xa0 ..\obj\stm32f1xx_hal_tim_ex.o
 .debug_abbrev  0x00000000       0x4b ..\obj\stm32f1xx_hal_tim_ex.o
 .debug_aranges
                0x00000000       0x18 ..\obj\stm32f1xx_hal_tim_ex.o
 .debug_line    0x00000000      0x12f ..\obj\stm32f1xx_hal_tim_ex.o
 .debug_str     0x00000000      0x1e6 ..\obj\stm32f1xx_hal_tim_ex.o
 .comment       0x00000000       0x6f ..\obj\stm32f1xx_hal_tim_ex.o
 .ARM.attributes
                0x00000000       0x33 ..\obj\stm32f1xx_hal_tim_ex.o
 .text          0x00000000        0x0 c:/stm/gcc-arm-none-eabi-5_4-2016q3-20160926-win32/bin/../lib/gcc/arm-none-eabi/5.4.1/../../../../arm-none-eabi/lib/armv7-m\libc.a(lib_a-exit.o)
 .data          0x00000000        0x0 c:/stm/gcc-arm-none-eabi-5_4-2016q3-20160926-win32/bin/../lib/gcc/arm-none-eabi/5.4.1/../../../../arm-none-eabi/lib/armv7-m\libc.a(lib_a-exit.o)
 .bss           0x00000000        0x0 c:/stm/gcc-arm-none-eabi-5_4-2016q3-20160926-win32/bin/../lib/gcc/arm-none-eabi/5.4.1/../../../../arm-none-eabi/lib/armv7-m\libc.a(lib_a-exit.o)
 .text.exit     0x00000000       0x20 c:/stm/gcc-arm-none-eabi-5_4-2016q3-20160926-win32/bin/../lib/gcc/arm-none-eabi/5.4.1/../../../../arm-none-eabi/lib/armv7-m\libc.a(lib_a-exit.o)
 .debug_frame   0x00000000       0x28 c:/stm/gcc-arm-none-eabi-5_4-2016q3-20160926-win32/bin/../lib/gcc/arm-none-eabi/5.4.1/../../../../arm-none-eabi/lib/armv7-m\libc.a(lib_a-exit.o)
 .ARM.attributes
                0x00000000       0x2d c:/stm/gcc-arm-none-eabi-5_4-2016q3-20160926-win32/bin/../lib/gcc/arm-none-eabi/5.4.1/../../../../arm-none-eabi/lib/armv7-m\libc.a(lib_a-exit.o)
 .text          0x00000000        0x0 c:/stm/gcc-arm-none-eabi-5_4-2016q3-20160926-win32/bin/../lib/gcc/arm-none-eabi/5.4.1/../../../../arm-none-eabi/lib/armv7-m\libc.a(lib_a-impure.o)
 .data          0x00000000        0x0 c:/stm/gcc-arm-none-eabi-5_4-2016q3-20160926-win32/bin/../lib/gcc/arm-none-eabi/5.4.1/../../../../arm-none-eabi/lib/armv7-m\libc.a(lib_a-impure.o)
 .bss           0x00000000        0x0 c:/stm/gcc-arm-none-eabi-5_4-2016q3-20160926-win32/bin/../lib/gcc/arm-none-eabi/5.4.1/../../../../arm-none-eabi/lib/armv7-m\libc.a(lib_a-impure.o)
 .text          0x00000000        0x0 c:/stm/gcc-arm-none-eabi-5_4-2016q3-20160926-win32/bin/../lib/gcc/arm-none-eabi/5.4.1/../../../../arm-none-eabi/lib/armv7-m\libc.a(lib_a-init.o)
 .data          0x00000000        0x0 c:/stm/gcc-arm-none-eabi-5_4-2016q3-20160926-win32/bin/../lib/gcc/arm-none-eabi/5.4.1/../../../../arm-none-eabi/lib/armv7-m\libc.a(lib_a-init.o)
 .bss           0x00000000        0x0 c:/stm/gcc-arm-none-eabi-5_4-2016q3-20160926-win32/bin/../lib/gcc/arm-none-eabi/5.4.1/../../../../arm-none-eabi/lib/armv7-m\libc.a(lib_a-init.o)
 .text.__libc_init_array
                0x00000000       0x50 c:/stm/gcc-arm-none-eabi-5_4-2016q3-20160926-win32/bin/../lib/gcc/arm-none-eabi/5.4.1/../../../../arm-none-eabi/lib/armv7-m\libc.a(lib_a-init.o)
 .debug_frame   0x00000000       0x2c c:/stm/gcc-arm-none-eabi-5_4-2016q3-20160926-win32/bin/../lib/gcc/arm-none-eabi/5.4.1/../../../../arm-none-eabi/lib/armv7-m\libc.a(lib_a-init.o)
 .ARM.attributes
                0x00000000       0x2d c:/stm/gcc-arm-none-eabi-5_4-2016q3-20160926-win32/bin/../lib/gcc/arm-none-eabi/5.4.1/../../../../arm-none-eabi/lib/armv7-m\libc.a(lib_a-init.o)
 .text          0x00000000        0x0 c:/stm/gcc-arm-none-eabi-5_4-2016q3-20160926-win32/bin/../lib/gcc/arm-none-eabi/5.4.1/../../../../arm-none-eabi/lib/armv7-m\libc.a(lib_a-memset.o)
 .data          0x00000000        0x0 c:/stm/gcc-arm-none-eabi-5_4-2016q3-20160926-win32/bin/../lib/gcc/arm-none-eabi/5.4.1/../../../../arm-none-eabi/lib/armv7-m\libc.a(lib_a-memset.o)
 .bss           0x00000000        0x0 c:/stm/gcc-arm-none-eabi-5_4-2016q3-20160926-win32/bin/../lib/gcc/arm-none-eabi/5.4.1/../../../../arm-none-eabi/lib/armv7-m\libc.a(lib_a-memset.o)
 .text.memset   0x00000000       0x9c c:/stm/gcc-arm-none-eabi-5_4-2016q3-20160926-win32/bin/../lib/gcc/arm-none-eabi/5.4.1/../../../../arm-none-eabi/lib/armv7-m\libc.a(lib_a-memset.o)
 .debug_frame   0x00000000       0x34 c:/stm/gcc-arm-none-eabi-5_4-2016q3-20160926-win32/bin/../lib/gcc/arm-none-eabi/5.4.1/../../../../arm-none-eabi/lib/armv7-m\libc.a(lib_a-memset.o)
 .ARM.attributes
                0x00000000       0x2d c:/stm/gcc-arm-none-eabi-5_4-2016q3-20160926-win32/bin/../lib/gcc/arm-none-eabi/5.4.1/../../../../arm-none-eabi/lib/armv7-m\libc.a(lib_a-memset.o)
 .text          0x00000000        0x0 c:/stm/gcc-arm-none-eabi-5_4-2016q3-20160926-win32/bin/../lib/gcc/arm-none-eabi/5.4.1/../../../../arm-none-eabi/lib/armv7-m\libc.a(lib_a-__call_atexit.o)
 .data          0x00000000        0x0 c:/stm/gcc-arm-none-eabi-5_4-2016q3-20160926-win32/bin/../lib/gcc/arm-none-eabi/5.4.1/../../../../arm-none-eabi/lib/armv7-m\libc.a(lib_a-__call_atexit.o)
 .bss           0x00000000        0x0 c:/stm/gcc-arm-none-eabi-5_4-2016q3-20160926-win32/bin/../lib/gcc/arm-none-eabi/5.4.1/../../../../arm-none-eabi/lib/armv7-m\libc.a(lib_a-__call_atexit.o)
 .text.__call_exitprocs
                0x00000000       0xd8 c:/stm/gcc-arm-none-eabi-5_4-2016q3-20160926-win32/bin/../lib/gcc/arm-none-eabi/5.4.1/../../../../arm-none-eabi/lib/armv7-m\libc.a(lib_a-__call_atexit.o)
 .text          0x00000000        0x0 c:/stm/gcc-arm-none-eabi-5_4-2016q3-20160926-win32/bin/../lib/gcc/arm-none-eabi/5.4.1/../../../../arm-none-eabi/lib/armv7-m\libc.a(lib_a-atexit.o)
 .data          0x00000000        0x0 c:/stm/gcc-arm-none-eabi-5_4-2016q3-20160926-win32/bin/../lib/gcc/arm-none-eabi/5.4.1/../../../../arm-none-eabi/lib/armv7-m\libc.a(lib_a-atexit.o)
 .bss           0x00000000        0x0 c:/stm/gcc-arm-none-eabi-5_4-2016q3-20160926-win32/bin/../lib/gcc/arm-none-eabi/5.4.1/../../../../arm-none-eabi/lib/armv7-m\libc.a(lib_a-atexit.o)
 .text          0x00000000        0x0 c:/stm/gcc-arm-none-eabi-5_4-2016q3-20160926-win32/bin/../lib/gcc/arm-none-eabi/5.4.1/../../../../arm-none-eabi/lib/armv7-m\libc.a(lib_a-fini.o)
 .data          0x00000000        0x0 c:/stm/gcc-arm-none-eabi-5_4-2016q3-20160926-win32/bin/../lib/gcc/arm-none-eabi/5.4.1/../../../../arm-none-eabi/lib/armv7-m\libc.a(lib_a-fini.o)
 .bss           0x00000000        0x0 c:/stm/gcc-arm-none-eabi-5_4-2016q3-20160926-win32/bin/../lib/gcc/arm-none-eabi/5.4.1/../../../../arm-none-eabi/lib/armv7-m\libc.a(lib_a-fini.o)
 .text          0x00000000        0x0 c:/stm/gcc-arm-none-eabi-5_4-2016q3-20160926-win32/bin/../lib/gcc/arm-none-eabi/5.4.1/../../../../arm-none-eabi/lib/armv7-m\libc.a(lib_a-__atexit.o)
 .data          0x00000000        0x0 c:/stm/gcc-arm-none-eabi-5_4-2016q3-20160926-win32/bin/../lib/gcc/arm-none-eabi/5.4.1/../../../../arm-none-eabi/lib/armv7-m\libc.a(lib_a-__atexit.o)
 .bss           0x00000000        0x0 c:/stm/gcc-arm-none-eabi-5_4-2016q3-20160926-win32/bin/../lib/gcc/arm-none-eabi/5.4.1/../../../../arm-none-eabi/lib/armv7-m\libc.a(lib_a-__atexit.o)
 .text          0x00000000        0x0 c:/stm/gcc-arm-none-eabi-5_4-2016q3-20160926-win32/bin/../lib/gcc/arm-none-eabi/5.4.1/../../../../arm-none-eabi/lib/armv7-m\librdimon.a(rdimon-_exit.o)
 .data          0x00000000        0x0 c:/stm/gcc-arm-none-eabi-5_4-2016q3-20160926-win32/bin/../lib/gcc/arm-none-eabi/5.4.1/../../../../arm-none-eabi/lib/armv7-m\librdimon.a(rdimon-_exit.o)
 .bss           0x00000000        0x0 c:/stm/gcc-arm-none-eabi-5_4-2016q3-20160926-win32/bin/../lib/gcc/arm-none-eabi/5.4.1/../../../../arm-none-eabi/lib/armv7-m\librdimon.a(rdimon-_exit.o)
 .text._exit    0x00000000        0x8 c:/stm/gcc-arm-none-eabi-5_4-2016q3-20160926-win32/bin/../lib/gcc/arm-none-eabi/5.4.1/../../../../arm-none-eabi/lib/armv7-m\librdimon.a(rdimon-_exit.o)
 .debug_frame   0x00000000       0x20 c:/stm/gcc-arm-none-eabi-5_4-2016q3-20160926-win32/bin/../lib/gcc/arm-none-eabi/5.4.1/../../../../arm-none-eabi/lib/armv7-m\librdimon.a(rdimon-_exit.o)
 .ARM.attributes
                0x00000000       0x2d c:/stm/gcc-arm-none-eabi-5_4-2016q3-20160926-win32/bin/../lib/gcc/arm-none-eabi/5.4.1/../../../../arm-none-eabi/lib/armv7-m\librdimon.a(rdimon-_exit.o)
 .text          0x00000000        0x0 c:/stm/gcc-arm-none-eabi-5_4-2016q3-20160926-win32/bin/../lib/gcc/arm-none-eabi/5.4.1/../../../../arm-none-eabi/lib/armv7-m\librdimon.a(rdimon-_kill.o)
 .data          0x00000000        0x0 c:/stm/gcc-arm-none-eabi-5_4-2016q3-20160926-win32/bin/../lib/gcc/arm-none-eabi/5.4.1/../../../../arm-none-eabi/lib/armv7-m\librdimon.a(rdimon-_kill.o)
 .bss           0x00000000        0x0 c:/stm/gcc-arm-none-eabi-5_4-2016q3-20160926-win32/bin/../lib/gcc/arm-none-eabi/5.4.1/../../../../arm-none-eabi/lib/armv7-m\librdimon.a(rdimon-_kill.o)
 .text._kill    0x00000000       0x20 c:/stm/gcc-arm-none-eabi-5_4-2016q3-20160926-win32/bin/../lib/gcc/arm-none-eabi/5.4.1/../../../../arm-none-eabi/lib/armv7-m\librdimon.a(rdimon-_kill.o)
 .debug_frame   0x00000000       0x2c c:/stm/gcc-arm-none-eabi-5_4-2016q3-20160926-win32/bin/../lib/gcc/arm-none-eabi/5.4.1/../../../../arm-none-eabi/lib/armv7-m\librdimon.a(rdimon-_kill.o)
 .ARM.attributes
                0x00000000       0x2d c:/stm/gcc-arm-none-eabi-5_4-2016q3-20160926-win32/bin/../lib/gcc/arm-none-eabi/5.4.1/../../../../arm-none-eabi/lib/armv7-m\librdimon.a(rdimon-_kill.o)
 .text          0x00000000        0x0 c:/stm/gcc-arm-none-eabi-5_4-2016q3-20160926-win32/bin/../lib/gcc/arm-none-eabi/5.4.1/armv7-m/crtend.o
 .data          0x00000000        0x0 c:/stm/gcc-arm-none-eabi-5_4-2016q3-20160926-win32/bin/../lib/gcc/arm-none-eabi/5.4.1/armv7-m/crtend.o
 .bss           0x00000000        0x0 c:/stm/gcc-arm-none-eabi-5_4-2016q3-20160926-win32/bin/../lib/gcc/arm-none-eabi/5.4.1/armv7-m/crtend.o
 .eh_frame      0x00000000        0x4 c:/stm/gcc-arm-none-eabi-5_4-2016q3-20160926-win32/bin/../lib/gcc/arm-none-eabi/5.4.1/armv7-m/crtend.o
 .text          0x00000000        0x0 c:/stm/gcc-arm-none-eabi-5_4-2016q3-20160926-win32/bin/../lib/gcc/arm-none-eabi/5.4.1/armv7-m/crtn.o
 .data          0x00000000        0x0 c:/stm/gcc-arm-none-eabi-5_4-2016q3-20160926-win32/bin/../lib/gcc/arm-none-eabi/5.4.1/armv7-m/crtn.o
 .bss           0x00000000        0x0 c:/stm/gcc-arm-none-eabi-5_4-2016q3-20160926-win32/bin/../lib/gcc/arm-none-eabi/5.4.1/armv7-m/crtn.o

Memory Configuration

Name             Origin             Length             Attributes
rom              0x08000000         0x00010000         xr
ram              0x20000000         0x00005000         xrw
*default*        0x00000000         0xffffffff

Linker script and memory map

LOAD c:/stm/gcc-arm-none-eabi-5_4-2016q3-20160926-win32/bin/../lib/gcc/arm-none-eabi/5.4.1/armv7-m/crti.o
LOAD c:/stm/gcc-arm-none-eabi-5_4-2016q3-20160926-win32/bin/../lib/gcc/arm-none-eabi/5.4.1/armv7-m/crtbegin.o
LOAD c:/stm/gcc-arm-none-eabi-5_4-2016q3-20160926-win32/bin/../lib/gcc/arm-none-eabi/5.4.1/../../../../arm-none-eabi/lib/armv7-m/crt0.o
                0x20005000                _eram = 0x20005000

.text           0x08000000     0x349c
 *(.isr_vector)
 .isr_vector    0x08000000      0x10c ..\obj\startup_stm32f10x_md.o
                0x08000000                g_pfnVectors
 *(.text*)
 .text          0x0800010c       0x5c c:/stm/gcc-arm-none-eabi-5_4-2016q3-20160926-win32/bin/../lib/gcc/arm-none-eabi/5.4.1/armv7-m/crtbegin.o
 .text.HAL_CAN_Init
                0x08000168      0x1c4 ..\obj\stm32f1xx_hal_can.o
                0x08000168                HAL_CAN_Init
 .text.HAL_CAN_ConfigFilter
                0x0800032c      0x1a4 ..\obj\stm32f1xx_hal_can.o
                0x0800032c                HAL_CAN_ConfigFilter
 .text.HAL_CAN_Transmit
                0x080004d0      0x2ec ..\obj\stm32f1xx_hal_can.o
                0x080004d0                HAL_CAN_Transmit
 .text.HAL_CAN_Receive_IT
                0x080007bc       0xb4 ..\obj\stm32f1xx_hal_can.o
                0x080007bc                HAL_CAN_Receive_IT
 .text.HAL_CAN_IRQHandler
                0x08000870      0x22c ..\obj\stm32f1xx_hal_can.o
                0x08000870                HAL_CAN_IRQHandler
 .text.HAL_CAN_TxCpltCallback
                0x08000a9c       0x14 ..\obj\stm32f1xx_hal_can.o
                0x08000a9c                HAL_CAN_TxCpltCallback
 .text.HAL_CAN_ErrorCallback
                0x08000ab0       0x14 ..\obj\stm32f1xx_hal_can.o
                0x08000ab0                HAL_CAN_ErrorCallback
 .text.CAN_Transmit_IT
                0x08000ac4       0x64 ..\obj\stm32f1xx_hal_can.o
 .text.CAN_Receive_IT
                0x08000b28      0x208 ..\obj\stm32f1xx_hal_can.o
 .text.HAL_Init
                0x08000d30       0x2c ..\obj\stm32f1xx_hal.o
                0x08000d30                HAL_Init
 .text.HAL_InitTick
                0x08000d5c       0x38 ..\obj\stm32f1xx_hal.o
                0x08000d5c                HAL_InitTick
 .text.HAL_IncTick
                0x08000d94       0x1c ..\obj\stm32f1xx_hal.o
                0x08000d94                HAL_IncTick
 .text.HAL_GetTick
                0x08000db0       0x14 ..\obj\stm32f1xx_hal.o
                0x08000db0                HAL_GetTick
 .text.HAL_Delay
                0x08000dc4       0x2c ..\obj\stm32f1xx_hal.o
                0x08000dc4                HAL_Delay
 .text.NMI_Handler
                0x08000df0        0xc ..\obj\stm32f1xx_it.o
                0x08000df0                NMI_Handler
 .text.HardFault_Handler
                0x08000dfc        0x8 ..\obj\stm32f1xx_it.o
                0x08000dfc                HardFault_Handler
 .text.MemManage_Handler
                0x08000e04        0x8 ..\obj\stm32f1xx_it.o
                0x08000e04                MemManage_Handler
 .text.BusFault_Handler
                0x08000e0c        0x8 ..\obj\stm32f1xx_it.o
                0x08000e0c                BusFault_Handler
 .text.UsageFault_Handler
                0x08000e14        0x8 ..\obj\stm32f1xx_it.o
                0x08000e14                UsageFault_Handler
 .text.SVC_Handler
                0x08000e1c        0xc ..\obj\stm32f1xx_it.o
                0x08000e1c                SVC_Handler
 .text.DebugMon_Handler
                0x08000e28        0xc ..\obj\stm32f1xx_it.o
                0x08000e28                DebugMon_Handler
 .text.PendSV_Handler
                0x08000e34        0xc ..\obj\stm32f1xx_it.o
                0x08000e34                PendSV_Handler
 .text.SysTick_Handler
                0x08000e40       0x10 ..\obj\stm32f1xx_it.o
                0x08000e40                SysTick_Handler
 .text.CAN1_RX1_IRQHandler
                0x08000e50       0x14 ..\obj\stm32f1xx_it.o
                0x08000e50                CAN1_RX1_IRQHandler
 .text.NVIC_SetPriorityGrouping
                0x08000e64       0x48 ..\obj\stm32f1xx_hal_cortex.o
 .text.NVIC_GetPriorityGrouping
                0x08000eac       0x1c ..\obj\stm32f1xx_hal_cortex.o
 .text.NVIC_EnableIRQ
                0x08000ec8       0x30 ..\obj\stm32f1xx_hal_cortex.o
 .text.NVIC_SetPriority
                0x08000ef8       0x54 ..\obj\stm32f1xx_hal_cortex.o
 .text.NVIC_EncodePriority
                0x08000f4c       0x60 ..\obj\stm32f1xx_hal_cortex.o
 .text.SysTick_Config
                0x08000fac       0x44 ..\obj\stm32f1xx_hal_cortex.o
 .text.HAL_NVIC_SetPriorityGrouping
                0x08000ff0       0x18 ..\obj\stm32f1xx_hal_cortex.o
                0x08000ff0                HAL_NVIC_SetPriorityGrouping
 .text.HAL_NVIC_SetPriority
                0x08001008       0x38 ..\obj\stm32f1xx_hal_cortex.o
                0x08001008                HAL_NVIC_SetPriority
 .text.HAL_NVIC_EnableIRQ
                0x08001040       0x1c ..\obj\stm32f1xx_hal_cortex.o
                0x08001040                HAL_NVIC_EnableIRQ
 .text.HAL_SYSTICK_Config
                0x0800105c       0x18 ..\obj\stm32f1xx_hal_cortex.o
                0x0800105c                HAL_SYSTICK_Config
 .text.HAL_SYSTICK_CLKSourceConfig
                0x08001074       0x38 ..\obj\stm32f1xx_hal_cortex.o
                0x08001074                HAL_SYSTICK_CLKSourceConfig
 .text.HAL_SYSTICK_IRQHandler
                0x080010ac        0xc ..\obj\stm32f1xx_hal_cortex.o
                0x080010ac                HAL_SYSTICK_IRQHandler
 .text.HAL_SYSTICK_Callback
                0x080010b8        0xc ..\obj\stm32f1xx_hal_cortex.o
                0x080010b8                HAL_SYSTICK_Callback
 .text.SystemInit
                0x080010c4       0x68 ..\obj\system_stm32f1xx.o
                0x080010c4                SystemInit
 .text.HAL_RCC_OscConfig
                0x0800112c      0xe40 ..\obj\stm32f1xx_hal_rcc.o
                0x0800112c                HAL_RCC_OscConfig
 .text.HAL_RCC_ClockConfig
                0x08001f6c      0x378 ..\obj\stm32f1xx_hal_rcc.o
                0x08001f6c                HAL_RCC_ClockConfig
 .text.HAL_RCC_GetSysClockFreq
                0x080022e4       0xf4 ..\obj\stm32f1xx_hal_rcc.o
                0x080022e4                HAL_RCC_GetSysClockFreq
 .text.HAL_RCC_GetHCLKFreq
                0x080023d8       0x14 ..\obj\stm32f1xx_hal_rcc.o
                0x080023d8                HAL_RCC_GetHCLKFreq
 .text.HAL_RCC_GetPCLK1Freq
                0x080023ec       0x44 ..\obj\stm32f1xx_hal_rcc.o
                0x080023ec                HAL_RCC_GetPCLK1Freq
 .text.HAL_RCC_GetPCLK2Freq
                0x08002430       0x44 ..\obj\stm32f1xx_hal_rcc.o
                0x08002430                HAL_RCC_GetPCLK2Freq
 .text.Default_Reset_Handler
                0x08002474       0x60 ..\obj\startup_stm32f10x_md.o
                0x08002474                Default_Reset_Handler
                0x08002474                Reset_Handler
 .text.Default_Handler
                0x080024d4        0x8 ..\obj\startup_stm32f10x_md.o
                0x080024d4                EXTI2_IRQHandler
                0x080024d4                TIM1_CC_IRQHandler
                0x080024d4                PVD_IRQHandler
                0x080024d4                EXTI3_IRQHandler
                0x080024d4                EXTI0_IRQHandler
                0x080024d4                I2C2_EV_IRQHandler
                0x080024d4                ADC1_2_IRQHandler
                0x080024d4                SPI1_IRQHandler
                0x080024d4                TAMPER_IRQHandler
                0x080024d4                DMA1_Channel4_IRQHandler
                0x080024d4                USART3_IRQHandler
                0x080024d4                RTC_IRQHandler
                0x080024d4                DMA1_Channel7_IRQHandler
                0x080024d4                TIM4_IRQHandler
                0x080024d4                I2C1_EV_IRQHandler
                0x080024d4                DMA1_Channel6_IRQHandler
                0x080024d4                TIM3_IRQHandler
                0x080024d4                RCC_IRQHandler
                0x080024d4                TIM1_TRG_COM_IRQHandler
                0x080024d4                DMA1_Channel1_IRQHandler
                0x080024d4                EXTI15_10_IRQHandler
                0x080024d4                EXTI9_5_IRQHandler
                0x080024d4                SPI2_IRQHandler
                0x080024d4                DMA1_Channel5_IRQHandler
                0x080024d4                EXTI4_IRQHandler
                0x080024d4                USB_LP_CAN1_RX0_IRQHandler
                0x080024d4                USB_HP_CAN1_TX_IRQHandler
                0x080024d4                DMA1_Channel3_IRQHandler
                0x080024d4                TIM1_UP_IRQHandler
                0x080024d4                WWDG_IRQHandler
                0x080024d4                TIM2_IRQHandler
                0x080024d4                TIM1_BRK_IRQHandler
                0x080024d4                EXTI1_IRQHandler
                0x080024d4                RTCAlarm_IRQHandler
                0x080024d4                USART2_IRQHandler
                0x080024d4                I2C2_ER_IRQHandler
                0x080024d4                DMA1_Channel2_IRQHandler
                0x080024d4                CAN1_SCE_IRQHandler
                0x080024d4                FLASH_IRQHandler
                0x080024d4                USART1_IRQHandler
                0x080024d4                I2C1_ER_IRQHandler
                0x080024d4                USBWakeUp_IRQHandler
 .text.HAL_UART_Init
                0x080024dc       0x94 ..\obj\stm32f1xx_hal_uart.o
                0x080024dc                HAL_UART_Init
 .text.HAL_UART_Transmit
                0x08002570      0x150 ..\obj\stm32f1xx_hal_uart.o
                0x08002570                HAL_UART_Transmit
 .text.UART_WaitOnFlagUntilTimeout
                0x080026c0      0x134 ..\obj\stm32f1xx_hal_uart.o
 .text.UART_SetConfig
                0x080027f4      0x22c ..\obj\stm32f1xx_hal_uart.o
 .text.ITM_SendChar
                0x08002a20       0x4c ..\obj\main.o
 .text.main     0x08002a6c       0xf8 ..\obj\main.o
                0x08002a6c                main
 .text.SystemClock_Config
                0x08002b64       0xa4 ..\obj\main.o
                0x08002b64                SystemClock_Config
 .text.MX_CAN_Init
                0x08002c08       0x74 ..\obj\main.o
 .text.MX_USART1_UART_Init
                0x08002c7c       0x5c ..\obj\main.o
 .text.MX_GPIO_Init
                0x08002cd8       0x9c ..\obj\main.o
 .text.HAL_CAN_RxCpltCallback
                0x08002d74       0x2c ..\obj\main.o
                0x08002d74                HAL_CAN_RxCpltCallback
 .text.__io_putchar
                0x08002da0       0x1c ..\obj\main.o
                0x08002da0                __io_putchar
 .text._Error_Handler
                0x08002dbc        0xc ..\obj\main.o
                0x08002dbc                _Error_Handler
 .text.PrintChar
                0x08002dc8       0x14 ..\obj\printf.o
                0x08002dc8                PrintChar
 .text.puts     0x08002ddc       0x38 ..\obj\printf.o
                0x08002ddc                puts
 .text.fputc    0x08002e14       0x40 ..\obj\printf.o
                0x08002e14                fputc
 .text.fputs    0x08002e54       0x48 ..\obj\printf.o
                0x08002e54                fputs
 .text.HAL_GPIO_Init
                0x08002e9c      0x2bc ..\obj\stm32f1xx_hal_gpio.o
                0x08002e9c                HAL_GPIO_Init
 .text.HAL_GPIO_WritePin
                0x08003158       0x30 ..\obj\stm32f1xx_hal_gpio.o
                0x08003158                HAL_GPIO_WritePin
 .text.HAL_MspInit
                0x08003188       0x98 ..\obj\stm32f1xx_hal_msp.o
                0x08003188                HAL_MspInit
 .text.HAL_CAN_MspInit
                0x08003220       0x84 ..\obj\stm32f1xx_hal_msp.o
                0x08003220                HAL_CAN_MspInit
 .text.HAL_UART_MspInit
                0x080032a4       0x74 ..\obj\stm32f1xx_hal_msp.o
                0x080032a4                HAL_UART_MspInit
 .text.startup.register_fini
                0x08003318       0x14 c:/stm/gcc-arm-none-eabi-5_4-2016q3-20160926-win32/bin/../lib/gcc/arm-none-eabi/5.4.1/../../../../arm-none-eabi/lib/armv7-m\libc.a(lib_a-__call_atexit.o)
 .text.atexit   0x0800332c        0xc c:/stm/gcc-arm-none-eabi-5_4-2016q3-20160926-win32/bin/../lib/gcc/arm-none-eabi/5.4.1/../../../../arm-none-eabi/lib/armv7-m\libc.a(lib_a-atexit.o)
                0x0800332c                atexit
 .text.__libc_fini_array
                0x08003338       0x28 c:/stm/gcc-arm-none-eabi-5_4-2016q3-20160926-win32/bin/../lib/gcc/arm-none-eabi/5.4.1/../../../../arm-none-eabi/lib/armv7-m\libc.a(lib_a-fini.o)
                0x08003338                __libc_fini_array
 .text.__register_exitproc
                0x08003360       0xa4 c:/stm/gcc-arm-none-eabi-5_4-2016q3-20160926-win32/bin/../lib/gcc/arm-none-eabi/5.4.1/../../../../arm-none-eabi/lib/armv7-m\libc.a(lib_a-__atexit.o)
                0x08003360                __register_exitproc
 *(.init)
 .init          0x08003404        0x4 c:/stm/gcc-arm-none-eabi-5_4-2016q3-20160926-win32/bin/../lib/gcc/arm-none-eabi/5.4.1/armv7-m/crti.o
                0x08003404                _init
 .init          0x08003408        0x8 c:/stm/gcc-arm-none-eabi-5_4-2016q3-20160926-win32/bin/../lib/gcc/arm-none-eabi/5.4.1/armv7-m/crtn.o
 *(.fini)
 .fini          0x08003410        0x4 c:/stm/gcc-arm-none-eabi-5_4-2016q3-20160926-win32/bin/../lib/gcc/arm-none-eabi/5.4.1/armv7-m/crti.o
                0x08003410                _fini
 .fini          0x08003414        0x8 c:/stm/gcc-arm-none-eabi-5_4-2016q3-20160926-win32/bin/../lib/gcc/arm-none-eabi/5.4.1/armv7-m/crtn.o
 *crtbegin.o(.ctors)
 *crtbegin?.o(.ctors)
 *(EXCLUDE_FILE(*crtend.o *crtend?.o) .ctors)
 *(SORT(.ctors.*))
 *(.ctors)
 *crtbegin.o(.dtors)
 *crtbegin?.o(.dtors)
 *(EXCLUDE_FILE(*crtend.o *crtend?.o) .dtors)
 *(SORT(.dtors.*))
 *(.dtors)
 *(.rodata*)
 .rodata        0x0800341c       0x18 ..\obj\system_stm32f1xx.o
                0x0800341c                AHBPrescTable
                0x0800342c                APBPrescTable
 .rodata        0x08003434       0x12 ..\obj\stm32f1xx_hal_rcc.o
 *fill*         0x08003446        0x2 
 .rodata        0x08003448       0x4e ..\obj\main.o
 *fill*         0x08003496        0x2 
 .rodata._global_impure_ptr
                0x08003498        0x4 c:/stm/gcc-arm-none-eabi-5_4-2016q3-20160926-win32/bin/../lib/gcc/arm-none-eabi/5.4.1/../../../../arm-none-eabi/lib/armv7-m\libc.a(lib_a-impure.o)
                0x08003498                _global_impure_ptr
 *(.eh_fram e*)

.eh_frame       0x0800349c        0x0
 .eh_frame      0x0800349c        0x0 c:/stm/gcc-arm-none-eabi-5_4-2016q3-20160926-win32/bin/../lib/gcc/arm-none-eabi/5.4.1/armv7-m/crtbegin.o

.glue_7         0x0800349c        0x0
 .glue_7        0x0800349c        0x0 linker stubs

.glue_7t        0x0800349c        0x0
 .glue_7t       0x0800349c        0x0 linker stubs

.vfp11_veneer   0x0800349c        0x0
 .vfp11_veneer  0x0800349c        0x0 linker stubs

.v4_bx          0x0800349c        0x0
 .v4_bx         0x0800349c        0x0 linker stubs

.iplt           0x0800349c        0x0
 .iplt          0x0800349c        0x0 c:/stm/gcc-arm-none-eabi-5_4-2016q3-20160926-win32/bin/../lib/gcc/arm-none-eabi/5.4.1/armv7-m/crtbegin.o

.rel.dyn        0x0800349c        0x0
 .rel.iplt      0x0800349c        0x0 c:/stm/gcc-arm-none-eabi-5_4-2016q3-20160926-win32/bin/../lib/gcc/arm-none-eabi/5.4.1/armv7-m/crtbegin.o

.ARM.extab
 *(.ARM.extab* .gnu.linkonce.armextab.*)
                0x0800349c                __exidx_start = .

.ARM.exidx
 *(.ARM.exidx* .gnu.linkonce.armexidx.*)
                0x0800349c                __exidx_end = .
                0x0800349c                __etext = .
                0x0800349c                _sidata = __etext

.data           0x20000000      0x444 load address 0x0800349c
                0x20000000                __data_start__ = .
                0x20000000                _sdata = __data_start__
 *(vtable)
 *(.data*)
 .data          0x20000000        0x4 ..\obj\system_stm32f1xx.o
                0x20000000                SystemCoreClock
 *fill*         0x20000004        0x4 
 .data.impure_data
                0x20000008      0x428 c:/stm/gcc-arm-none-eabi-5_4-2016q3-20160926-win32/bin/../lib/gcc/arm-none-eabi/5.4.1/../../../../arm-none-eabi/lib/armv7-m\libc.a(lib_a-impure.o)
 .data._impure_ptr
                0x20000430        0x4 c:/stm/gcc-arm-none-eabi-5_4-2016q3-20160926-win32/bin/../lib/gcc/arm-none-eabi/5.4.1/../../../../arm-none-eabi/lib/armv7-m\libc.a(lib_a-impure.o)
                0x20000430                _impure_ptr
                0x20000434                . = ALIGN (0x4)
                0x20000434                PROVIDE (__preinit_array_start, .)
 *(.preinit_array)
                0x20000434                PROVIDE (__preinit_array_end, .)
                0x20000434                . = ALIGN (0x4)
                0x20000434                PROVIDE (__init_array_start, .)
 *(SORT(.init_array.*))
 .init_array.00000
                0x20000434        0x4 c:/stm/gcc-arm-none-eabi-5_4-2016q3-20160926-win32/bin/../lib/gcc/arm-none-eabi/5.4.1/../../../../arm-none-eabi/lib/armv7-m\libc.a(lib_a-__call_atexit.o)
 *(.init_array)
 .init_array    0x20000438        0x4 c:/stm/gcc-arm-none-eabi-5_4-2016q3-20160926-win32/bin/../lib/gcc/arm-none-eabi/5.4.1/armv7-m/crtbegin.o
                0x2000043c                PROVIDE (__init_array_end, .)
                0x2000043c                . = ALIGN (0x4)
                0x2000043c                PROVIDE (__fini_array_start, .)
 *(SORT(.fini_array.*))
 *(.fini_array)
 .fini_array    0x2000043c        0x4 c:/stm/gcc-arm-none-eabi-5_4-2016q3-20160926-win32/bin/../lib/gcc/arm-none-eabi/5.4.1/armv7-m/crtbegin.o
                0x20000440                PROVIDE (__fini_array_end, .)
 *(.jcr*)
 .jcr           0x20000440        0x0 c:/stm/gcc-arm-none-eabi-5_4-2016q3-20160926-win32/bin/../lib/gcc/arm-none-eabi/5.4.1/armv7-m/crtbegin.o
 .jcr           0x20000440        0x4 c:/stm/gcc-arm-none-eabi-5_4-2016q3-20160926-win32/bin/../lib/gcc/arm-none-eabi/5.4.1/armv7-m/crtend.o
                0x20000444                . = ALIGN (0x4)
                0x20000444                __data_end__ = .
                0x20000444                _edata = __data_end__

.igot.plt       0x20000444        0x0 load address 0x080038e0
 .igot.plt      0x20000444        0x0 c:/stm/gcc-arm-none-eabi-5_4-2016q3-20160926-win32/bin/../lib/gcc/arm-none-eabi/5.4.1/armv7-m/crtbegin.o

.bss            0x20000444      0x280 load address 0x080038e0
                0x20000444                . = ALIGN (0x4)
                0x20000444                __bss_start__ = .
                0x20000444                _sbss = __bss_start__
 *(.bss*)
 .bss           0x20000444       0x1c c:/stm/gcc-arm-none-eabi-5_4-2016q3-20160926-win32/bin/../lib/gcc/arm-none-eabi/5.4.1/armv7-m/crtbegin.o
 .bss           0x20000460        0x4 ..\obj\stm32f1xx_hal.o
 .bss           0x20000464       0x40 ..\obj\main.o
 *(COMMON)
 COMMON         0x200004a4      0x220 ..\obj\main.o
                0x200004a4                DATA
                0x200004ac                hhal_state
                0x200004b0                hcan
                0x200004f0                can_tx_data
                0x200005b8                huart1
                0x200005f8                CAN_ID
                0x200005fa                CAN_DLC
                0x200005fc                can_rx_data
                0x200006c4                . = ALIGN (0x4)
                0x200006c4                __bss_end__ = .
                0x200006c4                _ebss = __bss_end__

.heap           0x200006c4        0x0
                0x200006c4                __end__ = .
                0x200006c4                _end = __end__
                0x200006c4                end = __end__
 *(.heap*)
                0x200006c4                __HeapLimit = .

.co_stack       0x200006c4      0x404 load address 0x08003b60
                0x200006c8                . = ALIGN (0x8)
 *fill*         0x200006c4        0x4 
 *(.co_stack .co_stack.*)
 .co_stack      0x200006c8      0x400 ..\obj\startup_stm32f10x_md.o
                0x200006c8                pulStack
                0x20005000                __StackTop = (ORIGIN (ram) + LENGTH (ram))
                0x20004bfc                __StackLimit = (__StackTop - SIZEOF (.co_stack))
                0x20005000                PROVIDE (__stack, __StackTop)
                0x00000001                ASSERT ((__StackLimit >= __HeapLimit), region ram  overflowed with stack)
LOAD ..\obj\stm32f1xx_hal_rcc_ex.o
LOAD ..\obj\stm32f1xx_hal_pwr.o
LOAD ..\obj\stm32f1xx_hal_can.o
LOAD ..\obj\stm32f1xx_hal.o
LOAD ..\obj\stm32f1xx_it.o
LOAD ..\obj\stm32f1xx_hal_gpio_ex.o
LOAD ..\obj\stm32f1xx_hal_cortex.o
LOAD ..\obj\system_stm32f1xx.o
LOAD ..\obj\stm32f1xx_hal_rcc.o
LOAD ..\obj\startup_stm32f10x_md.o
LOAD ..\obj\stm32f1xx_hal_uart.o
LOAD ..\obj\main.o
LOAD ..\obj\printf.o
LOAD ..\obj\stm32f1xx_hal_flash.o
LOAD ..\obj\stm32f1xx_hal_gpio.o
LOAD ..\obj\stm32f1xx_hal_dma.o
LOAD ..\obj\stm32f1xx_hal_msp.o
LOAD ..\obj\stm32f1xx_hal_tim.o
LOAD ..\obj\stm32f1xx_hal_flash_ex.o
LOAD ..\obj\stm32f1xx_hal_tim_ex.o
LOAD c:/stm/gcc-arm-none-eabi-5_4-2016q3-20160926-win32/bin/../lib/gcc/arm-none-eabi/5.4.1/../../../../arm-none-eabi/lib/armv7-m\libm.a
LOAD c:/stm/gcc-arm-none-eabi-5_4-2016q3-20160926-win32/bin/../lib/gcc/arm-none-eabi/5.4.1/armv7-m\libgcc.a
LOAD c:/stm/gcc-arm-none-eabi-5_4-2016q3-20160926-win32/bin/../lib/gcc/arm-none-eabi/5.4.1/../../../../arm-none-eabi/lib/armv7-m\libc.a
LOAD c:/stm/gcc-arm-none-eabi-5_4-2016q3-20160926-win32/bin/../lib/gcc/arm-none-eabi/5.4.1/../../../../arm-none-eabi/lib/armv7-m\librdimon.a
LOAD c:/stm/gcc-arm-none-eabi-5_4-2016q3-20160926-win32/bin/../lib/gcc/arm-none-eabi/5.4.1/../../../../arm-none-eabi/lib/armv7-m\libstdc++.a
START GROUP
LOAD c:/stm/gcc-arm-none-eabi-5_4-2016q3-20160926-win32/bin/../lib/gcc/arm-none-eabi/5.4.1/armv7-m\libgcc.a
LOAD c:/stm/gcc-arm-none-eabi-5_4-2016q3-20160926-win32/bin/../lib/gcc/arm-none-eabi/5.4.1/../../../../arm-none-eabi/lib/armv7-m\libg.a
LOAD c:/stm/gcc-arm-none-eabi-5_4-2016q3-20160926-win32/bin/../lib/gcc/arm-none-eabi/5.4.1/../../../../arm-none-eabi/lib/armv7-m\libc.a
END GROUP
LOAD c:/stm/gcc-arm-none-eabi-5_4-2016q3-20160926-win32/bin/../lib/gcc/arm-none-eabi/5.4.1/armv7-m/crtend.o
LOAD c:/stm/gcc-arm-none-eabi-5_4-2016q3-20160926-win32/bin/../lib/gcc/arm-none-eabi/5.4.1/armv7-m/crtn.o
OUTPUT(CAN_SPI_Master.elf elf32-littlearm)

.ARM.attributes
                0x00000000       0x29
 .ARM.attributes
                0x00000000       0x1d c:/stm/gcc-arm-none-eabi-5_4-2016q3-20160926-win32/bin/../lib/gcc/arm-none-eabi/5.4.1/armv7-m/crti.o
 .ARM.attributes
                0x0000001d       0x2d c:/stm/gcc-arm-none-eabi-5_4-2016q3-20160926-win32/bin/../lib/gcc/arm-none-eabi/5.4.1/armv7-m/crtbegin.o
 .ARM.attributes
                0x0000004a       0x33 ..\obj\stm32f1xx_hal_can.o
 .ARM.attributes
                0x0000007d       0x33 ..\obj\stm32f1xx_hal.o
 .ARM.attributes
                0x000000b0       0x33 ..\obj\stm32f1xx_it.o
 .ARM.attributes
                0x000000e3       0x33 ..\obj\stm32f1xx_hal_cortex.o
 .ARM.attributes
                0x00000116       0x33 ..\obj\system_stm32f1xx.o
 .ARM.attributes
                0x00000149       0x33 ..\obj\stm32f1xx_hal_rcc.o
 .ARM.attributes
                0x0000017c       0x33 ..\obj\startup_stm32f10x_md.o
 .ARM.attributes
                0x000001af       0x33 ..\obj\stm32f1xx_hal_uart.o
 .ARM.attributes
                0x000001e2       0x33 ..\obj\main.o
 .ARM.attributes
                0x00000215       0x33 ..\obj\printf.o
 .ARM.attributes
                0x00000248       0x33 ..\obj\stm32f1xx_hal_gpio.o
 .ARM.attributes
                0x0000027b       0x33 ..\obj\stm32f1xx_hal_msp.o
 .ARM.attributes
                0x000002ae       0x2d c:/stm/gcc-arm-none-eabi-5_4-2016q3-20160926-win32/bin/../lib/gcc/arm-none-eabi/5.4.1/../../../../arm-none-eabi/lib/armv7-m\libc.a(lib_a-impure.o)
 .ARM.attributes
                0x000002db       0x2d c:/stm/gcc-arm-none-eabi-5_4-2016q3-20160926-win32/bin/../lib/gcc/arm-none-eabi/5.4.1/../../../../arm-none-eabi/lib/armv7-m\libc.a(lib_a-__call_atexit.o)
 .ARM.attributes
                0x00000308       0x2d c:/stm/gcc-arm-none-eabi-5_4-2016q3-20160926-win32/bin/../lib/gcc/arm-none-eabi/5.4.1/../../../../arm-none-eabi/lib/armv7-m\libc.a(lib_a-atexit.o)
 .ARM.attributes
                0x00000335       0x2d c:/stm/gcc-arm-none-eabi-5_4-2016q3-20160926-win32/bin/../lib/gcc/arm-none-eabi/5.4.1/../../../../arm-none-eabi/lib/armv7-m\libc.a(lib_a-fini.o)
 .ARM.attributes
                0x00000362       0x2d c:/stm/gcc-arm-none-eabi-5_4-2016q3-20160926-win32/bin/../lib/gcc/arm-none-eabi/5.4.1/../../../../arm-none-eabi/lib/armv7-m\libc.a(lib_a-__atexit.o)
 .ARM.attributes
                0x0000038f       0x2d c:/stm/gcc-arm-none-eabi-5_4-2016q3-20160926-win32/bin/../lib/gcc/arm-none-eabi/5.4.1/armv7-m/crtend.o
 .ARM.attributes
                0x000003bc       0x1d c:/stm/gcc-arm-none-eabi-5_4-2016q3-20160926-win32/bin/../lib/gcc/arm-none-eabi/5.4.1/armv7-m/crtn.o

.comment        0x00000000       0x6e
 .comment       0x00000000       0x6e ..\obj\stm32f1xx_hal_can.o
                                 0x6f (size before relaxing)
 .comment       0x0000006e       0x6f ..\obj\stm32f1xx_hal.o
 .comment       0x0000006e       0x6f ..\obj\stm32f1xx_it.o
 .comment       0x0000006e       0x6f ..\obj\stm32f1xx_hal_cortex.o
 .comment       0x0000006e       0x6f ..\obj\system_stm32f1xx.o
 .comment       0x0000006e       0x6f ..\obj\stm32f1xx_hal_rcc.o
 .comment       0x0000006e       0x6f ..\obj\startup_stm32f10x_md.o
 .comment       0x0000006e       0x6f ..\obj\stm32f1xx_hal_uart.o
 .comment       0x0000006e       0x6f ..\obj\main.o
 .comment       0x0000006e       0x6f ..\obj\printf.o
 .comment       0x0000006e       0x6f ..\obj\stm32f1xx_hal_gpio.o
 .comment       0x0000006e       0x6f ..\obj\stm32f1xx_hal_msp.o

.debug_info     0x00000000     0x7c10
 .debug_info    0x00000000      0xa7d ..\obj\stm32f1xx_hal_can.o
 .debug_info    0x00000a7d      0x5e3 ..\obj\stm32f1xx_hal.o
 .debug_info    0x00001060      0x647 ..\obj\stm32f1xx_it.o
 .debug_info    0x000016a7      0xabf ..\obj\stm32f1xx_hal_cortex.o
 .debug_info    0x00002166      0x3d2 ..\obj\system_stm32f1xx.o
 .debug_info    0x00002538     0x13f9 ..\obj\stm32f1xx_hal_rcc.o
 .debug_info    0x00003931       0xee ..\obj\startup_stm32f10x_md.o
 .debug_info    0x00003a1f      0xdf0 ..\obj\stm32f1xx_hal_uart.o
 .debug_info    0x0000480f     0x1289 ..\obj\main.o
 .debug_info    0x00005a98      0xe51 ..\obj\printf.o
 .debug_info    0x000068e9      0x5f5 ..\obj\stm32f1xx_hal_gpio.o
 .debug_info    0x00006ede      0xd32 ..\obj\stm32f1xx_hal_msp.o

.debug_abbrev   0x00000000     0x167f
 .debug_abbrev  0x00000000      0x1ea ..\obj\stm32f1xx_hal_can.o
 .debug_abbrev  0x000001ea      0x1f8 ..\obj\stm32f1xx_hal.o
 .debug_abbrev  0x000003e2      0x144 ..\obj\stm32f1xx_it.o
 .debug_abbrev  0x00000526      0x270 ..\obj\stm32f1xx_hal_cortex.o
 .debug_abbrev  0x00000796      0x120 ..\obj\system_stm32f1xx.o
 .debug_abbrev  0x000008b6      0x276 ..\obj\stm32f1xx_hal_rcc.o
 .debug_abbrev  0x00000b2c       0xa7 ..\obj\startup_stm32f10x_md.o
 .debug_abbrev  0x00000bd3      0x217 ..\obj\stm32f1xx_hal_uart.o
 .debug_abbrev  0x00000dea      0x2e2 ..\obj\main.o
 .debug_abbrev  0x000010cc      0x287 ..\obj\printf.o
 .debug_abbrev  0x00001353      0x1ac ..\obj\stm32f1xx_hal_gpio.o
 .debug_abbrev  0x000014ff      0x180 ..\obj\stm32f1xx_hal_msp.o

.debug_aranges  0x00000000      0x688
 .debug_aranges
                0x00000000       0xb0 ..\obj\stm32f1xx_hal_can.o
 .debug_aranges
                0x000000b0       0xb0 ..\obj\stm32f1xx_hal.o
 .debug_aranges
                0x00000160       0x68 ..\obj\stm32f1xx_it.o
 .debug_aranges
                0x000001c8      0x100 ..\obj\stm32f1xx_hal_cortex.o
 .debug_aranges
                0x000002c8       0x28 ..\obj\system_stm32f1xx.o
 .debug_aranges
                0x000002f0       0x88 ..\obj\stm32f1xx_hal_rcc.o
 .debug_aranges
                0x00000378       0x28 ..\obj\startup_stm32f10x_md.o
 .debug_aranges
                0x000003a0      0x150 ..\obj\stm32f1xx_hal_uart.o
 .debug_aranges
                0x000004f0       0x60 ..\obj\main.o
 .debug_aranges
                0x00000550       0xa0 ..\obj\printf.o
 .debug_aranges
                0x000005f0       0x58 ..\obj\stm32f1xx_hal_gpio.o
 .debug_aranges
                0x00000648       0x40 ..\obj\stm32f1xx_hal_msp.o

.debug_ranges   0x00000000      0x5c8
 .debug_ranges  0x00000000       0xa0 ..\obj\stm32f1xx_hal_can.o
 .debug_ranges  0x000000a0       0xa0 ..\obj\stm32f1xx_hal.o
 .debug_ranges  0x00000140       0x58 ..\obj\stm32f1xx_it.o
 .debug_ranges  0x00000198       0xf0 ..\obj\stm32f1xx_hal_cortex.o
 .debug_ranges  0x00000288       0x18 ..\obj\system_stm32f1xx.o
 .debug_ranges  0x000002a0       0x78 ..\obj\stm32f1xx_hal_rcc.o
 .debug_ranges  0x00000318       0x18 ..\obj\startup_stm32f10x_md.o
 .debug_ranges  0x00000330      0x140 ..\obj\stm32f1xx_hal_uart.o
 .debug_ranges  0x00000470       0x50 ..\obj\main.o
 .debug_ranges  0x000004c0       0x90 ..\obj\printf.o
 .debug_ranges  0x00000550       0x48 ..\obj\stm32f1xx_hal_gpio.o
 .debug_ranges  0x00000598       0x30 ..\obj\stm32f1xx_hal_msp.o

.debug_line     0x00000000     0x393c
 .debug_line    0x00000000      0x697 ..\obj\stm32f1xx_hal_can.o
 .debug_line    0x00000697      0x3eb ..\obj\stm32f1xx_hal.o
 .debug_line    0x00000a82      0x318 ..\obj\stm32f1xx_it.o
 .debug_line    0x00000d9a      0x4b9 ..\obj\stm32f1xx_hal_cortex.o
 .debug_line    0x00001253      0x240 ..\obj\system_stm32f1xx.o
 .debug_line    0x00001493      0xb9c ..\obj\stm32f1xx_hal_rcc.o
 .debug_line    0x0000202f       0xac ..\obj\startup_stm32f10x_md.o
 .debug_line    0x000020db      0x902 ..\obj\stm32f1xx_hal_uart.o
 .debug_line    0x000029dd      0x44e ..\obj\main.o
 .debug_line    0x00002e2b      0x36d ..\obj\printf.o
 .debug_line    0x00003198      0x481 ..\obj\stm32f1xx_hal_gpio.o
 .debug_line    0x00003619      0x323 ..\obj\stm32f1xx_hal_msp.o

.debug_str      0x00000000     0x23ad
 .debug_str     0x00000000      0x698 ..\obj\stm32f1xx_hal_can.o
                                0x738 (size before relaxing)
 .debug_str     0x00000698      0x547 ..\obj\stm32f1xx_hal.o
                                0x734 (size before relaxing)
 .debug_str     0x00000bdf       0xe6 ..\obj\stm32f1xx_it.o
                                0x529 (size before relaxing)
 .debug_str     0x00000cc5      0x320 ..\obj\stm32f1xx_hal_cortex.o
                                0x8eb (size before relaxing)
 .debug_str     0x00000fe5       0xa5 ..\obj\system_stm32f1xx.o
                                0x296 (size before relaxing)
 .debug_str     0x0000108a      0x357 ..\obj\stm32f1xx_hal_rcc.o
                                0x612 (size before relaxing)
 .debug_str     0x000013e1       0xba ..\obj\startup_stm32f10x_md.o
                                0x151 (size before relaxing)
 .debug_str     0x0000149b      0x6c1 ..\obj\stm32f1xx_hal_uart.o
                                0x969 (size before relaxing)
 .debug_str     0x00001b5c      0x196 ..\obj\main.o
                                0xe48 (size before relaxing)
 .debug_str     0x00001cf2      0x4d3 ..\obj\printf.o
                                0x68a (size before relaxing)
 .debug_str     0x000021c5      0x1a1 ..\obj\stm32f1xx_hal_gpio.o
                                0x446 (size before relaxing)
 .debug_str     0x00002366       0x47 ..\obj\stm32f1xx_hal_msp.o
                                0xb79 (size before relaxing)

.debug_frame    0x00000000     0x1a58
 .debug_frame   0x00000000      0x2f0 ..\obj\stm32f1xx_hal_can.o
 .debug_frame   0x000002f0      0x278 ..\obj\stm32f1xx_hal.o
 .debug_frame   0x00000568      0x128 ..\obj\stm32f1xx_it.o
 .debug_frame   0x00000690      0x428 ..\obj\stm32f1xx_hal_cortex.o
 .debug_frame   0x00000ab8       0x58 ..\obj\system_stm32f1xx.o
 .debug_frame   0x00000b10      0x21c ..\obj\stm32f1xx_hal_rcc.o
 .debug_frame   0x00000d2c       0x4c ..\obj\startup_stm32f10x_md.o
 .debug_frame   0x00000d78      0x5e0 ..\obj\stm32f1xx_hal_uart.o
 .debug_frame   0x00001358      0x13c ..\obj\main.o
 .debug_frame   0x00001494      0x2dc ..\obj\printf.o
 .debug_frame   0x00001770      0x14c ..\obj\stm32f1xx_hal_gpio.o
 .debug_frame   0x000018bc       0xc4 ..\obj\stm32f1xx_hal_msp.o
 .debug_frame   0x00001980       0x50 c:/stm/gcc-arm-none-eabi-5_4-2016q3-20160926-win32/bin/../lib/gcc/arm-none-eabi/5.4.1/../../../../arm-none-eabi/lib/armv7-m\libc.a(lib_a-__call_atexit.o)
 .debug_frame   0x000019d0       0x20 c:/stm/gcc-arm-none-eabi-5_4-2016q3-20160926-win32/bin/../lib/gcc/arm-none-eabi/5.4.1/../../../../arm-none-eabi/lib/armv7-m\libc.a(lib_a-atexit.o)
 .debug_frame   0x000019f0       0x34 c:/stm/gcc-arm-none-eabi-5_4-2016q3-20160926-win32/bin/../lib/gcc/arm-none-eabi/5.4.1/../../../../arm-none-eabi/lib/armv7-m\libc.a(lib_a-fini.o)
 .debug_frame   0x00001a24       0x34 c:/stm/gcc-arm-none-eabi-5_4-2016q3-20160926-win32/bin/../lib/gcc/arm-none-eabi/5.4.1/../../../../arm-none-eabi/lib/armv7-m\libc.a(lib_a-__atexit.o)
