
Allocating common symbols
Common symbol       size              file

hcan                0x44              ..\obj\main.o
uwTick              0x4               ..\obj\stm32f1xx_hal.o
can_tx_data         0xc8              ..\obj\main.o
pFlash              0x20              ..\obj\stm32f1xx_hal_flash.o
hspi1               0x58              ..\obj\main.o
temp_buf            0x1e              ..\obj\main.o
can_rx_data         0xc8              ..\obj\main.o

Discarded input sections

 .text          0x00000000        0x0 ..\obj\stm32f1xx_hal_rcc_ex.o
 .data          0x00000000        0x0 ..\obj\stm32f1xx_hal_rcc_ex.o
 .bss           0x00000000        0x0 ..\obj\stm32f1xx_hal_rcc_ex.o
 .text.HAL_RCCEx_PeriphCLKConfig
                0x00000000      0x16c ..\obj\stm32f1xx_hal_rcc_ex.o
 .text.HAL_RCCEx_GetPeriphCLKConfig
                0x00000000       0x60 ..\obj\stm32f1xx_hal_rcc_ex.o
 .rodata        0x00000000       0x12 ..\obj\stm32f1xx_hal_rcc_ex.o
 .text.HAL_RCCEx_GetPeriphCLKFreq
                0x00000000      0x184 ..\obj\stm32f1xx_hal_rcc_ex.o
 .debug_info    0x00000000      0x3c7 ..\obj\stm32f1xx_hal_rcc_ex.o
 .debug_abbrev  0x00000000      0x161 ..\obj\stm32f1xx_hal_rcc_ex.o
 .debug_aranges
                0x00000000       0x30 ..\obj\stm32f1xx_hal_rcc_ex.o
 .debug_ranges  0x00000000       0x20 ..\obj\stm32f1xx_hal_rcc_ex.o
 .debug_line    0x00000000      0x354 ..\obj\stm32f1xx_hal_rcc_ex.o
 .debug_str     0x00000000      0x3f8 ..\obj\stm32f1xx_hal_rcc_ex.o
 .comment       0x00000000       0x6f ..\obj\stm32f1xx_hal_rcc_ex.o
 .debug_frame   0x00000000       0x84 ..\obj\stm32f1xx_hal_rcc_ex.o
 .ARM.attributes
                0x00000000       0x33 ..\obj\stm32f1xx_hal_rcc_ex.o
 .text          0x00000000        0x0 ..\obj\stm32f1xx_hal_pwr.o
 .data          0x00000000        0x0 ..\obj\stm32f1xx_hal_pwr.o
 .bss           0x00000000        0x0 ..\obj\stm32f1xx_hal_pwr.o
 .text.PWR_OverloadWfe
                0x00000000       0x10 ..\obj\stm32f1xx_hal_pwr.o
 .text.HAL_PWR_DeInit
                0x00000000       0x28 ..\obj\stm32f1xx_hal_pwr.o
 .text.HAL_PWR_EnableBkUpAccess
                0x00000000       0x18 ..\obj\stm32f1xx_hal_pwr.o
 .text.HAL_PWR_DisableBkUpAccess
                0x00000000       0x18 ..\obj\stm32f1xx_hal_pwr.o
 .text.HAL_PWR_ConfigPVD
                0x00000000       0xbc ..\obj\stm32f1xx_hal_pwr.o
 .text.HAL_PWR_EnablePVD
                0x00000000       0x18 ..\obj\stm32f1xx_hal_pwr.o
 .text.HAL_PWR_DisablePVD
                0x00000000       0x18 ..\obj\stm32f1xx_hal_pwr.o
 .text.HAL_PWR_EnableWakeUpPin
                0x00000000       0x38 ..\obj\stm32f1xx_hal_pwr.o
 .text.HAL_PWR_DisableWakeUpPin
                0x00000000       0x38 ..\obj\stm32f1xx_hal_pwr.o
 .text.HAL_PWR_EnterSLEEPMode
                0x00000000       0x38 ..\obj\stm32f1xx_hal_pwr.o
 .text.HAL_PWR_EnterSTOPMode
                0x00000000       0x64 ..\obj\stm32f1xx_hal_pwr.o
 .text.HAL_PWR_EnterSTANDBYMode
                0x00000000       0x30 ..\obj\stm32f1xx_hal_pwr.o
 .text.HAL_PWR_EnableSleepOnExit
                0x00000000       0x1c ..\obj\stm32f1xx_hal_pwr.o
 .text.HAL_PWR_DisableSleepOnExit
                0x00000000       0x1c ..\obj\stm32f1xx_hal_pwr.o
 .text.HAL_PWR_EnableSEVOnPend
                0x00000000       0x1c ..\obj\stm32f1xx_hal_pwr.o
 .text.HAL_PWR_DisableSEVOnPend
                0x00000000       0x1c ..\obj\stm32f1xx_hal_pwr.o
 .text.HAL_PWR_PVD_IRQHandler
                0x00000000       0x24 ..\obj\stm32f1xx_hal_pwr.o
 .text.HAL_PWR_PVDCallback
                0x00000000        0xc ..\obj\stm32f1xx_hal_pwr.o
 .debug_info    0x00000000      0x6dc ..\obj\stm32f1xx_hal_pwr.o
 .debug_abbrev  0x00000000      0x1fc ..\obj\stm32f1xx_hal_pwr.o
 .debug_aranges
                0x00000000       0xa8 ..\obj\stm32f1xx_hal_pwr.o
 .debug_ranges  0x00000000       0x98 ..\obj\stm32f1xx_hal_pwr.o
 .debug_line    0x00000000      0x437 ..\obj\stm32f1xx_hal_pwr.o
 .debug_str     0x00000000      0x4f3 ..\obj\stm32f1xx_hal_pwr.o
 .comment       0x00000000       0x6f ..\obj\stm32f1xx_hal_pwr.o
 .debug_frame   0x00000000      0x270 ..\obj\stm32f1xx_hal_pwr.o
 .ARM.attributes
                0x00000000       0x33 ..\obj\stm32f1xx_hal_pwr.o
 .text          0x00000000        0x0 ..\obj\stm32f1xx_hal_can.o
 .data          0x00000000        0x0 ..\obj\stm32f1xx_hal_can.o
 .bss           0x00000000        0x0 ..\obj\stm32f1xx_hal_can.o
 .text.HAL_CAN_ConfigFilter
                0x00000000      0x1a4 ..\obj\stm32f1xx_hal_can.o
 .text.HAL_CAN_DeInit
                0x00000000       0x3c ..\obj\stm32f1xx_hal_can.o
 .text.HAL_CAN_MspInit
                0x00000000       0x14 ..\obj\stm32f1xx_hal_can.o
 .text.HAL_CAN_MspDeInit
                0x00000000       0x14 ..\obj\stm32f1xx_hal_can.o
 .text.HAL_CAN_Transmit
                0x00000000      0x354 ..\obj\stm32f1xx_hal_can.o
 .text.HAL_CAN_Transmit_IT
                0x00000000      0x264 ..\obj\stm32f1xx_hal_can.o
 .text.HAL_CAN_Receive
                0x00000000      0x3a0 ..\obj\stm32f1xx_hal_can.o
 .text.HAL_CAN_Receive_IT
                0x00000000      0x16c ..\obj\stm32f1xx_hal_can.o
 .text.HAL_CAN_Sleep
                0x00000000       0xc8 ..\obj\stm32f1xx_hal_can.o
 .text.HAL_CAN_WakeUp
                0x00000000       0xa8 ..\obj\stm32f1xx_hal_can.o
 .text.HAL_CAN_IRQHandler
                0x00000000      0x450 ..\obj\stm32f1xx_hal_can.o
 .text.HAL_CAN_TxCpltCallback
                0x00000000       0x14 ..\obj\stm32f1xx_hal_can.o
 .text.HAL_CAN_RxCpltCallback
                0x00000000       0x14 ..\obj\stm32f1xx_hal_can.o
 .text.HAL_CAN_ErrorCallback
                0x00000000       0x14 ..\obj\stm32f1xx_hal_can.o
 .text.HAL_CAN_GetState
                0x00000000       0x1c ..\obj\stm32f1xx_hal_can.o
 .text.HAL_CAN_GetError
                0x00000000       0x18 ..\obj\stm32f1xx_hal_can.o
 .text.CAN_Transmit_IT
                0x00000000       0x80 ..\obj\stm32f1xx_hal_can.o
 .text.CAN_Receive_IT
                0x00000000      0x268 ..\obj\stm32f1xx_hal_can.o
 .text          0x00000000        0x0 ..\obj\stm32f1xx_hal.o
 .data          0x00000000        0x0 ..\obj\stm32f1xx_hal.o
 .bss           0x00000000        0x0 ..\obj\stm32f1xx_hal.o
 .text.HAL_DeInit
                0x00000000       0x30 ..\obj\stm32f1xx_hal.o
 .text.HAL_MspInit
                0x00000000        0xc ..\obj\stm32f1xx_hal.o
 .text.HAL_MspDeInit
                0x00000000        0xc ..\obj\stm32f1xx_hal.o
 .text.HAL_Delay
                0x00000000       0x3c ..\obj\stm32f1xx_hal.o
 .text.HAL_SuspendTick
                0x00000000       0x1c ..\obj\stm32f1xx_hal.o
 .text.HAL_ResumeTick
                0x00000000       0x1c ..\obj\stm32f1xx_hal.o
 .text.HAL_GetHalVersion
                0x00000000       0x14 ..\obj\stm32f1xx_hal.o
 .text.HAL_GetREVID
                0x00000000       0x18 ..\obj\stm32f1xx_hal.o
 .text.HAL_GetDEVID
                0x00000000       0x18 ..\obj\stm32f1xx_hal.o
 .text.HAL_DBGMCU_EnableDBGSleepMode
                0x00000000       0x1c ..\obj\stm32f1xx_hal.o
 .text.HAL_DBGMCU_DisableDBGSleepMode
                0x00000000       0x1c ..\obj\stm32f1xx_hal.o
 .text.HAL_DBGMCU_EnableDBGStopMode
                0x00000000       0x1c ..\obj\stm32f1xx_hal.o
 .text.HAL_DBGMCU_DisableDBGStopMode
                0x00000000       0x1c ..\obj\stm32f1xx_hal.o
 .text.HAL_DBGMCU_EnableDBGStandbyMode
                0x00000000       0x1c ..\obj\stm32f1xx_hal.o
 .text.HAL_DBGMCU_DisableDBGStandbyMode
                0x00000000       0x1c ..\obj\stm32f1xx_hal.o
 .text.HAL_GetUID
                0x00000000       0x3c ..\obj\stm32f1xx_hal.o
 .text          0x00000000        0x0 ..\obj\stm32f1xx_it.o
 .data          0x00000000        0x0 ..\obj\stm32f1xx_it.o
 .bss           0x00000000        0x0 ..\obj\stm32f1xx_it.o
 .text          0x00000000        0x0 ..\obj\stm32f1xx_hal_gpio_ex.o
 .data          0x00000000        0x0 ..\obj\stm32f1xx_hal_gpio_ex.o
 .bss           0x00000000        0x0 ..\obj\stm32f1xx_hal_gpio_ex.o
 .text.HAL_GPIOEx_ConfigEventout
                0x00000000       0x2c ..\obj\stm32f1xx_hal_gpio_ex.o
 .text.HAL_GPIOEx_EnableEventout
                0x00000000       0x1c ..\obj\stm32f1xx_hal_gpio_ex.o
 .text.HAL_GPIOEx_DisableEventout
                0x00000000       0x1c ..\obj\stm32f1xx_hal_gpio_ex.o
 .debug_info    0x00000000      0x183 ..\obj\stm32f1xx_hal_gpio_ex.o
 .debug_abbrev  0x00000000       0xcb ..\obj\stm32f1xx_hal_gpio_ex.o
 .debug_aranges
                0x00000000       0x30 ..\obj\stm32f1xx_hal_gpio_ex.o
 .debug_ranges  0x00000000       0x20 ..\obj\stm32f1xx_hal_gpio_ex.o
 .debug_line    0x00000000      0x240 ..\obj\stm32f1xx_hal_gpio_ex.o
 .debug_str     0x00000000      0x29d ..\obj\stm32f1xx_hal_gpio_ex.o
 .comment       0x00000000       0x6f ..\obj\stm32f1xx_hal_gpio_ex.o
 .debug_frame   0x00000000       0x78 ..\obj\stm32f1xx_hal_gpio_ex.o
 .ARM.attributes
                0x00000000       0x33 ..\obj\stm32f1xx_hal_gpio_ex.o
 .text          0x00000000        0x0 ..\obj\stm32f1xx_hal_cortex.o
 .data          0x00000000        0x0 ..\obj\stm32f1xx_hal_cortex.o
 .bss           0x00000000        0x0 ..\obj\stm32f1xx_hal_cortex.o
 .text.NVIC_EnableIRQ
                0x00000000       0x30 ..\obj\stm32f1xx_hal_cortex.o
 .text.NVIC_DisableIRQ
                0x00000000       0x34 ..\obj\stm32f1xx_hal_cortex.o
 .text.NVIC_GetPendingIRQ
                0x00000000       0x34 ..\obj\stm32f1xx_hal_cortex.o
 .text.NVIC_SetPendingIRQ
                0x00000000       0x34 ..\obj\stm32f1xx_hal_cortex.o
 .text.NVIC_ClearPendingIRQ
                0x00000000       0x34 ..\obj\stm32f1xx_hal_cortex.o
 .text.NVIC_GetActive
                0x00000000       0x34 ..\obj\stm32f1xx_hal_cortex.o
 .text.NVIC_GetPriority
                0x00000000       0x4c ..\obj\stm32f1xx_hal_cortex.o
 .text.NVIC_DecodePriority
                0x00000000       0x68 ..\obj\stm32f1xx_hal_cortex.o
 .text.NVIC_SystemReset
                0x00000000       0x28 ..\obj\stm32f1xx_hal_cortex.o
 .text.HAL_NVIC_EnableIRQ
                0x00000000       0x1c ..\obj\stm32f1xx_hal_cortex.o
 .text.HAL_NVIC_DisableIRQ
                0x00000000       0x1c ..\obj\stm32f1xx_hal_cortex.o
 .text.HAL_NVIC_SystemReset
                0x00000000        0xc ..\obj\stm32f1xx_hal_cortex.o
 .text.HAL_NVIC_GetPriorityGrouping
                0x00000000       0x10 ..\obj\stm32f1xx_hal_cortex.o
 .text.HAL_NVIC_GetPriority
                0x00000000       0x2c ..\obj\stm32f1xx_hal_cortex.o
 .text.HAL_NVIC_SetPendingIRQ
                0x00000000       0x1c ..\obj\stm32f1xx_hal_cortex.o
 .text.HAL_NVIC_GetPendingIRQ
                0x00000000       0x20 ..\obj\stm32f1xx_hal_cortex.o
 .text.HAL_NVIC_ClearPendingIRQ
                0x00000000       0x1c ..\obj\stm32f1xx_hal_cortex.o
 .text.HAL_NVIC_GetActive
                0x00000000       0x20 ..\obj\stm32f1xx_hal_cortex.o
 .text          0x00000000        0x0 ..\obj\system_stm32f1xx.o
 .bss           0x00000000        0x0 ..\obj\system_stm32f1xx.o
 .text.SystemCoreClockUpdate
                0x00000000       0xd8 ..\obj\system_stm32f1xx.o
 .text          0x00000000        0x0 ..\obj\stm32f1xx_hal_rcc.o
 .data          0x00000000        0x0 ..\obj\stm32f1xx_hal_rcc.o
 .bss           0x00000000        0x0 ..\obj\stm32f1xx_hal_rcc.o
 .text.HAL_RCC_DeInit
                0x00000000       0x64 ..\obj\stm32f1xx_hal_rcc.o
 .text.HAL_RCC_MCOConfig
                0x00000000       0x70 ..\obj\stm32f1xx_hal_rcc.o
 .text.HAL_RCC_EnableCSS
                0x00000000       0x18 ..\obj\stm32f1xx_hal_rcc.o
 .text.HAL_RCC_DisableCSS
                0x00000000       0x18 ..\obj\stm32f1xx_hal_rcc.o
 .text.HAL_RCC_GetPCLK1Freq
                0x00000000       0x28 ..\obj\stm32f1xx_hal_rcc.o
 .text.HAL_RCC_GetPCLK2Freq
                0x00000000       0x28 ..\obj\stm32f1xx_hal_rcc.o
 .text.HAL_RCC_GetOscConfig
                0x00000000       0xfc ..\obj\stm32f1xx_hal_rcc.o
 .text.HAL_RCC_GetClockConfig
                0x00000000       0x60 ..\obj\stm32f1xx_hal_rcc.o
 .text.HAL_RCC_NMI_IRQHandler
                0x00000000       0x28 ..\obj\stm32f1xx_hal_rcc.o
 .text.HAL_RCC_CSSCallback
                0x00000000        0xc ..\obj\stm32f1xx_hal_rcc.o
 .text          0x00000000        0x0 ..\obj\startup_stm32f10x_md.o
 .data          0x00000000        0x0 ..\obj\startup_stm32f10x_md.o
 .bss           0x00000000        0x0 ..\obj\startup_stm32f10x_md.o
 .text          0x00000000        0x0 ..\obj\main.o
 .bss           0x00000000        0x0 ..\obj\main.o
 .text          0x00000000        0x0 ..\obj\stm32f1xx_hal_spi_ex.o
 .data          0x00000000        0x0 ..\obj\stm32f1xx_hal_spi_ex.o
 .bss           0x00000000        0x0 ..\obj\stm32f1xx_hal_spi_ex.o
 .text          0x00000000        0x0 ..\obj\stm32f1xx_hal_flash.o
 .data          0x00000000        0x0 ..\obj\stm32f1xx_hal_flash.o
 .bss           0x00000000        0x0 ..\obj\stm32f1xx_hal_flash.o
 .text.HAL_FLASH_Program
                0x00000000       0xe0 ..\obj\stm32f1xx_hal_flash.o
 .text.HAL_FLASH_Program_IT
                0x00000000       0x90 ..\obj\stm32f1xx_hal_flash.o
 .text.HAL_FLASH_IRQHandler
                0x00000000      0x1c4 ..\obj\stm32f1xx_hal_flash.o
 .text.HAL_FLASH_EndOfOperationCallback
                0x00000000       0x14 ..\obj\stm32f1xx_hal_flash.o
 .text.HAL_FLASH_OperationErrorCallback
                0x00000000       0x14 ..\obj\stm32f1xx_hal_flash.o
 .text.HAL_FLASH_Unlock
                0x00000000       0x38 ..\obj\stm32f1xx_hal_flash.o
 .text.HAL_FLASH_Lock
                0x00000000       0x20 ..\obj\stm32f1xx_hal_flash.o
 .text.HAL_FLASH_OB_Unlock
                0x00000000       0x38 ..\obj\stm32f1xx_hal_flash.o
 .text.HAL_FLASH_OB_Lock
                0x00000000       0x20 ..\obj\stm32f1xx_hal_flash.o
 .text.HAL_FLASH_OB_Launch
                0x00000000        0xc ..\obj\stm32f1xx_hal_flash.o
 .text.HAL_FLASH_GetError
                0x00000000       0x14 ..\obj\stm32f1xx_hal_flash.o
 .text.FLASH_Program_HalfWord
                0x00000000       0x38 ..\obj\stm32f1xx_hal_flash.o
 .text.FLASH_WaitForLastOperation
                0x00000000       0x8c ..\obj\stm32f1xx_hal_flash.o
 .text.FLASH_SetErrorCode
                0x00000000       0xa0 ..\obj\stm32f1xx_hal_flash.o
 .debug_info    0x00000000      0x4f8 ..\obj\stm32f1xx_hal_flash.o
 .debug_abbrev  0x00000000      0x1c7 ..\obj\stm32f1xx_hal_flash.o
 .debug_aranges
                0x00000000       0x88 ..\obj\stm32f1xx_hal_flash.o
 .debug_ranges  0x00000000       0x78 ..\obj\stm32f1xx_hal_flash.o
 .debug_line    0x00000000      0x494 ..\obj\stm32f1xx_hal_flash.o
 .debug_str     0x00000000      0x544 ..\obj\stm32f1xx_hal_flash.o
 .comment       0x00000000       0x6f ..\obj\stm32f1xx_hal_flash.o
 .debug_frame   0x00000000      0x20c ..\obj\stm32f1xx_hal_flash.o
 .ARM.attributes
                0x00000000       0x33 ..\obj\stm32f1xx_hal_flash.o
 COMMON         0x00000000       0x20 ..\obj\stm32f1xx_hal_flash.o
 .text          0x00000000        0x0 ..\obj\stm32f1xx_hal_gpio.o
 .data          0x00000000        0x0 ..\obj\stm32f1xx_hal_gpio.o
 .bss           0x00000000        0x0 ..\obj\stm32f1xx_hal_gpio.o
 .text.HAL_GPIO_DeInit
                0x00000000      0x184 ..\obj\stm32f1xx_hal_gpio.o
 .text.HAL_GPIO_ReadPin
                0x00000000       0x30 ..\obj\stm32f1xx_hal_gpio.o
 .text.HAL_GPIO_LockPin
                0x00000000       0x50 ..\obj\stm32f1xx_hal_gpio.o
 .text.HAL_GPIO_EXTI_IRQHandler
                0x00000000       0x30 ..\obj\stm32f1xx_hal_gpio.o
 .text.HAL_GPIO_EXTI_Callback
                0x00000000       0x14 ..\obj\stm32f1xx_hal_gpio.o
 .text          0x00000000        0x0 ..\obj\stm32f1xx_hal_dma.o
 .data          0x00000000        0x0 ..\obj\stm32f1xx_hal_dma.o
 .bss           0x00000000        0x0 ..\obj\stm32f1xx_hal_dma.o
 .text.HAL_DMA_Init
                0x00000000       0xcc ..\obj\stm32f1xx_hal_dma.o
 .text.HAL_DMA_DeInit
                0x00000000       0xa0 ..\obj\stm32f1xx_hal_dma.o
 .text.HAL_DMA_Start
                0x00000000       0x84 ..\obj\stm32f1xx_hal_dma.o
 .text.HAL_DMA_Start_IT
                0x00000000       0xc0 ..\obj\stm32f1xx_hal_dma.o
 .text.HAL_DMA_Abort
                0x00000000       0x58 ..\obj\stm32f1xx_hal_dma.o
 .text.HAL_DMA_Abort_IT
                0x00000000       0xf8 ..\obj\stm32f1xx_hal_dma.o
 .text.HAL_DMA_PollForTransfer
                0x00000000      0x360 ..\obj\stm32f1xx_hal_dma.o
 .text.HAL_DMA_IRQHandler
                0x00000000      0x224 ..\obj\stm32f1xx_hal_dma.o
 .text.HAL_DMA_RegisterCallback
                0x00000000       0x90 ..\obj\stm32f1xx_hal_dma.o
 .text.HAL_DMA_UnRegisterCallback
                0x00000000       0xac ..\obj\stm32f1xx_hal_dma.o
 .text.HAL_DMA_GetState
                0x00000000       0x18 ..\obj\stm32f1xx_hal_dma.o
 .text.HAL_DMA_GetError
                0x00000000       0x18 ..\obj\stm32f1xx_hal_dma.o
 .text.DMA_SetConfig
                0x00000000       0x5c ..\obj\stm32f1xx_hal_dma.o
 .debug_info    0x00000000      0x701 ..\obj\stm32f1xx_hal_dma.o
 .debug_abbrev  0x00000000      0x1b5 ..\obj\stm32f1xx_hal_dma.o
 .debug_aranges
                0x00000000       0x80 ..\obj\stm32f1xx_hal_dma.o
 .debug_ranges  0x00000000       0x70 ..\obj\stm32f1xx_hal_dma.o
 .debug_line    0x00000000      0x6d6 ..\obj\stm32f1xx_hal_dma.o
 .debug_str     0x00000000      0x637 ..\obj\stm32f1xx_hal_dma.o
 .comment       0x00000000       0x6f ..\obj\stm32f1xx_hal_dma.o
 .debug_frame   0x00000000      0x208 ..\obj\stm32f1xx_hal_dma.o
 .ARM.attributes
                0x00000000       0x33 ..\obj\stm32f1xx_hal_dma.o
 .text          0x00000000        0x0 ..\obj\stm32f1xx_hal_spi.o
 .data          0x00000000        0x0 ..\obj\stm32f1xx_hal_spi.o
 .bss           0x00000000        0x0 ..\obj\stm32f1xx_hal_spi.o
 .text.HAL_SPI_Init
                0x00000000       0xc8 ..\obj\stm32f1xx_hal_spi.o
 .text.HAL_SPI_DeInit
                0x00000000       0x50 ..\obj\stm32f1xx_hal_spi.o
 .text.HAL_SPI_MspInit
                0x00000000       0x14 ..\obj\stm32f1xx_hal_spi.o
 .text.HAL_SPI_MspDeInit
                0x00000000       0x14 ..\obj\stm32f1xx_hal_spi.o
 .text.HAL_SPI_Transmit
                0x00000000      0x278 ..\obj\stm32f1xx_hal_spi.o
 .text.HAL_SPI_Receive
                0x00000000      0x21c ..\obj\stm32f1xx_hal_spi.o
 .text.HAL_SPI_Transmit_IT
                0x00000000      0x118 ..\obj\stm32f1xx_hal_spi.o
 .text.HAL_SPI_Receive_IT
                0x00000000      0x128 ..\obj\stm32f1xx_hal_spi.o
 .text.HAL_SPI_TransmitReceive_IT
                0x00000000      0x12c ..\obj\stm32f1xx_hal_spi.o
 .text.HAL_SPI_Transmit_DMA
                0x00000000      0x13c ..\obj\stm32f1xx_hal_spi.o
 .text.HAL_SPI_Receive_DMA
                0x00000000      0x160 ..\obj\stm32f1xx_hal_spi.o
 .text.HAL_SPI_TransmitReceive_DMA
                0x00000000      0x1d0 ..\obj\stm32f1xx_hal_spi.o
 .text.HAL_SPI_Abort
                0x00000000      0x144 ..\obj\stm32f1xx_hal_spi.o
 .text.HAL_SPI_Abort_IT
                0x00000000      0x1c0 ..\obj\stm32f1xx_hal_spi.o
 .text.HAL_SPI_DMAPause
                0x00000000       0x44 ..\obj\stm32f1xx_hal_spi.o
 .text.HAL_SPI_DMAResume
                0x00000000       0x44 ..\obj\stm32f1xx_hal_spi.o
 .text.HAL_SPI_DMAStop
                0x00000000       0x50 ..\obj\stm32f1xx_hal_spi.o
 .text.HAL_SPI_IRQHandler
                0x00000000      0x18c ..\obj\stm32f1xx_hal_spi.o
 .text.HAL_SPI_TxCpltCallback
                0x00000000       0x14 ..\obj\stm32f1xx_hal_spi.o
 .text.HAL_SPI_RxCpltCallback
                0x00000000       0x14 ..\obj\stm32f1xx_hal_spi.o
 .text.HAL_SPI_TxRxCpltCallback
                0x00000000       0x14 ..\obj\stm32f1xx_hal_spi.o
 .text.HAL_SPI_TxHalfCpltCallback
                0x00000000       0x14 ..\obj\stm32f1xx_hal_spi.o
 .text.HAL_SPI_RxHalfCpltCallback
                0x00000000       0x14 ..\obj\stm32f1xx_hal_spi.o
 .text.HAL_SPI_TxRxHalfCpltCallback
                0x00000000       0x14 ..\obj\stm32f1xx_hal_spi.o
 .text.HAL_SPI_ErrorCallback
                0x00000000       0x14 ..\obj\stm32f1xx_hal_spi.o
 .text.HAL_SPI_AbortCpltCallback
                0x00000000       0x14 ..\obj\stm32f1xx_hal_spi.o
 .text.HAL_SPI_GetState
                0x00000000       0x1c ..\obj\stm32f1xx_hal_spi.o
 .text.HAL_SPI_GetError
                0x00000000       0x18 ..\obj\stm32f1xx_hal_spi.o
 .text.SPI_DMATransmitCplt
                0x00000000       0x9c ..\obj\stm32f1xx_hal_spi.o
 .text.SPI_DMAReceiveCplt
                0x00000000       0x84 ..\obj\stm32f1xx_hal_spi.o
 .text.SPI_DMATransmitReceiveCplt
                0x00000000       0x84 ..\obj\stm32f1xx_hal_spi.o
 .text.SPI_DMAHalfTransmitCplt
                0x00000000       0x1c ..\obj\stm32f1xx_hal_spi.o
 .text.SPI_DMAHalfReceiveCplt
                0x00000000       0x1c ..\obj\stm32f1xx_hal_spi.o
 .text.SPI_DMAHalfTransmitReceiveCplt
                0x00000000       0x1c ..\obj\stm32f1xx_hal_spi.o
 .text.SPI_DMAError
                0x00000000       0x40 ..\obj\stm32f1xx_hal_spi.o
 .text.SPI_DMAAbortOnError
                0x00000000       0x28 ..\obj\stm32f1xx_hal_spi.o
 .text.SPI_DMATxAbortCallback
                0x00000000       0xa4 ..\obj\stm32f1xx_hal_spi.o
 .text.SPI_DMARxAbortCallback
                0x00000000       0x88 ..\obj\stm32f1xx_hal_spi.o
 .text.SPI_2linesRxISR_8BIT
                0x00000000       0x60 ..\obj\stm32f1xx_hal_spi.o
 .text.SPI_2linesTxISR_8BIT
                0x00000000       0x60 ..\obj\stm32f1xx_hal_spi.o
 .text.SPI_2linesRxISR_16BIT
                0x00000000       0x60 ..\obj\stm32f1xx_hal_spi.o
 .text.SPI_2linesTxISR_16BIT
                0x00000000       0x60 ..\obj\stm32f1xx_hal_spi.o
 .text.SPI_RxISR_8BIT
                0x00000000       0x44 ..\obj\stm32f1xx_hal_spi.o
 .text.SPI_RxISR_16BIT
                0x00000000       0x48 ..\obj\stm32f1xx_hal_spi.o
 .text.SPI_TxISR_8BIT
                0x00000000       0x44 ..\obj\stm32f1xx_hal_spi.o
 .text.SPI_TxISR_16BIT
                0x00000000       0x44 ..\obj\stm32f1xx_hal_spi.o
 .text.SPI_CloseRxTx_ISR
                0x00000000       0xe8 ..\obj\stm32f1xx_hal_spi.o
 .text.SPI_CloseRx_ISR
                0x00000000       0x8c ..\obj\stm32f1xx_hal_spi.o
 .text.SPI_CloseTx_ISR
                0x00000000       0xc4 ..\obj\stm32f1xx_hal_spi.o
 .text.SPI_AbortRx_ISR
                0x00000000       0x84 ..\obj\stm32f1xx_hal_spi.o
 .text.SPI_AbortTx_ISR
                0x00000000       0x34 ..\obj\stm32f1xx_hal_spi.o
 .text.SPI_ISCRCErrorValid
                0x00000000       0x14 ..\obj\stm32f1xx_hal_spi.o
 .text          0x00000000        0x0 ..\obj\stm32f1xx_hal_msp.o
 .data          0x00000000        0x0 ..\obj\stm32f1xx_hal_msp.o
 .bss           0x00000000        0x0 ..\obj\stm32f1xx_hal_msp.o
 .text.HAL_CAN_MspDeInit
                0x00000000       0x3c ..\obj\stm32f1xx_hal_msp.o
 .text.HAL_SPI_MspDeInit
                0x00000000       0x3c ..\obj\stm32f1xx_hal_msp.o
 .text          0x00000000        0x0 ..\obj\stm32f1xx_hal_tim.o
 .data          0x00000000        0x0 ..\obj\stm32f1xx_hal_tim.o
 .bss           0x00000000        0x0 ..\obj\stm32f1xx_hal_tim.o
 .debug_info    0x00000000       0xa0 ..\obj\stm32f1xx_hal_tim.o
 .debug_abbrev  0x00000000       0x4b ..\obj\stm32f1xx_hal_tim.o
 .debug_aranges
                0x00000000       0x18 ..\obj\stm32f1xx_hal_tim.o
 .debug_line    0x00000000      0x131 ..\obj\stm32f1xx_hal_tim.o
 .debug_str     0x00000000      0x1e9 ..\obj\stm32f1xx_hal_tim.o
 .comment       0x00000000       0x6f ..\obj\stm32f1xx_hal_tim.o
 .ARM.attributes
                0x00000000       0x33 ..\obj\stm32f1xx_hal_tim.o
 .text          0x00000000        0x0 ..\obj\stm32f1xx_hal_flash_ex.o
 .data          0x00000000        0x0 ..\obj\stm32f1xx_hal_flash_ex.o
 .bss           0x00000000        0x0 ..\obj\stm32f1xx_hal_flash_ex.o
 .text.HAL_FLASHEx_Erase
                0x00000000       0xd8 ..\obj\stm32f1xx_hal_flash_ex.o
 .text.HAL_FLASHEx_Erase_IT
                0x00000000       0x84 ..\obj\stm32f1xx_hal_flash_ex.o
 .text.HAL_FLASHEx_OBErase
                0x00000000       0x84 ..\obj\stm32f1xx_hal_flash_ex.o
 .text.HAL_FLASHEx_OBProgram
                0x00000000       0xf8 ..\obj\stm32f1xx_hal_flash_ex.o
 .text.HAL_FLASHEx_OBGetConfig
                0x00000000       0x38 ..\obj\stm32f1xx_hal_flash_ex.o
 .text.HAL_FLASHEx_OBGetUserData
                0x00000000       0x44 ..\obj\stm32f1xx_hal_flash_ex.o
 .text.FLASH_MassErase
                0x00000000       0x38 ..\obj\stm32f1xx_hal_flash_ex.o
 .text.FLASH_OB_EnableWRP
                0x00000000      0x144 ..\obj\stm32f1xx_hal_flash_ex.o
 .text.FLASH_OB_DisableWRP
                0x00000000      0x140 ..\obj\stm32f1xx_hal_flash_ex.o
 .text.FLASH_OB_RDP_LevelConfig
                0x00000000       0xa0 ..\obj\stm32f1xx_hal_flash_ex.o
 .text.FLASH_OB_UserConfig
                0x00000000       0x70 ..\obj\stm32f1xx_hal_flash_ex.o
 .text.FLASH_OB_ProgramData
                0x00000000       0x68 ..\obj\stm32f1xx_hal_flash_ex.o
 .text.FLASH_OB_GetWRP
                0x00000000       0x14 ..\obj\stm32f1xx_hal_flash_ex.o
 .text.FLASH_OB_GetRDP
                0x00000000       0x38 ..\obj\stm32f1xx_hal_flash_ex.o
 .text.FLASH_OB_GetUser
                0x00000000       0x1c ..\obj\stm32f1xx_hal_flash_ex.o
 .text.FLASH_PageErase
                0x00000000       0x40 ..\obj\stm32f1xx_hal_flash_ex.o
 .debug_info    0x00000000      0x78c ..\obj\stm32f1xx_hal_flash_ex.o
 .debug_abbrev  0x00000000      0x1fd ..\obj\stm32f1xx_hal_flash_ex.o
 .debug_aranges
                0x00000000       0x98 ..\obj\stm32f1xx_hal_flash_ex.o
 .debug_ranges  0x00000000       0x88 ..\obj\stm32f1xx_hal_flash_ex.o
 .debug_line    0x00000000      0x4ee ..\obj\stm32f1xx_hal_flash_ex.o
 .debug_str     0x00000000      0x670 ..\obj\stm32f1xx_hal_flash_ex.o
 .comment       0x00000000       0x6f ..\obj\stm32f1xx_hal_flash_ex.o
 .debug_frame   0x00000000      0x258 ..\obj\stm32f1xx_hal_flash_ex.o
 .ARM.attributes
                0x00000000       0x33 ..\obj\stm32f1xx_hal_flash_ex.o
 .text          0x00000000        0x0 ..\obj\stm32f1xx_hal_tim_ex.o
 .data          0x00000000        0x0 ..\obj\stm32f1xx_hal_tim_ex.o
 .bss           0x00000000        0x0 ..\obj\stm32f1xx_hal_tim_ex.o
 .debug_info    0x00000000       0xa0 ..\obj\stm32f1xx_hal_tim_ex.o
 .debug_abbrev  0x00000000       0x4b ..\obj\stm32f1xx_hal_tim_ex.o
 .debug_aranges
                0x00000000       0x18 ..\obj\stm32f1xx_hal_tim_ex.o
 .debug_line    0x00000000      0x131 ..\obj\stm32f1xx_hal_tim_ex.o
 .debug_str     0x00000000      0x1ec ..\obj\stm32f1xx_hal_tim_ex.o
 .comment       0x00000000       0x6f ..\obj\stm32f1xx_hal_tim_ex.o
 .ARM.attributes
                0x00000000       0x33 ..\obj\stm32f1xx_hal_tim_ex.o

Memory Configuration

Name             Origin             Length             Attributes
rom              0x08000000         0x00010000         xr
ram              0x20000000         0x00005000         xrw
*default*        0x00000000         0xffffffff

Linker script and memory map

                0x20005000                _eram = 0x20005000

.text           0x08000000     0x1b24
 *(.isr_vector)
 .isr_vector    0x08000000      0x10c ..\obj\startup_stm32f10x_md.o
                0x08000000                g_pfnVectors
 *(.text*)
 .text.HAL_CAN_Init
                0x0800010c      0x200 ..\obj\stm32f1xx_hal_can.o
                0x0800010c                HAL_CAN_Init
 .text.HAL_Init
                0x0800030c       0x2c ..\obj\stm32f1xx_hal.o
                0x0800030c                HAL_Init
 .text.HAL_InitTick
                0x08000338       0x38 ..\obj\stm32f1xx_hal.o
                0x08000338                HAL_InitTick
 .text.HAL_IncTick
                0x08000370       0x1c ..\obj\stm32f1xx_hal.o
                0x08000370                HAL_IncTick
 .text.HAL_GetTick
                0x0800038c       0x14 ..\obj\stm32f1xx_hal.o
                0x0800038c                HAL_GetTick
 .text.NMI_Handler
                0x080003a0        0xc ..\obj\stm32f1xx_it.o
                0x080003a0                NMI_Handler
 .text.HardFault_Handler
                0x080003ac        0x8 ..\obj\stm32f1xx_it.o
                0x080003ac                HardFault_Handler
 .text.MemManage_Handler
                0x080003b4        0x8 ..\obj\stm32f1xx_it.o
                0x080003b4                MemManage_Handler
 .text.BusFault_Handler
                0x080003bc        0x8 ..\obj\stm32f1xx_it.o
                0x080003bc                BusFault_Handler
 .text.UsageFault_Handler
                0x080003c4        0x8 ..\obj\stm32f1xx_it.o
                0x080003c4                UsageFault_Handler
 .text.SVC_Handler
                0x080003cc        0xc ..\obj\stm32f1xx_it.o
                0x080003cc                SVC_Handler
 .text.DebugMon_Handler
                0x080003d8        0xc ..\obj\stm32f1xx_it.o
                0x080003d8                DebugMon_Handler
 .text.PendSV_Handler
                0x080003e4        0xc ..\obj\stm32f1xx_it.o
                0x080003e4                PendSV_Handler
 .text.SysTick_Handler
                0x080003f0       0x10 ..\obj\stm32f1xx_it.o
                0x080003f0                SysTick_Handler
 .text.NVIC_SetPriorityGrouping
                0x08000400       0x48 ..\obj\stm32f1xx_hal_cortex.o
 .text.NVIC_GetPriorityGrouping
                0x08000448       0x1c ..\obj\stm32f1xx_hal_cortex.o
 .text.NVIC_SetPriority
                0x08000464       0x54 ..\obj\stm32f1xx_hal_cortex.o
 .text.NVIC_EncodePriority
                0x080004b8       0x60 ..\obj\stm32f1xx_hal_cortex.o
 .text.SysTick_Config
                0x08000518       0x44 ..\obj\stm32f1xx_hal_cortex.o
 .text.HAL_NVIC_SetPriorityGrouping
                0x0800055c       0x18 ..\obj\stm32f1xx_hal_cortex.o
                0x0800055c                HAL_NVIC_SetPriorityGrouping
 .text.HAL_NVIC_SetPriority
                0x08000574       0x38 ..\obj\stm32f1xx_hal_cortex.o
                0x08000574                HAL_NVIC_SetPriority
 .text.HAL_SYSTICK_Config
                0x080005ac       0x18 ..\obj\stm32f1xx_hal_cortex.o
                0x080005ac                HAL_SYSTICK_Config
 .text.HAL_SYSTICK_CLKSourceConfig
                0x080005c4       0x38 ..\obj\stm32f1xx_hal_cortex.o
                0x080005c4                HAL_SYSTICK_CLKSourceConfig
 .text.HAL_SYSTICK_IRQHandler
                0x080005fc        0xc ..\obj\stm32f1xx_hal_cortex.o
                0x080005fc                HAL_SYSTICK_IRQHandler
 .text.HAL_SYSTICK_Callback
                0x08000608        0xc ..\obj\stm32f1xx_hal_cortex.o
                0x08000608                HAL_SYSTICK_Callback
 .text.SystemInit
                0x08000614       0x68 ..\obj\system_stm32f1xx.o
                0x08000614                SystemInit
 .text.HAL_RCC_OscConfig
                0x0800067c      0x4c8 ..\obj\stm32f1xx_hal_rcc.o
                0x0800067c                HAL_RCC_OscConfig
 .text.HAL_RCC_ClockConfig
                0x08000b44      0x1e8 ..\obj\stm32f1xx_hal_rcc.o
                0x08000b44                HAL_RCC_ClockConfig
 .text.HAL_RCC_GetSysClockFreq
                0x08000d2c       0xc8 ..\obj\stm32f1xx_hal_rcc.o
                0x08000d2c                HAL_RCC_GetSysClockFreq
 .text.HAL_RCC_GetHCLKFreq
                0x08000df4       0x14 ..\obj\stm32f1xx_hal_rcc.o
                0x08000df4                HAL_RCC_GetHCLKFreq
 .text.RCC_Delay
                0x08000e08       0x3c ..\obj\stm32f1xx_hal_rcc.o
 .text.Default_Reset_Handler
                0x08000e44       0x60 ..\obj\startup_stm32f10x_md.o
                0x08000e44                Default_Reset_Handler
                0x08000e44                Reset_Handler
 .text.Default_Handler
                0x08000ea4        0x8 ..\obj\startup_stm32f10x_md.o
                0x08000ea4                EXTI2_IRQHandler
                0x08000ea4                TIM1_CC_IRQHandler
                0x08000ea4                PVD_IRQHandler
                0x08000ea4                EXTI3_IRQHandler
                0x08000ea4                EXTI0_IRQHandler
                0x08000ea4                I2C2_EV_IRQHandler
                0x08000ea4                ADC1_2_IRQHandler
                0x08000ea4                SPI1_IRQHandler
                0x08000ea4                TAMPER_IRQHandler
                0x08000ea4                DMA1_Channel4_IRQHandler
                0x08000ea4                USART3_IRQHandler
                0x08000ea4                RTC_IRQHandler
                0x08000ea4                DMA1_Channel7_IRQHandler
                0x08000ea4                CAN1_RX1_IRQHandler
                0x08000ea4                TIM4_IRQHandler
                0x08000ea4                I2C1_EV_IRQHandler
                0x08000ea4                DMA1_Channel6_IRQHandler
                0x08000ea4                TIM3_IRQHandler
                0x08000ea4                RCC_IRQHandler
                0x08000ea4                TIM1_TRG_COM_IRQHandler
                0x08000ea4                DMA1_Channel1_IRQHandler
                0x08000ea4                EXTI15_10_IRQHandler
                0x08000ea4                EXTI9_5_IRQHandler
                0x08000ea4                SPI2_IRQHandler
                0x08000ea4                DMA1_Channel5_IRQHandler
                0x08000ea4                EXTI4_IRQHandler
                0x08000ea4                USB_LP_CAN1_RX0_IRQHandler
                0x08000ea4                USB_HP_CAN1_TX_IRQHandler
                0x08000ea4                DMA1_Channel3_IRQHandler
                0x08000ea4                TIM1_UP_IRQHandler
                0x08000ea4                WWDG_IRQHandler
                0x08000ea4                TIM2_IRQHandler
                0x08000ea4                TIM1_BRK_IRQHandler
                0x08000ea4                EXTI1_IRQHandler
                0x08000ea4                RTCAlarm_IRQHandler
                0x08000ea4                USART2_IRQHandler
                0x08000ea4                I2C2_ER_IRQHandler
                0x08000ea4                DMA1_Channel2_IRQHandler
                0x08000ea4                CAN1_SCE_IRQHandler
                0x08000ea4                FLASH_IRQHandler
                0x08000ea4                USART1_IRQHandler
                0x08000ea4                I2C1_ER_IRQHandler
                0x08000ea4                USBWakeUp_IRQHandler
 .text.main     0x08000eac       0x4c ..\obj\main.o
                0x08000eac                main
 .text.SystemClock_Config
                0x08000ef8       0xa4 ..\obj\main.o
                0x08000ef8                SystemClock_Config
 .text.MX_CAN_Init
                0x08000f9c       0x70 ..\obj\main.o
 .text.MX_SPI1_Init
                0x0800100c       0x74 ..\obj\main.o
 .text.MX_GPIO_Init
                0x08001080       0x84 ..\obj\main.o
 .text._Error_Handler
                0x08001104        0xc ..\obj\main.o
                0x08001104                _Error_Handler
 .text.HAL_SPI_Init
                0x08001110       0xc8 ..\obj\stm32f1xx_hal_spi_ex.o
                0x08001110                HAL_SPI_Init
 .text.HAL_GPIO_Init
                0x080011d8      0x2bc ..\obj\stm32f1xx_hal_gpio.o
                0x080011d8                HAL_GPIO_Init
 .text.HAL_GPIO_WritePin
                0x08001494       0x30 ..\obj\stm32f1xx_hal_gpio.o
                0x08001494                HAL_GPIO_WritePin
 .text.HAL_GPIO_TogglePin
                0x080014c4       0x24 ..\obj\stm32f1xx_hal_gpio.o
                0x080014c4                HAL_GPIO_TogglePin
 .text.HAL_SPI_TransmitReceive
                0x080014e8      0x340 ..\obj\stm32f1xx_hal_spi.o
                0x080014e8                HAL_SPI_TransmitReceive
 .text.SPI_WaitFlagStateUntilTimeout
                0x08001828       0xd4 ..\obj\stm32f1xx_hal_spi.o
 .text.SPI_CheckFlag_BSY
                0x080018fc       0x3c ..\obj\stm32f1xx_hal_spi.o
 .text.HAL_MspInit
                0x08001938       0xa0 ..\obj\stm32f1xx_hal_msp.o
                0x08001938                HAL_MspInit
 .text.HAL_CAN_MspInit
                0x080019d8       0x74 ..\obj\stm32f1xx_hal_msp.o
                0x080019d8                HAL_CAN_MspInit
 .text.HAL_SPI_MspInit
                0x08001a4c       0x70 ..\obj\stm32f1xx_hal_msp.o
                0x08001a4c                HAL_SPI_MspInit
 *(.init)
 *(.fini)
 *crtbegin.o(.ctors)
 *crtbegin?.o(.ctors)
 *(EXCLUDE_FILE(*crtend.o *crtend?.o) .ctors)
 *(SORT(.ctors.*))
 *(.ctors)
 *crtbegin.o(.dtors)
 *crtbegin?.o(.dtors)
 *(EXCLUDE_FILE(*crtend.o *crtend?.o) .dtors)
 *(SORT(.dtors.*))
 *(.dtors)
 *(.rodata*)
 .rodata        0x08001abc       0x18 ..\obj\system_stm32f1xx.o
                0x08001abc                AHBPrescTable
                0x08001acc                APBPrescTable
 .rodata        0x08001ad4       0x12 ..\obj\stm32f1xx_hal_rcc.o
 *fill*         0x08001ae6        0x2 
 .rodata        0x08001ae8       0x3c ..\obj\main.o
 *(.eh_fram e*)

.glue_7         0x08001b24        0x0
 .glue_7        0x08001b24        0x0 linker stubs

.glue_7t        0x08001b24        0x0
 .glue_7t       0x08001b24        0x0 linker stubs

.vfp11_veneer   0x08001b24        0x0
 .vfp11_veneer  0x08001b24        0x0 linker stubs

.v4_bx          0x08001b24        0x0
 .v4_bx         0x08001b24        0x0 linker stubs

.iplt           0x08001b24        0x0
 .iplt          0x08001b24        0x0 ..\obj\stm32f1xx_hal_rcc_ex.o

.rel.dyn        0x08001b24        0x0
 .rel.iplt      0x08001b24        0x0 ..\obj\stm32f1xx_hal_rcc_ex.o

.ARM.extab
 *(.ARM.extab* .gnu.linkonce.armextab.*)
                0x08001b24                __exidx_start = .

.ARM.exidx
 *(.ARM.exidx* .gnu.linkonce.armexidx.*)
                0x08001b24                __exidx_end = .
                0x08001b24                __etext = .
                0x08001b24                _sidata = __etext

.data           0x20000000       0x24 load address 0x08001b24
                0x20000000                __data_start__ = .
                0x20000000                _sdata = __data_start__
 *(vtable)
 *(.data*)
 .data          0x20000000        0x4 ..\obj\system_stm32f1xx.o
                0x20000000                SystemCoreClock
 .data          0x20000004       0x1e ..\obj\main.o
                0x20000004                can_to_spi_buffer
                0x20000024                . = ALIGN (0x4)
 *fill*         0x20000022        0x2 
                [!provide]                PROVIDE (__preinit_array_start, .)
 *(.preinit_array)
                [!provide]                PROVIDE (__preinit_array_end, .)
                0x20000024                . = ALIGN (0x4)
                [!provide]                PROVIDE (__init_array_start, .)
 *(SORT(.init_array.*))
 *(.init_array)
                [!provide]                PROVIDE (__init_array_end, .)
                0x20000024                . = ALIGN (0x4)
                [!provide]                PROVIDE (__fini_array_start, .)
 *(SORT(.fini_array.*))
 *(.fini_array)
                [!provide]                PROVIDE (__fini_array_end, .)
 *(.jcr*)
                0x20000024                . = ALIGN (0x4)
                0x20000024                __data_end__ = .
                0x20000024                _edata = __data_end__

.igot.plt       0x20000024        0x0 load address 0x08001b48
 .igot.plt      0x20000024        0x0 ..\obj\stm32f1xx_hal_rcc_ex.o

.bss            0x20000024      0x250 load address 0x08001b48
                0x20000024                . = ALIGN (0x4)
                0x20000024                __bss_start__ = .
                0x20000024                _sbss = __bss_start__
 *(.bss*)
 *(COMMON)
 COMMON         0x20000024        0x4 ..\obj\stm32f1xx_hal.o
                0x20000024                uwTick
 COMMON         0x20000028      0x24c ..\obj\main.o
                0x20000028                hcan
                0x2000006c                can_tx_data
                0x20000134                hspi1
                0x2000018c                temp_buf
                0x200001ac                can_rx_data
                0x20000274                . = ALIGN (0x4)
                0x20000274                __bss_end__ = .
                0x20000274                _ebss = __bss_end__

.heap           0x20000274        0x0
                0x20000274                __end__ = .
                0x20000274                _end = __end__
                0x20000274                end = __end__
 *(.heap*)
                0x20000274                __HeapLimit = .

.co_stack       0x20000274      0x404 load address 0x08001d98
                0x20000278                . = ALIGN (0x8)
 *fill*         0x20000274        0x4 
 *(.co_stack .co_stack.*)
 .co_stack      0x20000278      0x400 ..\obj\startup_stm32f10x_md.o
                0x20000278                pulStack
                0x20005000                __StackTop = (ORIGIN (ram) + LENGTH (ram))
                0x20004bfc                __StackLimit = (__StackTop - SIZEOF (.co_stack))
                [!provide]                PROVIDE (__stack, __StackTop)
                0x00000001                ASSERT ((__StackLimit >= __HeapLimit), region ram  overflowed with stack)
LOAD ..\obj\stm32f1xx_hal_rcc_ex.o
LOAD ..\obj\stm32f1xx_hal_pwr.o
LOAD ..\obj\stm32f1xx_hal_can.o
LOAD ..\obj\stm32f1xx_hal.o
LOAD ..\obj\stm32f1xx_it.o
LOAD ..\obj\stm32f1xx_hal_gpio_ex.o
LOAD ..\obj\stm32f1xx_hal_cortex.o
LOAD ..\obj\system_stm32f1xx.o
LOAD ..\obj\stm32f1xx_hal_rcc.o
LOAD ..\obj\startup_stm32f10x_md.o
LOAD ..\obj\main.o
LOAD ..\obj\stm32f1xx_hal_spi_ex.o
LOAD ..\obj\stm32f1xx_hal_flash.o
LOAD ..\obj\stm32f1xx_hal_gpio.o
LOAD ..\obj\stm32f1xx_hal_dma.o
LOAD ..\obj\stm32f1xx_hal_spi.o
LOAD ..\obj\stm32f1xx_hal_msp.o
LOAD ..\obj\stm32f1xx_hal_tim.o
LOAD ..\obj\stm32f1xx_hal_flash_ex.o
LOAD ..\obj\stm32f1xx_hal_tim_ex.o
START GROUP
LOAD c:/stm/gcc-arm-none-eabi-5_4-2016q3-20160926-win32/bin/../lib/gcc/arm-none-eabi/5.4.1/armv7-m\libgcc.a
LOAD c:/stm/gcc-arm-none-eabi-5_4-2016q3-20160926-win32/bin/../lib/gcc/arm-none-eabi/5.4.1/../../../../arm-none-eabi/lib/armv7-m\libg.a
LOAD c:/stm/gcc-arm-none-eabi-5_4-2016q3-20160926-win32/bin/../lib/gcc/arm-none-eabi/5.4.1/../../../../arm-none-eabi/lib/armv7-m\libc.a
END GROUP
OUTPUT(CAN_SPI_Master.elf elf32-littlearm)

.debug_info     0x00000000     0x669b
 .debug_info    0x00000000      0xb09 ..\obj\stm32f1xx_hal_can.o
 .debug_info    0x00000b09      0x5cf ..\obj\stm32f1xx_hal.o
 .debug_info    0x000010d8      0x141 ..\obj\stm32f1xx_it.o
 .debug_info    0x00001219      0xabc ..\obj\stm32f1xx_hal_cortex.o
 .debug_info    0x00001cd5      0x3d2 ..\obj\system_stm32f1xx.o
 .debug_info    0x000020a7      0x7c6 ..\obj\stm32f1xx_hal_rcc.o
 .debug_info    0x0000286d       0xee ..\obj\startup_stm32f10x_md.o
 .debug_info    0x0000295b      0xf9d ..\obj\main.o
 .debug_info    0x000038f8      0x5a5 ..\obj\stm32f1xx_hal_spi_ex.o
 .debug_info    0x00003e9d      0x5f5 ..\obj\stm32f1xx_hal_gpio.o
 .debug_info    0x00004492     0x13f7 ..\obj\stm32f1xx_hal_spi.o
 .debug_info    0x00005889      0xe12 ..\obj\stm32f1xx_hal_msp.o

.debug_abbrev   0x00000000     0x1350
 .debug_abbrev  0x00000000      0x1ea ..\obj\stm32f1xx_hal_can.o
 .debug_abbrev  0x000001ea      0x1ca ..\obj\stm32f1xx_hal.o
 .debug_abbrev  0x000003b4       0x7f ..\obj\stm32f1xx_it.o
 .debug_abbrev  0x00000433      0x2a4 ..\obj\stm32f1xx_hal_cortex.o
 .debug_abbrev  0x000006d7      0x120 ..\obj\system_stm32f1xx.o
 .debug_abbrev  0x000007f7      0x24b ..\obj\stm32f1xx_hal_rcc.o
 .debug_abbrev  0x00000a42       0xa7 ..\obj\startup_stm32f10x_md.o
 .debug_abbrev  0x00000ae9      0x200 ..\obj\main.o
 .debug_abbrev  0x00000ce9      0x124 ..\obj\stm32f1xx_hal_spi_ex.o
 .debug_abbrev  0x00000e0d      0x1ac ..\obj\stm32f1xx_hal_gpio.o
 .debug_abbrev  0x00000fb9      0x217 ..\obj\stm32f1xx_hal_spi.o
 .debug_abbrev  0x000011d0      0x180 ..\obj\stm32f1xx_hal_msp.o

.debug_aranges  0x00000000      0x678
 .debug_aranges
                0x00000000       0xb0 ..\obj\stm32f1xx_hal_can.o
 .debug_aranges
                0x000000b0       0xb8 ..\obj\stm32f1xx_hal.o
 .debug_aranges
                0x00000168       0x60 ..\obj\stm32f1xx_it.o
 .debug_aranges
                0x000001c8      0x100 ..\obj\stm32f1xx_hal_cortex.o
 .debug_aranges
                0x000002c8       0x28 ..\obj\system_stm32f1xx.o
 .debug_aranges
                0x000002f0       0x90 ..\obj\stm32f1xx_hal_rcc.o
 .debug_aranges
                0x00000380       0x28 ..\obj\startup_stm32f10x_md.o
 .debug_aranges
                0x000003a8       0x48 ..\obj\main.o
 .debug_aranges
                0x000003f0       0x20 ..\obj\stm32f1xx_hal_spi_ex.o
 .debug_aranges
                0x00000410       0x58 ..\obj\stm32f1xx_hal_gpio.o
 .debug_aranges
                0x00000468      0x1d0 ..\obj\stm32f1xx_hal_spi.o
 .debug_aranges
                0x00000638       0x40 ..\obj\stm32f1xx_hal_msp.o

.debug_ranges   0x00000000      0x5b8
 .debug_ranges  0x00000000       0xa0 ..\obj\stm32f1xx_hal_can.o
 .debug_ranges  0x000000a0       0xa8 ..\obj\stm32f1xx_hal.o
 .debug_ranges  0x00000148       0x50 ..\obj\stm32f1xx_it.o
 .debug_ranges  0x00000198       0xf0 ..\obj\stm32f1xx_hal_cortex.o
 .debug_ranges  0x00000288       0x18 ..\obj\system_stm32f1xx.o
 .debug_ranges  0x000002a0       0x80 ..\obj\stm32f1xx_hal_rcc.o
 .debug_ranges  0x00000320       0x18 ..\obj\startup_stm32f10x_md.o
 .debug_ranges  0x00000338       0x38 ..\obj\main.o
 .debug_ranges  0x00000370       0x10 ..\obj\stm32f1xx_hal_spi_ex.o
 .debug_ranges  0x00000380       0x48 ..\obj\stm32f1xx_hal_gpio.o
 .debug_ranges  0x000003c8      0x1c0 ..\obj\stm32f1xx_hal_spi.o
 .debug_ranges  0x00000588       0x30 ..\obj\stm32f1xx_hal_msp.o

.debug_line     0x00000000     0x354a
 .debug_line    0x00000000      0x7bc ..\obj\stm32f1xx_hal_can.o
 .debug_line    0x000007bc      0x401 ..\obj\stm32f1xx_hal.o
 .debug_line    0x00000bbd      0x222 ..\obj\stm32f1xx_it.o
 .debug_line    0x00000ddf      0x4bf ..\obj\stm32f1xx_hal_cortex.o
 .debug_line    0x0000129e      0x246 ..\obj\system_stm32f1xx.o
 .debug_line    0x000014e4      0x569 ..\obj\stm32f1xx_hal_rcc.o
 .debug_line    0x00001a4d       0xae ..\obj\startup_stm32f10x_md.o
 .debug_line    0x00001afb      0x39f ..\obj\main.o
 .debug_line    0x00001e9a      0x2c4 ..\obj\stm32f1xx_hal_spi_ex.o
 .debug_line    0x0000215e      0x489 ..\obj\stm32f1xx_hal_gpio.o
 .debug_line    0x000025e7      0xc3c ..\obj\stm32f1xx_hal_spi.o
 .debug_line    0x00003223      0x327 ..\obj\stm32f1xx_hal_msp.o

.debug_str      0x00000000     0x20f0
 .debug_str     0x00000000      0x721 ..\obj\stm32f1xx_hal_can.o
                                0x7cb (size before relaxing)
 .debug_str     0x00000721      0x55d ..\obj\stm32f1xx_hal.o
                                0x746 (size before relaxing)
 .debug_str     0x00000c7e       0xd4 ..\obj\stm32f1xx_it.o
                                0x257 (size before relaxing)
 .debug_str     0x00000d52      0x322 ..\obj\stm32f1xx_hal_cortex.o
                                0x8f1 (size before relaxing)
 .debug_str     0x00001074       0x97 ..\obj\system_stm32f1xx.o
                                0x298 (size before relaxing)
 .debug_str     0x0000110b      0x383 ..\obj\stm32f1xx_hal_rcc.o
                                0x63a (size before relaxing)
 .debug_str     0x0000148e       0xbc ..\obj\startup_stm32f10x_md.o
                                0x153 (size before relaxing)
 .debug_str     0x0000154a      0x41d ..\obj\main.o
                                0xdac (size before relaxing)
 .debug_str     0x00001967       0x7b ..\obj\stm32f1xx_hal_spi_ex.o
                                0x609 (size before relaxing)
 .debug_str     0x000019e2      0x1a3 ..\obj\stm32f1xx_hal_gpio.o
                                0x44c (size before relaxing)
 .debug_str     0x00001b85      0x522 ..\obj\stm32f1xx_hal_spi.o
                                0xb05 (size before relaxing)
 .debug_str     0x000020a7       0x49 ..\obj\stm32f1xx_hal_msp.o
                                0xc38 (size before relaxing)

.comment        0x00000000       0x6e
 .comment       0x00000000       0x6e ..\obj\stm32f1xx_hal_can.o
                                 0x6f (size before relaxing)
 .comment       0x0000006e       0x6f ..\obj\stm32f1xx_hal.o
 .comment       0x0000006e       0x6f ..\obj\stm32f1xx_it.o
 .comment       0x0000006e       0x6f ..\obj\stm32f1xx_hal_cortex.o
 .comment       0x0000006e       0x6f ..\obj\system_stm32f1xx.o
 .comment       0x0000006e       0x6f ..\obj\stm32f1xx_hal_rcc.o
 .comment       0x0000006e       0x6f ..\obj\startup_stm32f10x_md.o
 .comment       0x0000006e       0x6f ..\obj\main.o
 .comment       0x0000006e       0x6f ..\obj\stm32f1xx_hal_spi_ex.o
 .comment       0x0000006e       0x6f ..\obj\stm32f1xx_hal_gpio.o
 .comment       0x0000006e       0x6f ..\obj\stm32f1xx_hal_spi.o
 .comment       0x0000006e       0x6f ..\obj\stm32f1xx_hal_msp.o

.ARM.attributes
                0x00000000       0x33
 .ARM.attributes
                0x00000000       0x33 ..\obj\stm32f1xx_hal_can.o
 .ARM.attributes
                0x00000033       0x33 ..\obj\stm32f1xx_hal.o
 .ARM.attributes
                0x00000066       0x33 ..\obj\stm32f1xx_it.o
 .ARM.attributes
                0x00000099       0x33 ..\obj\stm32f1xx_hal_cortex.o
 .ARM.attributes
                0x000000cc       0x33 ..\obj\system_stm32f1xx.o
 .ARM.attributes
                0x000000ff       0x33 ..\obj\stm32f1xx_hal_rcc.o
 .ARM.attributes
                0x00000132       0x33 ..\obj\startup_stm32f10x_md.o
 .ARM.attributes
                0x00000165       0x33 ..\obj\main.o
 .ARM.attributes
                0x00000198       0x33 ..\obj\stm32f1xx_hal_spi_ex.o
 .ARM.attributes
                0x000001cb       0x33 ..\obj\stm32f1xx_hal_gpio.o
 .ARM.attributes
                0x000001fe       0x33 ..\obj\stm32f1xx_hal_spi.o
 .ARM.attributes
                0x00000231       0x33 ..\obj\stm32f1xx_hal_msp.o

.debug_frame    0x00000000     0x18b0
 .debug_frame   0x00000000      0x2f4 ..\obj\stm32f1xx_hal_can.o
 .debug_frame   0x000002f4      0x298 ..\obj\stm32f1xx_hal.o
 .debug_frame   0x0000058c      0x10c ..\obj\stm32f1xx_it.o
 .debug_frame   0x00000698      0x428 ..\obj\stm32f1xx_hal_cortex.o
 .debug_frame   0x00000ac0       0x58 ..\obj\system_stm32f1xx.o
 .debug_frame   0x00000b18      0x218 ..\obj\stm32f1xx_hal_rcc.o
 .debug_frame   0x00000d30       0x4c ..\obj\startup_stm32f10x_md.o
 .debug_frame   0x00000d7c       0xcc ..\obj\main.o
 .debug_frame   0x00000e48       0x34 ..\obj\stm32f1xx_hal_spi_ex.o
 .debug_frame   0x00000e7c      0x14c ..\obj\stm32f1xx_hal_gpio.o
 .debug_frame   0x00000fc8      0x824 ..\obj\stm32f1xx_hal_spi.o
 .debug_frame   0x000017ec       0xc4 ..\obj\stm32f1xx_hal_msp.o
