
Allocating common symbols
Common symbol       size              file

hUsbDeviceFS        0x224             ..\obj\usb_device.o
retrans_buf         0x24              ..\obj\main.o
p_data              0x20              ..\obj\main.o
hcan                0x44              ..\obj\main.o
uwTick              0x4               ..\obj\stm32f1xx_hal.o
pFlash              0x20              ..\obj\stm32f1xx_hal_flash.o
UserRxBufferFS      0x40              ..\obj\usbd_cdc_if.o
i                   0x4               ..\obj\main.o
UserTxBufferFS      0x40              ..\obj\usbd_cdc_if.o
hspi1               0x58              ..\obj\main.o
hpcd_USB_FS         0x460             ..\obj\usbd_conf.o
data_rec            0x8               ..\obj\main.o
USBD_StrDesc        0x200             ..\obj\usbd_desc.o

Discarded input sections

 .text          0x00000000        0x0 ..\obj\stm32f1xx_hal_rcc_ex.o
 .data          0x00000000        0x0 ..\obj\stm32f1xx_hal_rcc_ex.o
 .bss           0x00000000        0x0 ..\obj\stm32f1xx_hal_rcc_ex.o
 .text.HAL_RCCEx_GetPeriphCLKConfig
                0x00000000       0x60 ..\obj\stm32f1xx_hal_rcc_ex.o
 .rodata        0x00000000       0x12 ..\obj\stm32f1xx_hal_rcc_ex.o
 .text.HAL_RCCEx_GetPeriphCLKFreq
                0x00000000      0x184 ..\obj\stm32f1xx_hal_rcc_ex.o
 .text          0x00000000        0x0 ..\obj\stm32f1xx_hal_pwr.o
 .data          0x00000000        0x0 ..\obj\stm32f1xx_hal_pwr.o
 .bss           0x00000000        0x0 ..\obj\stm32f1xx_hal_pwr.o
 .text.PWR_OverloadWfe
                0x00000000       0x10 ..\obj\stm32f1xx_hal_pwr.o
 .text.HAL_PWR_DeInit
                0x00000000       0x28 ..\obj\stm32f1xx_hal_pwr.o
 .text.HAL_PWR_EnableBkUpAccess
                0x00000000       0x18 ..\obj\stm32f1xx_hal_pwr.o
 .text.HAL_PWR_DisableBkUpAccess
                0x00000000       0x18 ..\obj\stm32f1xx_hal_pwr.o
 .text.HAL_PWR_ConfigPVD
                0x00000000       0xbc ..\obj\stm32f1xx_hal_pwr.o
 .text.HAL_PWR_EnablePVD
                0x00000000       0x18 ..\obj\stm32f1xx_hal_pwr.o
 .text.HAL_PWR_DisablePVD
                0x00000000       0x18 ..\obj\stm32f1xx_hal_pwr.o
 .text.HAL_PWR_EnableWakeUpPin
                0x00000000       0x38 ..\obj\stm32f1xx_hal_pwr.o
 .text.HAL_PWR_DisableWakeUpPin
                0x00000000       0x38 ..\obj\stm32f1xx_hal_pwr.o
 .text.HAL_PWR_EnterSLEEPMode
                0x00000000       0x38 ..\obj\stm32f1xx_hal_pwr.o
 .text.HAL_PWR_EnterSTOPMode
                0x00000000       0x64 ..\obj\stm32f1xx_hal_pwr.o
 .text.HAL_PWR_EnterSTANDBYMode
                0x00000000       0x30 ..\obj\stm32f1xx_hal_pwr.o
 .text.HAL_PWR_EnableSleepOnExit
                0x00000000       0x1c ..\obj\stm32f1xx_hal_pwr.o
 .text.HAL_PWR_DisableSleepOnExit
                0x00000000       0x1c ..\obj\stm32f1xx_hal_pwr.o
 .text.HAL_PWR_EnableSEVOnPend
                0x00000000       0x1c ..\obj\stm32f1xx_hal_pwr.o
 .text.HAL_PWR_DisableSEVOnPend
                0x00000000       0x1c ..\obj\stm32f1xx_hal_pwr.o
 .text.HAL_PWR_PVD_IRQHandler
                0x00000000       0x24 ..\obj\stm32f1xx_hal_pwr.o
 .text.HAL_PWR_PVDCallback
                0x00000000        0xc ..\obj\stm32f1xx_hal_pwr.o
 .debug_info    0x00000000      0x6dc ..\obj\stm32f1xx_hal_pwr.o
 .debug_abbrev  0x00000000      0x1fc ..\obj\stm32f1xx_hal_pwr.o
 .debug_aranges
                0x00000000       0xa8 ..\obj\stm32f1xx_hal_pwr.o
 .debug_ranges  0x00000000       0x98 ..\obj\stm32f1xx_hal_pwr.o
 .debug_line    0x00000000      0x433 ..\obj\stm32f1xx_hal_pwr.o
 .debug_str     0x00000000      0x4f0 ..\obj\stm32f1xx_hal_pwr.o
 .comment       0x00000000       0x6f ..\obj\stm32f1xx_hal_pwr.o
 .debug_frame   0x00000000      0x270 ..\obj\stm32f1xx_hal_pwr.o
 .ARM.attributes
                0x00000000       0x33 ..\obj\stm32f1xx_hal_pwr.o
 .text          0x00000000        0x0 ..\obj\stm32f1xx_hal_can.o
 .data          0x00000000        0x0 ..\obj\stm32f1xx_hal_can.o
 .bss           0x00000000        0x0 ..\obj\stm32f1xx_hal_can.o
 .text.HAL_CAN_Init
                0x00000000      0x200 ..\obj\stm32f1xx_hal_can.o
 .text.HAL_CAN_ConfigFilter
                0x00000000      0x1a4 ..\obj\stm32f1xx_hal_can.o
 .text.HAL_CAN_DeInit
                0x00000000       0x3c ..\obj\stm32f1xx_hal_can.o
 .text.HAL_CAN_MspInit
                0x00000000       0x14 ..\obj\stm32f1xx_hal_can.o
 .text.HAL_CAN_MspDeInit
                0x00000000       0x14 ..\obj\stm32f1xx_hal_can.o
 .text.HAL_CAN_Transmit
                0x00000000      0x354 ..\obj\stm32f1xx_hal_can.o
 .text.HAL_CAN_Transmit_IT
                0x00000000      0x264 ..\obj\stm32f1xx_hal_can.o
 .text.HAL_CAN_Receive
                0x00000000      0x3a0 ..\obj\stm32f1xx_hal_can.o
 .text.HAL_CAN_Receive_IT
                0x00000000      0x16c ..\obj\stm32f1xx_hal_can.o
 .text.HAL_CAN_Sleep
                0x00000000       0xc8 ..\obj\stm32f1xx_hal_can.o
 .text.HAL_CAN_WakeUp
                0x00000000       0xa8 ..\obj\stm32f1xx_hal_can.o
 .text.HAL_CAN_GetState
                0x00000000       0x1c ..\obj\stm32f1xx_hal_can.o
 .text.HAL_CAN_GetError
                0x00000000       0x18 ..\obj\stm32f1xx_hal_can.o
 .text          0x00000000        0x0 ..\obj\stm32f1xx_hal.o
 .data          0x00000000        0x0 ..\obj\stm32f1xx_hal.o
 .bss           0x00000000        0x0 ..\obj\stm32f1xx_hal.o
 .text.HAL_DeInit
                0x00000000       0x30 ..\obj\stm32f1xx_hal.o
 .text.HAL_MspInit
                0x00000000        0xc ..\obj\stm32f1xx_hal.o
 .text.HAL_MspDeInit
                0x00000000        0xc ..\obj\stm32f1xx_hal.o
 .text.HAL_SuspendTick
                0x00000000       0x1c ..\obj\stm32f1xx_hal.o
 .text.HAL_ResumeTick
                0x00000000       0x1c ..\obj\stm32f1xx_hal.o
 .text.HAL_GetHalVersion
                0x00000000       0x14 ..\obj\stm32f1xx_hal.o
 .text.HAL_GetREVID
                0x00000000       0x18 ..\obj\stm32f1xx_hal.o
 .text.HAL_GetDEVID
                0x00000000       0x18 ..\obj\stm32f1xx_hal.o
 .text.HAL_DBGMCU_EnableDBGSleepMode
                0x00000000       0x1c ..\obj\stm32f1xx_hal.o
 .text.HAL_DBGMCU_DisableDBGSleepMode
                0x00000000       0x1c ..\obj\stm32f1xx_hal.o
 .text.HAL_DBGMCU_EnableDBGStopMode
                0x00000000       0x1c ..\obj\stm32f1xx_hal.o
 .text.HAL_DBGMCU_DisableDBGStopMode
                0x00000000       0x1c ..\obj\stm32f1xx_hal.o
 .text.HAL_DBGMCU_EnableDBGStandbyMode
                0x00000000       0x1c ..\obj\stm32f1xx_hal.o
 .text.HAL_DBGMCU_DisableDBGStandbyMode
                0x00000000       0x1c ..\obj\stm32f1xx_hal.o
 .text.HAL_GetUID
                0x00000000       0x3c ..\obj\stm32f1xx_hal.o
 .text          0x00000000        0x0 ..\obj\stm32f1xx_it.o
 .data          0x00000000        0x0 ..\obj\stm32f1xx_it.o
 .bss           0x00000000        0x0 ..\obj\stm32f1xx_it.o
 .text          0x00000000        0x0 ..\obj\stm32f1xx_hal_gpio_ex.o
 .data          0x00000000        0x0 ..\obj\stm32f1xx_hal_gpio_ex.o
 .bss           0x00000000        0x0 ..\obj\stm32f1xx_hal_gpio_ex.o
 .text.HAL_GPIOEx_ConfigEventout
                0x00000000       0x2c ..\obj\stm32f1xx_hal_gpio_ex.o
 .text.HAL_GPIOEx_EnableEventout
                0x00000000       0x1c ..\obj\stm32f1xx_hal_gpio_ex.o
 .text.HAL_GPIOEx_DisableEventout
                0x00000000       0x1c ..\obj\stm32f1xx_hal_gpio_ex.o
 .debug_info    0x00000000      0x183 ..\obj\stm32f1xx_hal_gpio_ex.o
 .debug_abbrev  0x00000000       0xcb ..\obj\stm32f1xx_hal_gpio_ex.o
 .debug_aranges
                0x00000000       0x30 ..\obj\stm32f1xx_hal_gpio_ex.o
 .debug_ranges  0x00000000       0x20 ..\obj\stm32f1xx_hal_gpio_ex.o
 .debug_line    0x00000000      0x23d ..\obj\stm32f1xx_hal_gpio_ex.o
 .debug_str     0x00000000      0x29a ..\obj\stm32f1xx_hal_gpio_ex.o
 .comment       0x00000000       0x6f ..\obj\stm32f1xx_hal_gpio_ex.o
 .debug_frame   0x00000000       0x78 ..\obj\stm32f1xx_hal_gpio_ex.o
 .ARM.attributes
                0x00000000       0x33 ..\obj\stm32f1xx_hal_gpio_ex.o
 .text          0x00000000        0x0 ..\obj\stm32f1xx_hal_cortex.o
 .data          0x00000000        0x0 ..\obj\stm32f1xx_hal_cortex.o
 .bss           0x00000000        0x0 ..\obj\stm32f1xx_hal_cortex.o
 .text.NVIC_DisableIRQ
                0x00000000       0x34 ..\obj\stm32f1xx_hal_cortex.o
 .text.NVIC_GetPendingIRQ
                0x00000000       0x34 ..\obj\stm32f1xx_hal_cortex.o
 .text.NVIC_SetPendingIRQ
                0x00000000       0x34 ..\obj\stm32f1xx_hal_cortex.o
 .text.NVIC_ClearPendingIRQ
                0x00000000       0x34 ..\obj\stm32f1xx_hal_cortex.o
 .text.NVIC_GetActive
                0x00000000       0x34 ..\obj\stm32f1xx_hal_cortex.o
 .text.NVIC_GetPriority
                0x00000000       0x4c ..\obj\stm32f1xx_hal_cortex.o
 .text.NVIC_DecodePriority
                0x00000000       0x68 ..\obj\stm32f1xx_hal_cortex.o
 .text.NVIC_SystemReset
                0x00000000       0x28 ..\obj\stm32f1xx_hal_cortex.o
 .text.HAL_NVIC_DisableIRQ
                0x00000000       0x1c ..\obj\stm32f1xx_hal_cortex.o
 .text.HAL_NVIC_SystemReset
                0x00000000        0xc ..\obj\stm32f1xx_hal_cortex.o
 .text.HAL_NVIC_GetPriorityGrouping
                0x00000000       0x10 ..\obj\stm32f1xx_hal_cortex.o
 .text.HAL_NVIC_GetPriority
                0x00000000       0x2c ..\obj\stm32f1xx_hal_cortex.o
 .text.HAL_NVIC_SetPendingIRQ
                0x00000000       0x1c ..\obj\stm32f1xx_hal_cortex.o
 .text.HAL_NVIC_GetPendingIRQ
                0x00000000       0x20 ..\obj\stm32f1xx_hal_cortex.o
 .text.HAL_NVIC_ClearPendingIRQ
                0x00000000       0x1c ..\obj\stm32f1xx_hal_cortex.o
 .text.HAL_NVIC_GetActive
                0x00000000       0x20 ..\obj\stm32f1xx_hal_cortex.o
 .text          0x00000000        0x0 ..\obj\system_stm32f1xx.o
 .bss           0x00000000        0x0 ..\obj\system_stm32f1xx.o
 .text.SystemCoreClockUpdate
                0x00000000       0xd8 ..\obj\system_stm32f1xx.o
 .text          0x00000000        0x0 ..\obj\stm32f1xx_hal_rcc.o
 .data          0x00000000        0x0 ..\obj\stm32f1xx_hal_rcc.o
 .bss           0x00000000        0x0 ..\obj\stm32f1xx_hal_rcc.o
 .text.HAL_RCC_DeInit
                0x00000000       0x64 ..\obj\stm32f1xx_hal_rcc.o
 .text.HAL_RCC_MCOConfig
                0x00000000       0x70 ..\obj\stm32f1xx_hal_rcc.o
 .text.HAL_RCC_EnableCSS
                0x00000000       0x18 ..\obj\stm32f1xx_hal_rcc.o
 .text.HAL_RCC_DisableCSS
                0x00000000       0x18 ..\obj\stm32f1xx_hal_rcc.o
 .text.HAL_RCC_GetPCLK1Freq
                0x00000000       0x28 ..\obj\stm32f1xx_hal_rcc.o
 .text.HAL_RCC_GetPCLK2Freq
                0x00000000       0x28 ..\obj\stm32f1xx_hal_rcc.o
 .text.HAL_RCC_GetOscConfig
                0x00000000       0xfc ..\obj\stm32f1xx_hal_rcc.o
 .text.HAL_RCC_GetClockConfig
                0x00000000       0x60 ..\obj\stm32f1xx_hal_rcc.o
 .text.HAL_RCC_NMI_IRQHandler
                0x00000000       0x28 ..\obj\stm32f1xx_hal_rcc.o
 .text.HAL_RCC_CSSCallback
                0x00000000        0xc ..\obj\stm32f1xx_hal_rcc.o
 .text          0x00000000        0x0 ..\obj\startup_stm32f10x_md.o
 .data          0x00000000        0x0 ..\obj\startup_stm32f10x_md.o
 .bss           0x00000000        0x0 ..\obj\startup_stm32f10x_md.o
 .text          0x00000000        0x0 ..\obj\stm32f1xx_hal_pcd.o
 .data          0x00000000        0x0 ..\obj\stm32f1xx_hal_pcd.o
 .bss           0x00000000        0x0 ..\obj\stm32f1xx_hal_pcd.o
 .text.HAL_PCD_DeInit
                0x00000000       0x38 ..\obj\stm32f1xx_hal_pcd.o
 .text.HAL_PCD_MspInit
                0x00000000       0x14 ..\obj\stm32f1xx_hal_pcd.o
 .text.HAL_PCD_MspDeInit
                0x00000000       0x14 ..\obj\stm32f1xx_hal_pcd.o
 .text.HAL_PCD_Stop
                0x00000000       0x50 ..\obj\stm32f1xx_hal_pcd.o
 .text.HAL_PCD_DataOutStageCallback
                0x00000000       0x18 ..\obj\stm32f1xx_hal_pcd.o
 .text.HAL_PCD_DataInStageCallback
                0x00000000       0x18 ..\obj\stm32f1xx_hal_pcd.o
 .text.HAL_PCD_SetupStageCallback
                0x00000000       0x14 ..\obj\stm32f1xx_hal_pcd.o
 .text.HAL_PCD_SOFCallback
                0x00000000       0x14 ..\obj\stm32f1xx_hal_pcd.o
 .text.HAL_PCD_ResetCallback
                0x00000000       0x14 ..\obj\stm32f1xx_hal_pcd.o
 .text.HAL_PCD_SuspendCallback
                0x00000000       0x14 ..\obj\stm32f1xx_hal_pcd.o
 .text.HAL_PCD_ResumeCallback
                0x00000000       0x14 ..\obj\stm32f1xx_hal_pcd.o
 .text.HAL_PCD_ISOOUTIncompleteCallback
                0x00000000       0x18 ..\obj\stm32f1xx_hal_pcd.o
 .text.HAL_PCD_ISOINIncompleteCallback
                0x00000000       0x18 ..\obj\stm32f1xx_hal_pcd.o
 .text.HAL_PCD_ConnectCallback
                0x00000000       0x14 ..\obj\stm32f1xx_hal_pcd.o
 .text.HAL_PCD_DisconnectCallback
                0x00000000       0x14 ..\obj\stm32f1xx_hal_pcd.o
 .text.HAL_PCD_DevConnect
                0x00000000       0x44 ..\obj\stm32f1xx_hal_pcd.o
 .text.HAL_PCD_DevDisconnect
                0x00000000       0x44 ..\obj\stm32f1xx_hal_pcd.o
 .text.HAL_PCD_EP_Flush
                0x00000000       0x5c ..\obj\stm32f1xx_hal_pcd.o
 .text.HAL_PCD_ActivateRemoteWakeup
                0x00000000       0x1c ..\obj\stm32f1xx_hal_pcd.o
 .text.HAL_PCD_DeActivateRemoteWakeup
                0x00000000       0x1c ..\obj\stm32f1xx_hal_pcd.o
 .text.HAL_PCD_GetState
                0x00000000       0x1c ..\obj\stm32f1xx_hal_pcd.o
 .text          0x00000000        0x0 ..\obj\usbd_core.o
 .data          0x00000000        0x0 ..\obj\usbd_core.o
 .bss           0x00000000        0x0 ..\obj\usbd_core.o
 .text.USBD_DeInit
                0x00000000       0x3c ..\obj\usbd_core.o
 .text.USBD_Stop
                0x00000000       0x2c ..\obj\usbd_core.o
 .text.USBD_LL_IsoINIncomplete
                0x00000000       0x18 ..\obj\usbd_core.o
 .text.USBD_LL_IsoOUTIncomplete
                0x00000000       0x18 ..\obj\usbd_core.o
 .text.USBD_LL_DevConnected
                0x00000000       0x14 ..\obj\usbd_core.o
 .text.USBD_LL_DevDisconnected
                0x00000000       0x30 ..\obj\usbd_core.o
 .text          0x00000000        0x0 ..\obj\main.o
 .data          0x00000000        0x8 ..\obj\main.o
 .bss           0x00000000        0x0 ..\obj\main.o
 .text          0x00000000        0x0 ..\obj\stm32f1xx_ll_usb.o
 .data          0x00000000        0x0 ..\obj\stm32f1xx_ll_usb.o
 .bss           0x00000000        0x0 ..\obj\stm32f1xx_ll_usb.o
 .text.USB_FlushTxFifo
                0x00000000       0x18 ..\obj\stm32f1xx_ll_usb.o
 .text.USB_FlushRxFifo
                0x00000000       0x14 ..\obj\stm32f1xx_ll_usb.o
 .text.USB_WritePacket
                0x00000000       0x24 ..\obj\stm32f1xx_ll_usb.o
 .text.USB_ReadPacket
                0x00000000       0x1c ..\obj\stm32f1xx_ll_usb.o
 .text.USB_StopDevice
                0x00000000       0x2c ..\obj\stm32f1xx_ll_usb.o
 .text.USB_ReadDevAllOutEpInterrupt
                0x00000000       0x14 ..\obj\stm32f1xx_ll_usb.o
 .text.USB_ReadDevAllInEpInterrupt
                0x00000000       0x14 ..\obj\stm32f1xx_ll_usb.o
 .text.USB_ReadDevOutEPInterrupt
                0x00000000       0x18 ..\obj\stm32f1xx_ll_usb.o
 .text.USB_ReadDevInEPInterrupt
                0x00000000       0x18 ..\obj\stm32f1xx_ll_usb.o
 .text.USB_ClearInterrupts
                0x00000000       0x14 ..\obj\stm32f1xx_ll_usb.o
 .text.USB_ActivateRemoteWakeup
                0x00000000       0x28 ..\obj\stm32f1xx_ll_usb.o
 .text.USB_DeActivateRemoteWakeup
                0x00000000       0x28 ..\obj\stm32f1xx_ll_usb.o
 .text          0x00000000        0x0 ..\obj\stm32f1xx_hal_spi_ex.o
 .data          0x00000000        0x0 ..\obj\stm32f1xx_hal_spi_ex.o
 .bss           0x00000000        0x0 ..\obj\stm32f1xx_hal_spi_ex.o
 .text          0x00000000        0x0 ..\obj\stm32f1xx_hal_flash.o
 .data          0x00000000        0x0 ..\obj\stm32f1xx_hal_flash.o
 .bss           0x00000000        0x0 ..\obj\stm32f1xx_hal_flash.o
 .text.HAL_FLASH_Program
                0x00000000       0xe0 ..\obj\stm32f1xx_hal_flash.o
 .text.HAL_FLASH_Program_IT
                0x00000000       0x90 ..\obj\stm32f1xx_hal_flash.o
 .text.HAL_FLASH_IRQHandler
                0x00000000      0x1c4 ..\obj\stm32f1xx_hal_flash.o
 .text.HAL_FLASH_EndOfOperationCallback
                0x00000000       0x14 ..\obj\stm32f1xx_hal_flash.o
 .text.HAL_FLASH_OperationErrorCallback
                0x00000000       0x14 ..\obj\stm32f1xx_hal_flash.o
 .text.HAL_FLASH_Unlock
                0x00000000       0x38 ..\obj\stm32f1xx_hal_flash.o
 .text.HAL_FLASH_Lock
                0x00000000       0x20 ..\obj\stm32f1xx_hal_flash.o
 .text.HAL_FLASH_OB_Unlock
                0x00000000       0x38 ..\obj\stm32f1xx_hal_flash.o
 .text.HAL_FLASH_OB_Lock
                0x00000000       0x20 ..\obj\stm32f1xx_hal_flash.o
 .text.HAL_FLASH_OB_Launch
                0x00000000        0xc ..\obj\stm32f1xx_hal_flash.o
 .text.HAL_FLASH_GetError
                0x00000000       0x14 ..\obj\stm32f1xx_hal_flash.o
 .text.FLASH_Program_HalfWord
                0x00000000       0x38 ..\obj\stm32f1xx_hal_flash.o
 .text.FLASH_WaitForLastOperation
                0x00000000       0x8c ..\obj\stm32f1xx_hal_flash.o
 .text.FLASH_SetErrorCode
                0x00000000       0xa0 ..\obj\stm32f1xx_hal_flash.o
 .debug_info    0x00000000      0x4f8 ..\obj\stm32f1xx_hal_flash.o
 .debug_abbrev  0x00000000      0x1c7 ..\obj\stm32f1xx_hal_flash.o
 .debug_aranges
                0x00000000       0x88 ..\obj\stm32f1xx_hal_flash.o
 .debug_ranges  0x00000000       0x78 ..\obj\stm32f1xx_hal_flash.o
 .debug_line    0x00000000      0x490 ..\obj\stm32f1xx_hal_flash.o
 .debug_str     0x00000000      0x541 ..\obj\stm32f1xx_hal_flash.o
 .comment       0x00000000       0x6f ..\obj\stm32f1xx_hal_flash.o
 .debug_frame   0x00000000      0x20c ..\obj\stm32f1xx_hal_flash.o
 .ARM.attributes
                0x00000000       0x33 ..\obj\stm32f1xx_hal_flash.o
 COMMON         0x00000000       0x20 ..\obj\stm32f1xx_hal_flash.o
 .text          0x00000000        0x0 ..\obj\stm32f1xx_hal_gpio.o
 .data          0x00000000        0x0 ..\obj\stm32f1xx_hal_gpio.o
 .bss           0x00000000        0x0 ..\obj\stm32f1xx_hal_gpio.o
 .text.HAL_GPIO_DeInit
                0x00000000      0x184 ..\obj\stm32f1xx_hal_gpio.o
 .text.HAL_GPIO_ReadPin
                0x00000000       0x30 ..\obj\stm32f1xx_hal_gpio.o
 .text.HAL_GPIO_LockPin
                0x00000000       0x50 ..\obj\stm32f1xx_hal_gpio.o
 .text.HAL_GPIO_EXTI_IRQHandler
                0x00000000       0x30 ..\obj\stm32f1xx_hal_gpio.o
 .text.HAL_GPIO_EXTI_Callback
                0x00000000       0x14 ..\obj\stm32f1xx_hal_gpio.o
 .text          0x00000000        0x0 ..\obj\stm32f1xx_hal_dma.o
 .data          0x00000000        0x0 ..\obj\stm32f1xx_hal_dma.o
 .bss           0x00000000        0x0 ..\obj\stm32f1xx_hal_dma.o
 .text.HAL_DMA_Init
                0x00000000       0xcc ..\obj\stm32f1xx_hal_dma.o
 .text.HAL_DMA_DeInit
                0x00000000       0xa0 ..\obj\stm32f1xx_hal_dma.o
 .text.HAL_DMA_Start
                0x00000000       0x84 ..\obj\stm32f1xx_hal_dma.o
 .text.HAL_DMA_Start_IT
                0x00000000       0xc0 ..\obj\stm32f1xx_hal_dma.o
 .text.HAL_DMA_Abort
                0x00000000       0x58 ..\obj\stm32f1xx_hal_dma.o
 .text.HAL_DMA_Abort_IT
                0x00000000       0xf8 ..\obj\stm32f1xx_hal_dma.o
 .text.HAL_DMA_PollForTransfer
                0x00000000      0x360 ..\obj\stm32f1xx_hal_dma.o
 .text.HAL_DMA_IRQHandler
                0x00000000      0x224 ..\obj\stm32f1xx_hal_dma.o
 .text.HAL_DMA_RegisterCallback
                0x00000000       0x90 ..\obj\stm32f1xx_hal_dma.o
 .text.HAL_DMA_UnRegisterCallback
                0x00000000       0xac ..\obj\stm32f1xx_hal_dma.o
 .text.HAL_DMA_GetState
                0x00000000       0x18 ..\obj\stm32f1xx_hal_dma.o
 .text.HAL_DMA_GetError
                0x00000000       0x18 ..\obj\stm32f1xx_hal_dma.o
 .text.DMA_SetConfig
                0x00000000       0x5c ..\obj\stm32f1xx_hal_dma.o
 .debug_info    0x00000000      0x701 ..\obj\stm32f1xx_hal_dma.o
 .debug_abbrev  0x00000000      0x1b5 ..\obj\stm32f1xx_hal_dma.o
 .debug_aranges
                0x00000000       0x80 ..\obj\stm32f1xx_hal_dma.o
 .debug_ranges  0x00000000       0x70 ..\obj\stm32f1xx_hal_dma.o
 .debug_line    0x00000000      0x6d2 ..\obj\stm32f1xx_hal_dma.o
 .debug_str     0x00000000      0x634 ..\obj\stm32f1xx_hal_dma.o
 .comment       0x00000000       0x6f ..\obj\stm32f1xx_hal_dma.o
 .debug_frame   0x00000000      0x208 ..\obj\stm32f1xx_hal_dma.o
 .ARM.attributes
                0x00000000       0x33 ..\obj\stm32f1xx_hal_dma.o
 .text          0x00000000        0x0 ..\obj\usbd_desc.o
 .bss           0x00000000        0x0 ..\obj\usbd_desc.o
 .text          0x00000000        0x0 ..\obj\usbd_conf.o
 .data          0x00000000        0x0 ..\obj\usbd_conf.o
 .text.HAL_PCD_MspDeInit
                0x00000000       0x30 ..\obj\usbd_conf.o
 .text.HAL_PCD_ISOOUTIncompleteCallback
                0x00000000       0x24 ..\obj\usbd_conf.o
 .text.HAL_PCD_ISOINIncompleteCallback
                0x00000000       0x24 ..\obj\usbd_conf.o
 .text.HAL_PCD_ConnectCallback
                0x00000000       0x1c ..\obj\usbd_conf.o
 .text.HAL_PCD_DisconnectCallback
                0x00000000       0x1c ..\obj\usbd_conf.o
 .text.USBD_LL_DeInit
                0x00000000       0x64 ..\obj\usbd_conf.o
 .text.USBD_LL_Stop
                0x00000000       0x64 ..\obj\usbd_conf.o
 .text.USBD_LL_FlushEP
                0x00000000       0x6c ..\obj\usbd_conf.o
 .text.USBD_LL_Delay
                0x00000000       0x18 ..\obj\usbd_conf.o
 .text          0x00000000        0x0 ..\obj\stm32f1xx_hal_spi.o
 .data          0x00000000        0x0 ..\obj\stm32f1xx_hal_spi.o
 .bss           0x00000000        0x0 ..\obj\stm32f1xx_hal_spi.o
 .text.HAL_SPI_Init
                0x00000000       0xc8 ..\obj\stm32f1xx_hal_spi.o
 .text.HAL_SPI_DeInit
                0x00000000       0x50 ..\obj\stm32f1xx_hal_spi.o
 .text.HAL_SPI_MspInit
                0x00000000       0x14 ..\obj\stm32f1xx_hal_spi.o
 .text.HAL_SPI_MspDeInit
                0x00000000       0x14 ..\obj\stm32f1xx_hal_spi.o
 .text.HAL_SPI_Transmit
                0x00000000      0x278 ..\obj\stm32f1xx_hal_spi.o
 .text.HAL_SPI_Receive
                0x00000000      0x21c ..\obj\stm32f1xx_hal_spi.o
 .text.HAL_SPI_TransmitReceive
                0x00000000      0x340 ..\obj\stm32f1xx_hal_spi.o
 .text.HAL_SPI_Transmit_IT
                0x00000000      0x118 ..\obj\stm32f1xx_hal_spi.o
 .text.HAL_SPI_Transmit_DMA
                0x00000000      0x13c ..\obj\stm32f1xx_hal_spi.o
 .text.HAL_SPI_Receive_DMA
                0x00000000      0x160 ..\obj\stm32f1xx_hal_spi.o
 .text.HAL_SPI_TransmitReceive_DMA
                0x00000000      0x1d0 ..\obj\stm32f1xx_hal_spi.o
 .text.HAL_SPI_Abort
                0x00000000      0x144 ..\obj\stm32f1xx_hal_spi.o
 .text.HAL_SPI_Abort_IT
                0x00000000      0x1c0 ..\obj\stm32f1xx_hal_spi.o
 .text.HAL_SPI_DMAPause
                0x00000000       0x44 ..\obj\stm32f1xx_hal_spi.o
 .text.HAL_SPI_DMAResume
                0x00000000       0x44 ..\obj\stm32f1xx_hal_spi.o
 .text.HAL_SPI_DMAStop
                0x00000000       0x50 ..\obj\stm32f1xx_hal_spi.o
 .text.HAL_SPI_IRQHandler
                0x00000000      0x18c ..\obj\stm32f1xx_hal_spi.o
 .text.HAL_SPI_TxCpltCallback
                0x00000000       0x14 ..\obj\stm32f1xx_hal_spi.o
 .text.HAL_SPI_RxCpltCallback
                0x00000000       0x14 ..\obj\stm32f1xx_hal_spi.o
 .text.HAL_SPI_TxHalfCpltCallback
                0x00000000       0x14 ..\obj\stm32f1xx_hal_spi.o
 .text.HAL_SPI_RxHalfCpltCallback
                0x00000000       0x14 ..\obj\stm32f1xx_hal_spi.o
 .text.HAL_SPI_TxRxHalfCpltCallback
                0x00000000       0x14 ..\obj\stm32f1xx_hal_spi.o
 .text.HAL_SPI_AbortCpltCallback
                0x00000000       0x14 ..\obj\stm32f1xx_hal_spi.o
 .text.HAL_SPI_GetState
                0x00000000       0x1c ..\obj\stm32f1xx_hal_spi.o
 .text.HAL_SPI_GetError
                0x00000000       0x18 ..\obj\stm32f1xx_hal_spi.o
 .text.SPI_DMATransmitCplt
                0x00000000       0x9c ..\obj\stm32f1xx_hal_spi.o
 .text.SPI_DMAReceiveCplt
                0x00000000       0x84 ..\obj\stm32f1xx_hal_spi.o
 .text.SPI_DMATransmitReceiveCplt
                0x00000000       0x84 ..\obj\stm32f1xx_hal_spi.o
 .text.SPI_DMAHalfTransmitCplt
                0x00000000       0x1c ..\obj\stm32f1xx_hal_spi.o
 .text.SPI_DMAHalfReceiveCplt
                0x00000000       0x1c ..\obj\stm32f1xx_hal_spi.o
 .text.SPI_DMAHalfTransmitReceiveCplt
                0x00000000       0x1c ..\obj\stm32f1xx_hal_spi.o
 .text.SPI_DMAError
                0x00000000       0x40 ..\obj\stm32f1xx_hal_spi.o
 .text.SPI_DMAAbortOnError
                0x00000000       0x28 ..\obj\stm32f1xx_hal_spi.o
 .text.SPI_DMATxAbortCallback
                0x00000000       0xa4 ..\obj\stm32f1xx_hal_spi.o
 .text.SPI_DMARxAbortCallback
                0x00000000       0x88 ..\obj\stm32f1xx_hal_spi.o
 .text.SPI_TxISR_8BIT
                0x00000000       0x44 ..\obj\stm32f1xx_hal_spi.o
 .text.SPI_TxISR_16BIT
                0x00000000       0x44 ..\obj\stm32f1xx_hal_spi.o
 .text.SPI_CloseTx_ISR
                0x00000000       0xc4 ..\obj\stm32f1xx_hal_spi.o
 .text.SPI_AbortRx_ISR
                0x00000000       0x84 ..\obj\stm32f1xx_hal_spi.o
 .text.SPI_AbortTx_ISR
                0x00000000       0x34 ..\obj\stm32f1xx_hal_spi.o
 .text.SPI_ISCRCErrorValid
                0x00000000       0x14 ..\obj\stm32f1xx_hal_spi.o
 .text          0x00000000        0x0 ..\obj\stm32f1xx_hal_msp.o
 .data          0x00000000        0x0 ..\obj\stm32f1xx_hal_msp.o
 .bss           0x00000000        0x0 ..\obj\stm32f1xx_hal_msp.o
 .text.HAL_CAN_MspInit
                0x00000000       0xa0 ..\obj\stm32f1xx_hal_msp.o
 .text.HAL_CAN_MspDeInit
                0x00000000       0x3c ..\obj\stm32f1xx_hal_msp.o
 .text.HAL_SPI_MspDeInit
                0x00000000       0x3c ..\obj\stm32f1xx_hal_msp.o
 .text          0x00000000        0x0 ..\obj\usbd_cdc.o
 .text          0x00000000        0x0 ..\obj\stm32f1xx_hal_tim.o
 .data          0x00000000        0x0 ..\obj\stm32f1xx_hal_tim.o
 .bss           0x00000000        0x0 ..\obj\stm32f1xx_hal_tim.o
 .debug_info    0x00000000       0xa0 ..\obj\stm32f1xx_hal_tim.o
 .debug_abbrev  0x00000000       0x4b ..\obj\stm32f1xx_hal_tim.o
 .debug_aranges
                0x00000000       0x18 ..\obj\stm32f1xx_hal_tim.o
 .debug_line    0x00000000      0x130 ..\obj\stm32f1xx_hal_tim.o
 .debug_str     0x00000000      0x1e6 ..\obj\stm32f1xx_hal_tim.o
 .comment       0x00000000       0x6f ..\obj\stm32f1xx_hal_tim.o
 .ARM.attributes
                0x00000000       0x33 ..\obj\stm32f1xx_hal_tim.o
 .text          0x00000000        0x0 ..\obj\stm32f1xx_hal_flash_ex.o
 .data          0x00000000        0x0 ..\obj\stm32f1xx_hal_flash_ex.o
 .bss           0x00000000        0x0 ..\obj\stm32f1xx_hal_flash_ex.o
 .text.HAL_FLASHEx_Erase
                0x00000000       0xd8 ..\obj\stm32f1xx_hal_flash_ex.o
 .text.HAL_FLASHEx_Erase_IT
                0x00000000       0x84 ..\obj\stm32f1xx_hal_flash_ex.o
 .text.HAL_FLASHEx_OBErase
                0x00000000       0x84 ..\obj\stm32f1xx_hal_flash_ex.o
 .text.HAL_FLASHEx_OBProgram
                0x00000000       0xf8 ..\obj\stm32f1xx_hal_flash_ex.o
 .text.HAL_FLASHEx_OBGetConfig
                0x00000000       0x38 ..\obj\stm32f1xx_hal_flash_ex.o
 .text.HAL_FLASHEx_OBGetUserData
                0x00000000       0x44 ..\obj\stm32f1xx_hal_flash_ex.o
 .text.FLASH_MassErase
                0x00000000       0x38 ..\obj\stm32f1xx_hal_flash_ex.o
 .text.FLASH_OB_EnableWRP
                0x00000000      0x144 ..\obj\stm32f1xx_hal_flash_ex.o
 .text.FLASH_OB_DisableWRP
                0x00000000      0x140 ..\obj\stm32f1xx_hal_flash_ex.o
 .text.FLASH_OB_RDP_LevelConfig
                0x00000000       0xa0 ..\obj\stm32f1xx_hal_flash_ex.o
 .text.FLASH_OB_UserConfig
                0x00000000       0x70 ..\obj\stm32f1xx_hal_flash_ex.o
 .text.FLASH_OB_ProgramData
                0x00000000       0x68 ..\obj\stm32f1xx_hal_flash_ex.o
 .text.FLASH_OB_GetWRP
                0x00000000       0x14 ..\obj\stm32f1xx_hal_flash_ex.o
 .text.FLASH_OB_GetRDP
                0x00000000       0x38 ..\obj\stm32f1xx_hal_flash_ex.o
 .text.FLASH_OB_GetUser
                0x00000000       0x1c ..\obj\stm32f1xx_hal_flash_ex.o
 .text.FLASH_PageErase
                0x00000000       0x40 ..\obj\stm32f1xx_hal_flash_ex.o
 .debug_info    0x00000000      0x78c ..\obj\stm32f1xx_hal_flash_ex.o
 .debug_abbrev  0x00000000      0x1fd ..\obj\stm32f1xx_hal_flash_ex.o
 .debug_aranges
                0x00000000       0x98 ..\obj\stm32f1xx_hal_flash_ex.o
 .debug_ranges  0x00000000       0x88 ..\obj\stm32f1xx_hal_flash_ex.o
 .debug_line    0x00000000      0x4ea ..\obj\stm32f1xx_hal_flash_ex.o
 .debug_str     0x00000000      0x66d ..\obj\stm32f1xx_hal_flash_ex.o
 .comment       0x00000000       0x6f ..\obj\stm32f1xx_hal_flash_ex.o
 .debug_frame   0x00000000      0x258 ..\obj\stm32f1xx_hal_flash_ex.o
 .ARM.attributes
                0x00000000       0x33 ..\obj\stm32f1xx_hal_flash_ex.o
 .text          0x00000000        0x0 ..\obj\usbd_ctlreq.o
 .data          0x00000000        0x0 ..\obj\usbd_ctlreq.o
 .text          0x00000000        0x0 ..\obj\stm32f1xx_hal_pcd_ex.o
 .data          0x00000000        0x0 ..\obj\stm32f1xx_hal_pcd_ex.o
 .bss           0x00000000        0x0 ..\obj\stm32f1xx_hal_pcd_ex.o
 .text.HAL_PCDEx_SetConnectionState
                0x00000000       0x18 ..\obj\stm32f1xx_hal_pcd_ex.o
 .text          0x00000000        0x0 ..\obj\usbd_cdc_if.o
 .bss           0x00000000        0x0 ..\obj\usbd_cdc_if.o
 .text.CDC_add_buf_to_transmit
                0x00000000       0x54 ..\obj\usbd_cdc_if.o
 .text.CDC_Transmit_FS
                0x00000000       0x4c ..\obj\usbd_cdc_if.o
 .text          0x00000000        0x0 ..\obj\usbd_ioreq.o
 .data          0x00000000        0x0 ..\obj\usbd_ioreq.o
 .bss           0x00000000        0x0 ..\obj\usbd_ioreq.o
 .text.USBD_GetRxCount
                0x00000000       0x24 ..\obj\usbd_ioreq.o
 .text          0x00000000        0x0 ..\obj\usb_device.o
 .data          0x00000000        0x0 ..\obj\usb_device.o
 .bss           0x00000000        0x0 ..\obj\usb_device.o
 .text          0x00000000        0x0 ..\obj\stm32f1xx_hal_tim_ex.o
 .data          0x00000000        0x0 ..\obj\stm32f1xx_hal_tim_ex.o
 .bss           0x00000000        0x0 ..\obj\stm32f1xx_hal_tim_ex.o
 .debug_info    0x00000000       0xa0 ..\obj\stm32f1xx_hal_tim_ex.o
 .debug_abbrev  0x00000000       0x4b ..\obj\stm32f1xx_hal_tim_ex.o
 .debug_aranges
                0x00000000       0x18 ..\obj\stm32f1xx_hal_tim_ex.o
 .debug_line    0x00000000      0x130 ..\obj\stm32f1xx_hal_tim_ex.o
 .debug_str     0x00000000      0x1e9 ..\obj\stm32f1xx_hal_tim_ex.o
 .comment       0x00000000       0x6f ..\obj\stm32f1xx_hal_tim_ex.o
 .ARM.attributes
                0x00000000       0x33 ..\obj\stm32f1xx_hal_tim_ex.o

Memory Configuration

Name             Origin             Length             Attributes
rom              0x08000000         0x00010000         xr
ram              0x20000000         0x00005000         xrw
*default*        0x00000000         0xffffffff

Linker script and memory map

                0x20005000                _eram = 0x20005000

.text           0x08000000     0x62c6
 *(.isr_vector)
 .isr_vector    0x08000000      0x10c ..\obj\startup_stm32f10x_md.o
                0x08000000                g_pfnVectors
 *(.text*)
 .text.HAL_RCCEx_PeriphCLKConfig
                0x0800010c      0x16c ..\obj\stm32f1xx_hal_rcc_ex.o
                0x0800010c                HAL_RCCEx_PeriphCLKConfig
 .text.HAL_CAN_IRQHandler
                0x08000278      0x450 ..\obj\stm32f1xx_hal_can.o
                0x08000278                HAL_CAN_IRQHandler
 .text.HAL_CAN_TxCpltCallback
                0x080006c8       0x14 ..\obj\stm32f1xx_hal_can.o
                0x080006c8                HAL_CAN_TxCpltCallback
 .text.HAL_CAN_RxCpltCallback
                0x080006dc       0x14 ..\obj\stm32f1xx_hal_can.o
                0x080006dc                HAL_CAN_RxCpltCallback
 .text.HAL_CAN_ErrorCallback
                0x080006f0       0x14 ..\obj\stm32f1xx_hal_can.o
                0x080006f0                HAL_CAN_ErrorCallback
 .text.CAN_Transmit_IT
                0x08000704       0x80 ..\obj\stm32f1xx_hal_can.o
 .text.CAN_Receive_IT
                0x08000784      0x268 ..\obj\stm32f1xx_hal_can.o
 .text.HAL_Init
                0x080009ec       0x2c ..\obj\stm32f1xx_hal.o
                0x080009ec                HAL_Init
 .text.HAL_InitTick
                0x08000a18       0x38 ..\obj\stm32f1xx_hal.o
                0x08000a18                HAL_InitTick
 .text.HAL_IncTick
                0x08000a50       0x1c ..\obj\stm32f1xx_hal.o
                0x08000a50                HAL_IncTick
 .text.HAL_GetTick
                0x08000a6c       0x14 ..\obj\stm32f1xx_hal.o
                0x08000a6c                HAL_GetTick
 .text.HAL_Delay
                0x08000a80       0x3c ..\obj\stm32f1xx_hal.o
                0x08000a80                HAL_Delay
 .text.NMI_Handler
                0x08000abc        0xc ..\obj\stm32f1xx_it.o
                0x08000abc                NMI_Handler
 .text.HardFault_Handler
                0x08000ac8        0x8 ..\obj\stm32f1xx_it.o
                0x08000ac8                HardFault_Handler
 .text.MemManage_Handler
                0x08000ad0        0x8 ..\obj\stm32f1xx_it.o
                0x08000ad0                MemManage_Handler
 .text.BusFault_Handler
                0x08000ad8        0x8 ..\obj\stm32f1xx_it.o
                0x08000ad8                BusFault_Handler
 .text.UsageFault_Handler
                0x08000ae0        0x8 ..\obj\stm32f1xx_it.o
                0x08000ae0                UsageFault_Handler
 .text.SVC_Handler
                0x08000ae8        0xc ..\obj\stm32f1xx_it.o
                0x08000ae8                SVC_Handler
 .text.DebugMon_Handler
                0x08000af4        0xc ..\obj\stm32f1xx_it.o
                0x08000af4                DebugMon_Handler
 .text.PendSV_Handler
                0x08000b00        0xc ..\obj\stm32f1xx_it.o
                0x08000b00                PendSV_Handler
 .text.SysTick_Handler
                0x08000b0c       0x10 ..\obj\stm32f1xx_it.o
                0x08000b0c                SysTick_Handler
 .text.USB_LP_CAN1_RX0_IRQHandler
                0x08000b1c       0x1c ..\obj\stm32f1xx_it.o
                0x08000b1c                USB_LP_CAN1_RX0_IRQHandler
 .text.NVIC_SetPriorityGrouping
                0x08000b38       0x48 ..\obj\stm32f1xx_hal_cortex.o
 .text.NVIC_GetPriorityGrouping
                0x08000b80       0x1c ..\obj\stm32f1xx_hal_cortex.o
 .text.NVIC_EnableIRQ
                0x08000b9c       0x30 ..\obj\stm32f1xx_hal_cortex.o
 .text.NVIC_SetPriority
                0x08000bcc       0x54 ..\obj\stm32f1xx_hal_cortex.o
 .text.NVIC_EncodePriority
                0x08000c20       0x60 ..\obj\stm32f1xx_hal_cortex.o
 .text.SysTick_Config
                0x08000c80       0x44 ..\obj\stm32f1xx_hal_cortex.o
 .text.HAL_NVIC_SetPriorityGrouping
                0x08000cc4       0x18 ..\obj\stm32f1xx_hal_cortex.o
                0x08000cc4                HAL_NVIC_SetPriorityGrouping
 .text.HAL_NVIC_SetPriority
                0x08000cdc       0x38 ..\obj\stm32f1xx_hal_cortex.o
                0x08000cdc                HAL_NVIC_SetPriority
 .text.HAL_NVIC_EnableIRQ
                0x08000d14       0x1c ..\obj\stm32f1xx_hal_cortex.o
                0x08000d14                HAL_NVIC_EnableIRQ
 .text.HAL_SYSTICK_Config
                0x08000d30       0x18 ..\obj\stm32f1xx_hal_cortex.o
                0x08000d30                HAL_SYSTICK_Config
 .text.HAL_SYSTICK_CLKSourceConfig
                0x08000d48       0x38 ..\obj\stm32f1xx_hal_cortex.o
                0x08000d48                HAL_SYSTICK_CLKSourceConfig
 .text.HAL_SYSTICK_IRQHandler
                0x08000d80        0xc ..\obj\stm32f1xx_hal_cortex.o
                0x08000d80                HAL_SYSTICK_IRQHandler
 .text.HAL_SYSTICK_Callback
                0x08000d8c        0xc ..\obj\stm32f1xx_hal_cortex.o
                0x08000d8c                HAL_SYSTICK_Callback
 .text.SystemInit
                0x08000d98       0x68 ..\obj\system_stm32f1xx.o
                0x08000d98                SystemInit
 .text.HAL_RCC_OscConfig
                0x08000e00      0x4c8 ..\obj\stm32f1xx_hal_rcc.o
                0x08000e00                HAL_RCC_OscConfig
 .text.HAL_RCC_ClockConfig
                0x080012c8      0x1e8 ..\obj\stm32f1xx_hal_rcc.o
                0x080012c8                HAL_RCC_ClockConfig
 .text.HAL_RCC_GetSysClockFreq
                0x080014b0       0xc8 ..\obj\stm32f1xx_hal_rcc.o
                0x080014b0                HAL_RCC_GetSysClockFreq
 .text.HAL_RCC_GetHCLKFreq
                0x08001578       0x14 ..\obj\stm32f1xx_hal_rcc.o
                0x08001578                HAL_RCC_GetHCLKFreq
 .text.RCC_Delay
                0x0800158c       0x3c ..\obj\stm32f1xx_hal_rcc.o
 .text.Default_Reset_Handler
                0x080015c8       0x60 ..\obj\startup_stm32f10x_md.o
                0x080015c8                Default_Reset_Handler
                0x080015c8                Reset_Handler
 .text.Default_Handler
                0x08001628        0x8 ..\obj\startup_stm32f10x_md.o
                0x08001628                EXTI2_IRQHandler
                0x08001628                TIM1_CC_IRQHandler
                0x08001628                PVD_IRQHandler
                0x08001628                EXTI3_IRQHandler
                0x08001628                EXTI0_IRQHandler
                0x08001628                I2C2_EV_IRQHandler
                0x08001628                ADC1_2_IRQHandler
                0x08001628                SPI1_IRQHandler
                0x08001628                TAMPER_IRQHandler
                0x08001628                DMA1_Channel4_IRQHandler
                0x08001628                USART3_IRQHandler
                0x08001628                RTC_IRQHandler
                0x08001628                DMA1_Channel7_IRQHandler
                0x08001628                CAN1_RX1_IRQHandler
                0x08001628                TIM4_IRQHandler
                0x08001628                I2C1_EV_IRQHandler
                0x08001628                DMA1_Channel6_IRQHandler
                0x08001628                TIM3_IRQHandler
                0x08001628                RCC_IRQHandler
                0x08001628                TIM1_TRG_COM_IRQHandler
                0x08001628                DMA1_Channel1_IRQHandler
                0x08001628                EXTI15_10_IRQHandler
                0x08001628                EXTI9_5_IRQHandler
                0x08001628                SPI2_IRQHandler
                0x08001628                DMA1_Channel5_IRQHandler
                0x08001628                EXTI4_IRQHandler
                0x08001628                USB_HP_CAN1_TX_IRQHandler
                0x08001628                DMA1_Channel3_IRQHandler
                0x08001628                TIM1_UP_IRQHandler
                0x08001628                WWDG_IRQHandler
                0x08001628                TIM2_IRQHandler
                0x08001628                TIM1_BRK_IRQHandler
                0x08001628                EXTI1_IRQHandler
                0x08001628                RTCAlarm_IRQHandler
                0x08001628                USART2_IRQHandler
                0x08001628                I2C2_ER_IRQHandler
                0x08001628                DMA1_Channel2_IRQHandler
                0x08001628                CAN1_SCE_IRQHandler
                0x08001628                FLASH_IRQHandler
                0x08001628                USART1_IRQHandler
                0x08001628                I2C1_ER_IRQHandler
                0x08001628                USBWakeUp_IRQHandler
 .text.HAL_PCD_Init
                0x08001630      0x1b4 ..\obj\stm32f1xx_hal_pcd.o
                0x08001630                HAL_PCD_Init
 .text.HAL_PCD_Start
                0x080017e4       0x4c ..\obj\stm32f1xx_hal_pcd.o
                0x080017e4                HAL_PCD_Start
 .text.HAL_PCD_IRQHandler
                0x08001830      0x1f4 ..\obj\stm32f1xx_hal_pcd.o
                0x08001830                HAL_PCD_IRQHandler
 .text.HAL_PCD_SetAddress
                0x08001a24       0x4c ..\obj\stm32f1xx_hal_pcd.o
                0x08001a24                HAL_PCD_SetAddress
 .text.HAL_PCD_EP_Open
                0x08001a70       0xac ..\obj\stm32f1xx_hal_pcd.o
                0x08001a70                HAL_PCD_EP_Open
 .text.HAL_PCD_EP_Close
                0x08001b1c       0x8c ..\obj\stm32f1xx_hal_pcd.o
                0x08001b1c                HAL_PCD_EP_Close
 .text.HAL_PCD_EP_Receive
                0x08001ba8       0x78 ..\obj\stm32f1xx_hal_pcd.o
                0x08001ba8                HAL_PCD_EP_Receive
 .text.HAL_PCD_EP_GetRxCount
                0x08001c20       0x2c ..\obj\stm32f1xx_hal_pcd.o
                0x08001c20                HAL_PCD_EP_GetRxCount
 .text.HAL_PCD_EP_Transmit
                0x08001c4c       0x78 ..\obj\stm32f1xx_hal_pcd.o
                0x08001c4c                HAL_PCD_EP_Transmit
 .text.HAL_PCD_EP_SetStall
                0x08001cc4       0xac ..\obj\stm32f1xx_hal_pcd.o
                0x08001cc4                HAL_PCD_EP_SetStall
 .text.HAL_PCD_EP_ClrStall
                0x08001d70       0x90 ..\obj\stm32f1xx_hal_pcd.o
                0x08001d70                HAL_PCD_EP_ClrStall
 .text.PCD_EP_ISR_Handler
                0x08001e00      0x654 ..\obj\stm32f1xx_hal_pcd.o
 .text.USBD_Init
                0x08002454       0x58 ..\obj\usbd_core.o
                0x08002454                USBD_Init
 .text.USBD_RegisterClass
                0x080024ac       0x34 ..\obj\usbd_core.o
                0x080024ac                USBD_RegisterClass
 .text.USBD_Start
                0x080024e0       0x18 ..\obj\usbd_core.o
                0x080024e0                USBD_Start
 .text.USBD_RunTestMode
                0x080024f8       0x14 ..\obj\usbd_core.o
                0x080024f8                USBD_RunTestMode
 .text.USBD_SetClassConfig
                0x0800250c       0x40 ..\obj\usbd_core.o
                0x0800250c                USBD_SetClassConfig
 .text.USBD_ClrClassConfig
                0x0800254c       0x28 ..\obj\usbd_core.o
                0x0800254c                USBD_ClrClassConfig
 .text.USBD_LL_SetupStage
                0x08002574       0x94 ..\obj\usbd_core.o
                0x08002574                USBD_LL_SetupStage
 .text.USBD_LL_DataOutStage
                0x08002608       0xb8 ..\obj\usbd_core.o
                0x08002608                USBD_LL_DataOutStage
 .text.USBD_LL_DataInStage
                0x080026c0      0x120 ..\obj\usbd_core.o
                0x080026c0                USBD_LL_DataInStage
 .text.USBD_LL_Reset
                0x080027e0       0x60 ..\obj\usbd_core.o
                0x080027e0                USBD_LL_Reset
 .text.USBD_LL_SetSpeed
                0x08002840       0x20 ..\obj\usbd_core.o
                0x08002840                USBD_LL_SetSpeed
 .text.USBD_LL_Suspend
                0x08002860       0x28 ..\obj\usbd_core.o
                0x08002860                USBD_LL_Suspend
 .text.USBD_LL_Resume
                0x08002888       0x20 ..\obj\usbd_core.o
                0x08002888                USBD_LL_Resume
 .text.USBD_LL_SOF
                0x080028a8       0x34 ..\obj\usbd_core.o
                0x080028a8                USBD_LL_SOF
 .text.main     0x080028dc       0x3c ..\obj\main.o
                0x080028dc                main
 .text.SystemClock_Config
                0x08002918       0xc8 ..\obj\main.o
                0x08002918                SystemClock_Config
 .text.MX_SPI1_Init
                0x080029e0       0x74 ..\obj\main.o
 .text.MX_GPIO_Init
                0x08002a54       0x9c ..\obj\main.o
 .text.HAL_SPI_RxCpltCallback
                0x08002af0       0x68 ..\obj\main.o
                0x08002af0                HAL_SPI_RxCpltCallback
 .text._Error_Handler
                0x08002b58        0xc ..\obj\main.o
                0x08002b58                _Error_Handler
 .text.USB_CoreInit
                0x08002b64       0x20 ..\obj\stm32f1xx_ll_usb.o
                0x08002b64                USB_CoreInit
 .text.USB_EnableGlobalInt
                0x08002b84       0x34 ..\obj\stm32f1xx_ll_usb.o
                0x08002b84                USB_EnableGlobalInt
 .text.USB_DisableGlobalInt
                0x08002bb8       0x38 ..\obj\stm32f1xx_ll_usb.o
                0x08002bb8                USB_DisableGlobalInt
 .text.USB_SetCurrentMode
                0x08002bf0       0x18 ..\obj\stm32f1xx_ll_usb.o
                0x08002bf0                USB_SetCurrentMode
 .text.USB_DevInit
                0x08002c08       0x48 ..\obj\stm32f1xx_ll_usb.o
                0x08002c08                USB_DevInit
 .text.USB_ActivateEndpoint
                0x08002c50      0x584 ..\obj\stm32f1xx_ll_usb.o
                0x08002c50                USB_ActivateEndpoint
 .text.USB_DeactivateEndpoint
                0x080031d4      0x310 ..\obj\stm32f1xx_ll_usb.o
                0x080031d4                USB_DeactivateEndpoint
 .text.USB_EPStartXfer
                0x080034e4      0x504 ..\obj\stm32f1xx_ll_usb.o
                0x080034e4                USB_EPStartXfer
 .text.USB_EPSetStall
                0x080039e8       0xc0 ..\obj\stm32f1xx_ll_usb.o
                0x080039e8                USB_EPSetStall
 .text.USB_EPClearStall
                0x08003aa8      0x114 ..\obj\stm32f1xx_ll_usb.o
                0x08003aa8                USB_EPClearStall
 .text.USB_SetDevAddress
                0x08003bbc       0x28 ..\obj\stm32f1xx_ll_usb.o
                0x08003bbc                USB_SetDevAddress
 .text.USB_DevConnect
                0x08003be4       0x14 ..\obj\stm32f1xx_ll_usb.o
                0x08003be4                USB_DevConnect
 .text.USB_DevDisconnect
                0x08003bf8       0x14 ..\obj\stm32f1xx_ll_usb.o
                0x08003bf8                USB_DevDisconnect
 .text.USB_ReadInterrupts
                0x08003c0c       0x24 ..\obj\stm32f1xx_ll_usb.o
                0x08003c0c                USB_ReadInterrupts
 .text.USB_EP0_OutStart
                0x08003c30       0x18 ..\obj\stm32f1xx_ll_usb.o
                0x08003c30                USB_EP0_OutStart
 .text.USB_WritePMA
                0x08003c48       0x8c ..\obj\stm32f1xx_ll_usb.o
                0x08003c48                USB_WritePMA
 .text.USB_ReadPMA
                0x08003cd4       0x6c ..\obj\stm32f1xx_ll_usb.o
                0x08003cd4                USB_ReadPMA
 .text.HAL_SPI_Init
                0x08003d40       0xc8 ..\obj\stm32f1xx_hal_spi_ex.o
                0x08003d40                HAL_SPI_Init
 .text.HAL_GPIO_Init
                0x08003e08      0x2bc ..\obj\stm32f1xx_hal_gpio.o
                0x08003e08                HAL_GPIO_Init
 .text.HAL_GPIO_WritePin
                0x080040c4       0x30 ..\obj\stm32f1xx_hal_gpio.o
                0x080040c4                HAL_GPIO_WritePin
 .text.HAL_GPIO_TogglePin
                0x080040f4       0x24 ..\obj\stm32f1xx_hal_gpio.o
                0x080040f4                HAL_GPIO_TogglePin
 .text.USBD_FS_DeviceDescriptor
                0x08004118       0x24 ..\obj\usbd_desc.o
                0x08004118                USBD_FS_DeviceDescriptor
 .text.USBD_FS_LangIDStrDescriptor
                0x0800413c       0x24 ..\obj\usbd_desc.o
                0x0800413c                USBD_FS_LangIDStrDescriptor
 .text.USBD_FS_ProductStrDescriptor
                0x08004160       0x3c ..\obj\usbd_desc.o
                0x08004160                USBD_FS_ProductStrDescriptor
 .text.USBD_FS_ManufacturerStrDescriptor
                0x0800419c       0x28 ..\obj\usbd_desc.o
                0x0800419c                USBD_FS_ManufacturerStrDescriptor
 .text.USBD_FS_SerialStrDescriptor
                0x080041c4       0x3c ..\obj\usbd_desc.o
                0x080041c4                USBD_FS_SerialStrDescriptor
 .text.USBD_FS_ConfigStrDescriptor
                0x08004200       0x3c ..\obj\usbd_desc.o
                0x08004200                USBD_FS_ConfigStrDescriptor
 .text.USBD_FS_InterfaceStrDescriptor
                0x0800423c       0x3c ..\obj\usbd_desc.o
                0x0800423c                USBD_FS_InterfaceStrDescriptor
 .text.HAL_PCD_MspInit
                0x08004278       0x4c ..\obj\usbd_conf.o
                0x08004278                HAL_PCD_MspInit
 .text.HAL_PCD_SetupStageCallback
                0x080042c4       0x24 ..\obj\usbd_conf.o
                0x080042c4                HAL_PCD_SetupStageCallback
 .text.HAL_PCD_DataOutStageCallback
                0x080042e8       0x30 ..\obj\usbd_conf.o
                0x080042e8                HAL_PCD_DataOutStageCallback
 .text.HAL_PCD_DataInStageCallback
                0x08004318       0x30 ..\obj\usbd_conf.o
                0x08004318                HAL_PCD_DataInStageCallback
 .text.HAL_PCD_SOFCallback
                0x08004348       0x1c ..\obj\usbd_conf.o
                0x08004348                HAL_PCD_SOFCallback
 .text.HAL_PCD_ResetCallback
                0x08004364       0x44 ..\obj\usbd_conf.o
                0x08004364                HAL_PCD_ResetCallback
 .text.HAL_PCD_SuspendCallback
                0x080043a8       0x34 ..\obj\usbd_conf.o
                0x080043a8                HAL_PCD_SuspendCallback
 .text.HAL_PCD_ResumeCallback
                0x080043dc       0x1c ..\obj\usbd_conf.o
                0x080043dc                HAL_PCD_ResumeCallback
 .text.USBD_LL_Init
                0x080043f8       0xc4 ..\obj\usbd_conf.o
                0x080043f8                USBD_LL_Init
 .text.USBD_LL_Start
                0x080044bc       0x64 ..\obj\usbd_conf.o
                0x080044bc                USBD_LL_Start
 .text.USBD_LL_OpenEP
                0x08004520       0x7c ..\obj\usbd_conf.o
                0x08004520                USBD_LL_OpenEP
 .text.USBD_LL_CloseEP
                0x0800459c       0x6c ..\obj\usbd_conf.o
                0x0800459c                USBD_LL_CloseEP
 .text.USBD_LL_StallEP
                0x08004608       0x6c ..\obj\usbd_conf.o
                0x08004608                USBD_LL_StallEP
 .text.USBD_LL_ClearStallEP
                0x08004674       0x6c ..\obj\usbd_conf.o
                0x08004674                USBD_LL_ClearStallEP
 .text.USBD_LL_IsStallEP
                0x080046e0       0x4c ..\obj\usbd_conf.o
                0x080046e0                USBD_LL_IsStallEP
 .text.USBD_LL_SetUSBAddress
                0x0800472c       0x6c ..\obj\usbd_conf.o
                0x0800472c                USBD_LL_SetUSBAddress
 .text.USBD_LL_Transmit
                0x08004798       0x74 ..\obj\usbd_conf.o
                0x08004798                USBD_LL_Transmit
 .text.USBD_LL_PrepareReceive
                0x0800480c       0x74 ..\obj\usbd_conf.o
                0x0800480c                USBD_LL_PrepareReceive
 .text.USBD_LL_GetRxDataSize
                0x08004880       0x28 ..\obj\usbd_conf.o
                0x08004880                USBD_LL_GetRxDataSize
 .text.USBD_static_malloc
                0x080048a8       0x18 ..\obj\usbd_conf.o
                0x080048a8                USBD_static_malloc
 .text.USBD_static_free
                0x080048c0       0x14 ..\obj\usbd_conf.o
                0x080048c0                USBD_static_free
 .text.HAL_PCDEx_SetConnectionState
                0x080048d4       0x18 ..\obj\usbd_conf.o
                0x080048d4                HAL_PCDEx_SetConnectionState
 .text.HAL_SPI_Receive_IT
                0x080048ec      0x128 ..\obj\stm32f1xx_hal_spi.o
                0x080048ec                HAL_SPI_Receive_IT
 .text.HAL_SPI_TransmitReceive_IT
                0x08004a14      0x12c ..\obj\stm32f1xx_hal_spi.o
                0x08004a14                HAL_SPI_TransmitReceive_IT
 .text.HAL_SPI_TxRxCpltCallback
                0x08004b40       0x14 ..\obj\stm32f1xx_hal_spi.o
                0x08004b40                HAL_SPI_TxRxCpltCallback
 .text.HAL_SPI_ErrorCallback
                0x08004b54       0x14 ..\obj\stm32f1xx_hal_spi.o
                0x08004b54                HAL_SPI_ErrorCallback
 .text.SPI_2linesRxISR_8BIT
                0x08004b68       0x60 ..\obj\stm32f1xx_hal_spi.o
 .text.SPI_2linesTxISR_8BIT
                0x08004bc8       0x60 ..\obj\stm32f1xx_hal_spi.o
 .text.SPI_2linesRxISR_16BIT
                0x08004c28       0x60 ..\obj\stm32f1xx_hal_spi.o
 .text.SPI_2linesTxISR_16BIT
                0x08004c88       0x60 ..\obj\stm32f1xx_hal_spi.o
 .text.SPI_RxISR_8BIT
                0x08004ce8       0x44 ..\obj\stm32f1xx_hal_spi.o
 .text.SPI_RxISR_16BIT
                0x08004d2c       0x48 ..\obj\stm32f1xx_hal_spi.o
 .text.SPI_WaitFlagStateUntilTimeout
                0x08004d74       0xd4 ..\obj\stm32f1xx_hal_spi.o
 .text.SPI_CheckFlag_BSY
                0x08004e48       0x3c ..\obj\stm32f1xx_hal_spi.o
 .text.SPI_CloseRxTx_ISR
                0x08004e84       0xe8 ..\obj\stm32f1xx_hal_spi.o
 .text.SPI_CloseRx_ISR
                0x08004f6c       0x8c ..\obj\stm32f1xx_hal_spi.o
 .text.HAL_MspInit
                0x08004ff8       0xa0 ..\obj\stm32f1xx_hal_msp.o
                0x08004ff8                HAL_MspInit
 .text.HAL_SPI_MspInit
                0x08005098       0x70 ..\obj\stm32f1xx_hal_msp.o
                0x08005098                HAL_SPI_MspInit
 .text.USBD_CDC_Init
                0x08005108       0xd4 ..\obj\usbd_cdc.o
 .text.USBD_CDC_DeInit
                0x080051dc       0x5c ..\obj\usbd_cdc.o
 .text.USBD_CDC_Setup
                0x08005238       0xbc ..\obj\usbd_cdc.o
 .text.USBD_CDC_DataIn
                0x080052f4       0x38 ..\obj\usbd_cdc.o
 .text.USBD_CDC_DataOut
                0x0800532c       0x58 ..\obj\usbd_cdc.o
 .text.USBD_CDC_EP0_RxReady
                0x08005384       0x50 ..\obj\usbd_cdc.o
 .text.USBD_CDC_GetFSCfgDesc
                0x080053d4       0x20 ..\obj\usbd_cdc.o
 .text.USBD_CDC_GetHSCfgDesc
                0x080053f4       0x20 ..\obj\usbd_cdc.o
 .text.USBD_CDC_GetOtherSpeedCfgDesc
                0x08005414       0x20 ..\obj\usbd_cdc.o
 .text.USBD_CDC_GetDeviceQualifierDescriptor
                0x08005434       0x20 ..\obj\usbd_cdc.o
                0x08005434                USBD_CDC_GetDeviceQualifierDescriptor
 .text.USBD_CDC_RegisterInterface
                0x08005454       0x2c ..\obj\usbd_cdc.o
                0x08005454                USBD_CDC_RegisterInterface
 .text.USBD_CDC_SetTxBuffer
                0x08005480       0x34 ..\obj\usbd_cdc.o
                0x08005480                USBD_CDC_SetTxBuffer
 .text.USBD_CDC_SetRxBuffer
                0x080054b4       0x28 ..\obj\usbd_cdc.o
                0x080054b4                USBD_CDC_SetRxBuffer
 .text.USBD_CDC_TransmitPacket
                0x080054dc       0x54 ..\obj\usbd_cdc.o
                0x080054dc                USBD_CDC_TransmitPacket
 .text.USBD_CDC_ReceivePacket
                0x08005530       0x54 ..\obj\usbd_cdc.o
                0x08005530                USBD_CDC_ReceivePacket
 .text.USBD_StdDevReq
                0x08005584       0xa0 ..\obj\usbd_ctlreq.o
                0x08005584                USBD_StdDevReq
 .text.USBD_StdItfReq
                0x08005624       0x68 ..\obj\usbd_ctlreq.o
                0x08005624                USBD_StdItfReq
 .text.USBD_StdEPReq
                0x0800568c      0x1b0 ..\obj\usbd_ctlreq.o
                0x0800568c                USBD_StdEPReq
 .text.USBD_GetDescriptor
                0x0800583c      0x1e8 ..\obj\usbd_ctlreq.o
 .text.USBD_SetAddress
                0x08005a24       0x7c ..\obj\usbd_ctlreq.o
 .text.USBD_SetConfig
                0x08005aa0      0x110 ..\obj\usbd_ctlreq.o
 .text.USBD_GetConfig
                0x08005bb0       0x64 ..\obj\usbd_ctlreq.o
 .text.USBD_GetStatus
                0x08005c14       0x54 ..\obj\usbd_ctlreq.o
 .text.USBD_SetFeature
                0x08005c68       0x38 ..\obj\usbd_ctlreq.o
 .text.USBD_ClrFeature
                0x08005ca0       0x50 ..\obj\usbd_ctlreq.o
 .text.USBD_ParseSetupRequest
                0x08005cf0       0x78 ..\obj\usbd_ctlreq.o
                0x08005cf0                USBD_ParseSetupRequest
 .text.USBD_CtlError
                0x08005d68       0x24 ..\obj\usbd_ctlreq.o
                0x08005d68                USBD_CtlError
 .text.USBD_GetString
                0x08005d8c       0x88 ..\obj\usbd_ctlreq.o
                0x08005d8c                USBD_GetString
 .text.USBD_GetLen
                0x08005e14       0x30 ..\obj\usbd_ctlreq.o
 .text.HAL_PCDEx_PMAConfig
                0x08005e44       0x7c ..\obj\stm32f1xx_hal_pcd_ex.o
                0x08005e44                HAL_PCDEx_PMAConfig
 .text.CDC_Init_FS
                0x08005ec0       0x28 ..\obj\usbd_cdc_if.o
 .text.CDC_DeInit_FS
                0x08005ee8       0x10 ..\obj\usbd_cdc_if.o
 .text.CDC_Control_FS
                0x08005ef8       0xbc ..\obj\usbd_cdc_if.o
 .text.CDC_Receive_FS
                0x08005fb4       0xa4 ..\obj\usbd_cdc_if.o
 .text.USBD_CtlSendData
                0x08006058       0x38 ..\obj\usbd_ioreq.o
                0x08006058                USBD_CtlSendData
 .text.USBD_CtlContinueSendData
                0x08006090       0x24 ..\obj\usbd_ioreq.o
                0x08006090                USBD_CtlContinueSendData
 .text.USBD_CtlPrepareRx
                0x080060b4       0x3c ..\obj\usbd_ioreq.o
                0x080060b4                USBD_CtlPrepareRx
 .text.USBD_CtlContinueRx
                0x080060f0       0x24 ..\obj\usbd_ioreq.o
                0x080060f0                USBD_CtlContinueRx
 .text.USBD_CtlSendStatus
                0x08006114       0x28 ..\obj\usbd_ioreq.o
                0x08006114                USBD_CtlSendStatus
 .text.USBD_CtlReceiveStatus
                0x0800613c       0x28 ..\obj\usbd_ioreq.o
                0x0800613c                USBD_CtlReceiveStatus
 .text.MX_USB_DEVICE_Init
                0x08006164       0x38 ..\obj\usb_device.o
                0x08006164                MX_USB_DEVICE_Init
 *(.init)
 *(.fini)
 *crtbegin.o(.ctors)
 *crtbegin?.o(.ctors)
 *(EXCLUDE_FILE(*crtend.o *crtend?.o) .ctors)
 *(SORT(.ctors.*))
 *(.ctors)
 *crtbegin.o(.dtors)
 *crtbegin?.o(.dtors)
 *(EXCLUDE_FILE(*crtend.o *crtend?.o) .dtors)
 *(SORT(.dtors.*))
 *(.dtors)
 *(.rodata*)
 .rodata        0x0800619c       0x18 ..\obj\system_stm32f1xx.o
                0x0800619c                AHBPrescTable
                0x080061ac                APBPrescTable
 .rodata        0x080061b4       0x12 ..\obj\stm32f1xx_hal_rcc.o
 *fill*         0x080061c6        0x2 
 .rodata        0x080061c8       0x3b ..\obj\main.o
 *fill*         0x08006203        0x1 
 .rodata        0x08006204       0x56 ..\obj\usbd_desc.o
 *fill*         0x0800625a        0x2 
 .rodata        0x0800625c       0x40 ..\obj\usbd_conf.o
 .rodata        0x0800629c       0x2a ..\obj\usbd_cdc_if.o
 *(.eh_fram e*)

.glue_7         0x080062c8        0x0
 .glue_7        0x080062c8        0x0 linker stubs

.glue_7t        0x080062c8        0x0
 .glue_7t       0x080062c8        0x0 linker stubs

.vfp11_veneer   0x080062c8        0x0
 .vfp11_veneer  0x080062c8        0x0 linker stubs

.v4_bx          0x080062c8        0x0
 .v4_bx         0x080062c8        0x0 linker stubs

.iplt           0x080062c8        0x0
 .iplt          0x080062c8        0x0 ..\obj\stm32f1xx_hal_rcc_ex.o

.rel.dyn        0x080062c8        0x0
 .rel.iplt      0x080062c8        0x0 ..\obj\stm32f1xx_hal_rcc_ex.o

.ARM.extab
 *(.ARM.extab* .gnu.linkonce.armextab.*)
                0x080062c8                __exidx_start = .

.ARM.exidx
 *(.ARM.exidx* .gnu.linkonce.armexidx.*)
                0x080062c8                __exidx_end = .
                0x080062c8                __etext = .
                0x080062c6                _sidata = __etext

.data           0x20000000      0x158 load address 0x080062c6
                0x20000000                __data_start__ = .
                0x20000000                _sdata = __data_start__
 *(vtable)
 *(.data*)
 .data          0x20000000        0x4 ..\obj\system_stm32f1xx.o
                0x20000000                SystemCoreClock
 .data          0x20000004       0x34 ..\obj\usbd_desc.o
                0x20000004                FS_Desc
                0x20000020                USBD_FS_DeviceDesc
                0x20000034                USBD_LangIDDesc
 .data          0x20000038      0x10f ..\obj\usbd_cdc.o
                0x20000044                USBD_CDC
                0x2000007c                USBD_CDC_CfgHSDesc
                0x200000c0                USBD_CDC_CfgFSDesc
                0x20000104                USBD_CDC_OtherSpeedCfgDesc
 *fill*         0x20000147        0x1 
 .data          0x20000148       0x10 ..\obj\usbd_cdc_if.o
                0x20000148                USBD_Interface_fops_FS
                0x20000158                . = ALIGN (0x4)
                [!provide]                PROVIDE (__preinit_array_start, .)
 *(.preinit_array)
                [!provide]                PROVIDE (__preinit_array_end, .)
                0x20000158                . = ALIGN (0x4)
                [!provide]                PROVIDE (__init_array_start, .)
 *(SORT(.init_array.*))
 *(.init_array)
                [!provide]                PROVIDE (__init_array_end, .)
                0x20000158                . = ALIGN (0x4)
                [!provide]                PROVIDE (__fini_array_start, .)
 *(SORT(.fini_array.*))
 *(.fini_array)
                [!provide]                PROVIDE (__fini_array_end, .)
 *(.jcr*)
                0x20000158                . = ALIGN (0x4)
                0x20000158                __data_end__ = .
                0x20000158                _edata = __data_end__

.igot.plt       0x20000158        0x0 load address 0x08006420
 .igot.plt      0x20000158        0x0 ..\obj\stm32f1xx_hal_rcc_ex.o

.bss            0x20000158      0xc18 load address 0x08006420
                0x20000158                . = ALIGN (0x4)
                0x20000158                __bss_start__ = .
                0x20000158                _sbss = __bss_start__
 *(.bss*)
 .bss           0x20000158      0x220 ..\obj\usbd_conf.o
 .bss           0x20000378        0x1 ..\obj\usbd_cdc.o
 .bss           0x20000379        0x1 ..\obj\usbd_ctlreq.o
 *(COMMON)
 *fill*         0x2000037a        0x2 
 COMMON         0x2000037c        0x4 ..\obj\stm32f1xx_hal.o
                0x2000037c                uwTick
 COMMON         0x20000380       0xec ..\obj\main.o
                0x20000380                retrans_buf
                0x200003a4                p_data
                0x200003c4                hcan
                0x20000408                i
                0x2000040c                hspi1
                0x20000464                data_rec
 COMMON         0x2000046c      0x200 ..\obj\usbd_desc.o
                0x2000046c                USBD_StrDesc
 COMMON         0x2000066c      0x460 ..\obj\usbd_conf.o
                0x2000066c                hpcd_USB_FS
 COMMON         0x20000acc       0x80 ..\obj\usbd_cdc_if.o
                0x20000acc                UserRxBufferFS
                0x20000b0c                UserTxBufferFS
 COMMON         0x20000b4c      0x224 ..\obj\usb_device.o
                0x20000b4c                hUsbDeviceFS
                0x20000d70                . = ALIGN (0x4)
                0x20000d70                __bss_end__ = .
                0x20000d70                _ebss = __bss_end__

.heap           0x20000d70        0x0
                0x20000d70                __end__ = .
                0x20000d70                _end = __end__
                0x20000d70                end = __end__
 *(.heap*)
                0x20000d70                __HeapLimit = .

.co_stack       0x20000d70      0x400 load address 0x08007038
                0x20000d70                . = ALIGN (0x8)
 *(.co_stack .co_stack.*)
 .co_stack      0x20000d70      0x400 ..\obj\startup_stm32f10x_md.o
                0x20000d70                pulStack
                0x20005000                __StackTop = (ORIGIN (ram) + LENGTH (ram))
                0x20004c00                __StackLimit = (__StackTop - SIZEOF (.co_stack))
                [!provide]                PROVIDE (__stack, __StackTop)
                0x00000001                ASSERT ((__StackLimit >= __HeapLimit), region ram  overflowed with stack)
LOAD ..\obj\stm32f1xx_hal_rcc_ex.o
LOAD ..\obj\stm32f1xx_hal_pwr.o
LOAD ..\obj\stm32f1xx_hal_can.o
LOAD ..\obj\stm32f1xx_hal.o
LOAD ..\obj\stm32f1xx_it.o
LOAD ..\obj\stm32f1xx_hal_gpio_ex.o
LOAD ..\obj\stm32f1xx_hal_cortex.o
LOAD ..\obj\system_stm32f1xx.o
LOAD ..\obj\stm32f1xx_hal_rcc.o
LOAD ..\obj\startup_stm32f10x_md.o
LOAD ..\obj\stm32f1xx_hal_pcd.o
LOAD ..\obj\usbd_core.o
LOAD ..\obj\main.o
LOAD ..\obj\stm32f1xx_ll_usb.o
LOAD ..\obj\stm32f1xx_hal_spi_ex.o
LOAD ..\obj\stm32f1xx_hal_flash.o
LOAD ..\obj\stm32f1xx_hal_gpio.o
LOAD ..\obj\stm32f1xx_hal_dma.o
LOAD ..\obj\usbd_desc.o
LOAD ..\obj\usbd_conf.o
LOAD ..\obj\stm32f1xx_hal_spi.o
LOAD ..\obj\stm32f1xx_hal_msp.o
LOAD ..\obj\usbd_cdc.o
LOAD ..\obj\stm32f1xx_hal_tim.o
LOAD ..\obj\stm32f1xx_hal_flash_ex.o
LOAD ..\obj\usbd_ctlreq.o
LOAD ..\obj\stm32f1xx_hal_pcd_ex.o
LOAD ..\obj\usbd_cdc_if.o
LOAD ..\obj\usbd_ioreq.o
LOAD ..\obj\usb_device.o
LOAD ..\obj\stm32f1xx_hal_tim_ex.o
START GROUP
LOAD c:/stm/gcc-arm-none-eabi-5_4-2016q3-20160926-win32/bin/../lib/gcc/arm-none-eabi/5.4.1/armv7-m\libgcc.a
LOAD c:/stm/gcc-arm-none-eabi-5_4-2016q3-20160926-win32/bin/../lib/gcc/arm-none-eabi/5.4.1/../../../../arm-none-eabi/lib/armv7-m\libg.a
LOAD c:/stm/gcc-arm-none-eabi-5_4-2016q3-20160926-win32/bin/../lib/gcc/arm-none-eabi/5.4.1/../../../../arm-none-eabi/lib/armv7-m\libc.a
END GROUP
OUTPUT(SPI_Slave_USB.elf elf32-littlearm)

.debug_info     0x00000000     0xdc0d
 .debug_info    0x00000000      0x3c7 ..\obj\stm32f1xx_hal_rcc_ex.o
 .debug_info    0x000003c7      0xb09 ..\obj\stm32f1xx_hal_can.o
 .debug_info    0x00000ed0      0x5cf ..\obj\stm32f1xx_hal.o
 .debug_info    0x0000149f      0xa42 ..\obj\stm32f1xx_it.o
 .debug_info    0x00001ee1      0xabc ..\obj\stm32f1xx_hal_cortex.o
 .debug_info    0x0000299d      0x3d2 ..\obj\system_stm32f1xx.o
 .debug_info    0x00002d6f      0x7c6 ..\obj\stm32f1xx_hal_rcc.o
 .debug_info    0x00003535       0xee ..\obj\startup_stm32f10x_md.o
 .debug_info    0x00003623      0xca7 ..\obj\stm32f1xx_hal_pcd.o
 .debug_info    0x000042ca      0x90a ..\obj\usbd_core.o
 .debug_info    0x00004bd4      0xffe ..\obj\main.o
 .debug_info    0x00005bd2      0xe64 ..\obj\stm32f1xx_ll_usb.o
 .debug_info    0x00006a36      0x5a5 ..\obj\stm32f1xx_hal_spi_ex.o
 .debug_info    0x00006fdb      0x5f5 ..\obj\stm32f1xx_hal_gpio.o
 .debug_info    0x000075d0      0x381 ..\obj\usbd_desc.o
 .debug_info    0x00007951     0x142c ..\obj\usbd_conf.o
 .debug_info    0x00008d7d     0x13f7 ..\obj\stm32f1xx_hal_spi.o
 .debug_info    0x0000a174      0xe12 ..\obj\stm32f1xx_hal_msp.o
 .debug_info    0x0000af86      0xa56 ..\obj\usbd_cdc.o
 .debug_info    0x0000b9dc      0x86b ..\obj\usbd_ctlreq.o
 .debug_info    0x0000c247      0x5a2 ..\obj\stm32f1xx_hal_pcd_ex.o
 .debug_info    0x0000c7e9      0x829 ..\obj\usbd_cdc_if.o
 .debug_info    0x0000d012      0x66b ..\obj\usbd_ioreq.o
 .debug_info    0x0000d67d      0x590 ..\obj\usb_device.o

.debug_abbrev   0x00000000     0x28cb
 .debug_abbrev  0x00000000      0x161 ..\obj\stm32f1xx_hal_rcc_ex.o
 .debug_abbrev  0x00000161      0x1ea ..\obj\stm32f1xx_hal_can.o
 .debug_abbrev  0x0000034b      0x1ca ..\obj\stm32f1xx_hal.o
 .debug_abbrev  0x00000515      0x167 ..\obj\stm32f1xx_it.o
 .debug_abbrev  0x0000067c      0x2a4 ..\obj\stm32f1xx_hal_cortex.o
 .debug_abbrev  0x00000920      0x120 ..\obj\system_stm32f1xx.o
 .debug_abbrev  0x00000a40      0x24b ..\obj\stm32f1xx_hal_rcc.o
 .debug_abbrev  0x00000c8b       0xa7 ..\obj\startup_stm32f10x_md.o
 .debug_abbrev  0x00000d32      0x232 ..\obj\stm32f1xx_hal_pcd.o
 .debug_abbrev  0x00000f64      0x1bd ..\obj\usbd_core.o
 .debug_abbrev  0x00001121      0x21e ..\obj\main.o
 .debug_abbrev  0x0000133f      0x18e ..\obj\stm32f1xx_ll_usb.o
 .debug_abbrev  0x000014cd      0x124 ..\obj\stm32f1xx_hal_spi_ex.o
 .debug_abbrev  0x000015f1      0x1ac ..\obj\stm32f1xx_hal_gpio.o
 .debug_abbrev  0x0000179d      0x13c ..\obj\usbd_desc.o
 .debug_abbrev  0x000018d9      0x25c ..\obj\usbd_conf.o
 .debug_abbrev  0x00001b35      0x217 ..\obj\stm32f1xx_hal_spi.o
 .debug_abbrev  0x00001d4c      0x180 ..\obj\stm32f1xx_hal_msp.o
 .debug_abbrev  0x00001ecc      0x1e2 ..\obj\usbd_cdc.o
 .debug_abbrev  0x000020ae      0x1ed ..\obj\usbd_ctlreq.o
 .debug_abbrev  0x0000229b      0x15c ..\obj\stm32f1xx_hal_pcd_ex.o
 .debug_abbrev  0x000023f7      0x271 ..\obj\usbd_cdc_if.o
 .debug_abbrev  0x00002668      0x12d ..\obj\usbd_ioreq.o
 .debug_abbrev  0x00002795      0x136 ..\obj\usb_device.o

.debug_aranges  0x00000000      0xce0
 .debug_aranges
                0x00000000       0x30 ..\obj\stm32f1xx_hal_rcc_ex.o
 .debug_aranges
                0x00000030       0xb0 ..\obj\stm32f1xx_hal_can.o
 .debug_aranges
                0x000000e0       0xb8 ..\obj\stm32f1xx_hal.o
 .debug_aranges
                0x00000198       0x68 ..\obj\stm32f1xx_it.o
 .debug_aranges
                0x00000200      0x100 ..\obj\stm32f1xx_hal_cortex.o
 .debug_aranges
                0x00000300       0x28 ..\obj\system_stm32f1xx.o
 .debug_aranges
                0x00000328       0x90 ..\obj\stm32f1xx_hal_rcc.o
 .debug_aranges
                0x000003b8       0x28 ..\obj\startup_stm32f10x_md.o
 .debug_aranges
                0x000003e0      0x120 ..\obj\stm32f1xx_hal_pcd.o
 .debug_aranges
                0x00000500       0xb8 ..\obj\usbd_core.o
 .debug_aranges
                0x000005b8       0x48 ..\obj\main.o
 .debug_aranges
                0x00000600      0x100 ..\obj\stm32f1xx_ll_usb.o
 .debug_aranges
                0x00000700       0x20 ..\obj\stm32f1xx_hal_spi_ex.o
 .debug_aranges
                0x00000720       0x58 ..\obj\stm32f1xx_hal_gpio.o
 .debug_aranges
                0x00000778       0x50 ..\obj\usbd_desc.o
 .debug_aranges
                0x000007c8      0x110 ..\obj\usbd_conf.o
 .debug_aranges
                0x000008d8      0x1d0 ..\obj\stm32f1xx_hal_spi.o
 .debug_aranges
                0x00000aa8       0x40 ..\obj\stm32f1xx_hal_msp.o
 .debug_aranges
                0x00000ae8       0x90 ..\obj\usbd_cdc.o
 .debug_aranges
                0x00000b78       0x88 ..\obj\usbd_ctlreq.o
 .debug_aranges
                0x00000c00       0x28 ..\obj\stm32f1xx_hal_pcd_ex.o
 .debug_aranges
                0x00000c28       0x48 ..\obj\usbd_cdc_if.o
 .debug_aranges
                0x00000c70       0x50 ..\obj\usbd_ioreq.o
 .debug_aranges
                0x00000cc0       0x20 ..\obj\usb_device.o

.debug_ranges   0x00000000      0xb60
 .debug_ranges  0x00000000       0x20 ..\obj\stm32f1xx_hal_rcc_ex.o
 .debug_ranges  0x00000020       0xa0 ..\obj\stm32f1xx_hal_can.o
 .debug_ranges  0x000000c0       0xa8 ..\obj\stm32f1xx_hal.o
 .debug_ranges  0x00000168       0x58 ..\obj\stm32f1xx_it.o
 .debug_ranges  0x000001c0       0xf0 ..\obj\stm32f1xx_hal_cortex.o
 .debug_ranges  0x000002b0       0x18 ..\obj\system_stm32f1xx.o
 .debug_ranges  0x000002c8       0x80 ..\obj\stm32f1xx_hal_rcc.o
 .debug_ranges  0x00000348       0x18 ..\obj\startup_stm32f10x_md.o
 .debug_ranges  0x00000360      0x110 ..\obj\stm32f1xx_hal_pcd.o
 .debug_ranges  0x00000470       0xa8 ..\obj\usbd_core.o
 .debug_ranges  0x00000518       0x38 ..\obj\main.o
 .debug_ranges  0x00000550       0xf0 ..\obj\stm32f1xx_ll_usb.o
 .debug_ranges  0x00000640       0x10 ..\obj\stm32f1xx_hal_spi_ex.o
 .debug_ranges  0x00000650       0x48 ..\obj\stm32f1xx_hal_gpio.o
 .debug_ranges  0x00000698       0x40 ..\obj\usbd_desc.o
 .debug_ranges  0x000006d8      0x100 ..\obj\usbd_conf.o
 .debug_ranges  0x000007d8      0x1c0 ..\obj\stm32f1xx_hal_spi.o
 .debug_ranges  0x00000998       0x30 ..\obj\stm32f1xx_hal_msp.o
 .debug_ranges  0x000009c8       0x80 ..\obj\usbd_cdc.o
 .debug_ranges  0x00000a48       0x78 ..\obj\usbd_ctlreq.o
 .debug_ranges  0x00000ac0       0x18 ..\obj\stm32f1xx_hal_pcd_ex.o
 .debug_ranges  0x00000ad8       0x38 ..\obj\usbd_cdc_if.o
 .debug_ranges  0x00000b10       0x40 ..\obj\usbd_ioreq.o
 .debug_ranges  0x00000b50       0x10 ..\obj\usb_device.o

.debug_line     0x00000000     0x681c
 .debug_line    0x00000000      0x350 ..\obj\stm32f1xx_hal_rcc_ex.o
 .debug_line    0x00000350      0x7b8 ..\obj\stm32f1xx_hal_can.o
 .debug_line    0x00000b08      0x3fd ..\obj\stm32f1xx_hal.o
 .debug_line    0x00000f05      0x34a ..\obj\stm32f1xx_it.o
 .debug_line    0x0000124f      0x4bc ..\obj\stm32f1xx_hal_cortex.o
 .debug_line    0x0000170b      0x243 ..\obj\system_stm32f1xx.o
 .debug_line    0x0000194e      0x565 ..\obj\stm32f1xx_hal_rcc.o
 .debug_line    0x00001eb3       0xad ..\obj\startup_stm32f10x_md.o
 .debug_line    0x00001f60      0x768 ..\obj\stm32f1xx_hal_pcd.o
 .debug_line    0x000026c8      0x401 ..\obj\usbd_core.o
 .debug_line    0x00002ac9      0x384 ..\obj\main.o
 .debug_line    0x00002e4d      0x70b ..\obj\stm32f1xx_ll_usb.o
 .debug_line    0x00003558      0x2c0 ..\obj\stm32f1xx_hal_spi_ex.o
 .debug_line    0x00003818      0x485 ..\obj\stm32f1xx_hal_gpio.o
 .debug_line    0x00003c9d      0x26f ..\obj\usbd_desc.o
 .debug_line    0x00003f0c      0x5db ..\obj\usbd_conf.o
 .debug_line    0x000044e7      0xc38 ..\obj\stm32f1xx_hal_spi.o
 .debug_line    0x0000511f      0x328 ..\obj\stm32f1xx_hal_msp.o
 .debug_line    0x00005447      0x408 ..\obj\usbd_cdc.o
 .debug_line    0x0000584f      0x45b ..\obj\usbd_ctlreq.o
 .debug_line    0x00005caa      0x2c8 ..\obj\stm32f1xx_hal_pcd_ex.o
 .debug_line    0x00005f72      0x34f ..\obj\usbd_cdc_if.o
 .debug_line    0x000062c1      0x29c ..\obj\usbd_ioreq.o
 .debug_line    0x0000655d      0x2bf ..\obj\usb_device.o

.debug_str      0x00000000     0x3a12
 .debug_str     0x00000000      0x398 ..\obj\stm32f1xx_hal_rcc_ex.o
                                0x3f5 (size before relaxing)
 .debug_str     0x00000398      0x578 ..\obj\stm32f1xx_hal_can.o
                                0x7c8 (size before relaxing)
 .debug_str     0x00000910      0x522 ..\obj\stm32f1xx_hal.o
                                0x743 (size before relaxing)
 .debug_str     0x00000e32      0x350 ..\obj\stm32f1xx_it.o
                                0x823 (size before relaxing)
 .debug_str     0x00001182      0x321 ..\obj\stm32f1xx_hal_cortex.o
                                0x8ee (size before relaxing)
 .debug_str     0x000014a3       0x96 ..\obj\system_stm32f1xx.o
                                0x297 (size before relaxing)
 .debug_str     0x00001539      0x311 ..\obj\stm32f1xx_hal_rcc.o
                                0x637 (size before relaxing)
 .debug_str     0x0000184a       0xbb ..\obj\startup_stm32f10x_md.o
                                0x152 (size before relaxing)
 .debug_str     0x00001905      0x3d4 ..\obj\stm32f1xx_hal_pcd.o
                                0x8b4 (size before relaxing)
 .debug_str     0x00001cd9      0x506 ..\obj\usbd_core.o
                                0x762 (size before relaxing)
 .debug_str     0x000021df      0x40e ..\obj\main.o
                                0xe07 (size before relaxing)
 .debug_str     0x000025ed      0x305 ..\obj\stm32f1xx_ll_usb.o
                                0x753 (size before relaxing)
 .debug_str     0x000028f2       0x75 ..\obj\stm32f1xx_hal_spi_ex.o
                                0x606 (size before relaxing)
 .debug_str     0x00002967      0x19b ..\obj\stm32f1xx_hal_gpio.o
                                0x449 (size before relaxing)
 .debug_str     0x00002b02      0x143 ..\obj\usbd_desc.o
                                0x3ff (size before relaxing)
 .debug_str     0x00002c45      0x1b3 ..\obj\usbd_conf.o
                                0xf11 (size before relaxing)
 .debug_str     0x00002df8      0x4fe ..\obj\stm32f1xx_hal_spi.o
                                0xb02 (size before relaxing)
 .debug_str     0x000032f6       0x48 ..\obj\stm32f1xx_hal_msp.o
                                0xc35 (size before relaxing)
 .debug_str     0x0000333e      0x2b5 ..\obj\usbd_cdc.o
                                0x849 (size before relaxing)
 .debug_str     0x000035f3      0x153 ..\obj\usbd_ctlreq.o
                                0x6e8 (size before relaxing)
 .debug_str     0x00003746       0x84 ..\obj\stm32f1xx_hal_pcd_ex.o
                                0x580 (size before relaxing)
 .debug_str     0x000037ca       0xfe ..\obj\usbd_cdc_if.o
                                0x721 (size before relaxing)
 .debug_str     0x000038c8       0xf6 ..\obj\usbd_ioreq.o
                                0x670 (size before relaxing)
 .debug_str     0x000039be       0x54 ..\obj\usb_device.o
                                0x604 (size before relaxing)

.comment        0x00000000       0x6e
 .comment       0x00000000       0x6e ..\obj\stm32f1xx_hal_rcc_ex.o
                                 0x6f (size before relaxing)
 .comment       0x0000006e       0x6f ..\obj\stm32f1xx_hal_can.o
 .comment       0x0000006e       0x6f ..\obj\stm32f1xx_hal.o
 .comment       0x0000006e       0x6f ..\obj\stm32f1xx_it.o
 .comment       0x0000006e       0x6f ..\obj\stm32f1xx_hal_cortex.o
 .comment       0x0000006e       0x6f ..\obj\system_stm32f1xx.o
 .comment       0x0000006e       0x6f ..\obj\stm32f1xx_hal_rcc.o
 .comment       0x0000006e       0x6f ..\obj\startup_stm32f10x_md.o
 .comment       0x0000006e       0x6f ..\obj\stm32f1xx_hal_pcd.o
 .comment       0x0000006e       0x6f ..\obj\usbd_core.o
 .comment       0x0000006e       0x6f ..\obj\main.o
 .comment       0x0000006e       0x6f ..\obj\stm32f1xx_ll_usb.o
 .comment       0x0000006e       0x6f ..\obj\stm32f1xx_hal_spi_ex.o
 .comment       0x0000006e       0x6f ..\obj\stm32f1xx_hal_gpio.o
 .comment       0x0000006e       0x6f ..\obj\usbd_desc.o
 .comment       0x0000006e       0x6f ..\obj\usbd_conf.o
 .comment       0x0000006e       0x6f ..\obj\stm32f1xx_hal_spi.o
 .comment       0x0000006e       0x6f ..\obj\stm32f1xx_hal_msp.o
 .comment       0x0000006e       0x6f ..\obj\usbd_cdc.o
 .comment       0x0000006e       0x6f ..\obj\usbd_ctlreq.o
 .comment       0x0000006e       0x6f ..\obj\stm32f1xx_hal_pcd_ex.o
 .comment       0x0000006e       0x6f ..\obj\usbd_cdc_if.o
 .comment       0x0000006e       0x6f ..\obj\usbd_ioreq.o
 .comment       0x0000006e       0x6f ..\obj\usb_device.o

.ARM.attributes
                0x00000000       0x33
 .ARM.attributes
                0x00000000       0x33 ..\obj\stm32f1xx_hal_rcc_ex.o
 .ARM.attributes
                0x00000033       0x33 ..\obj\stm32f1xx_hal_can.o
 .ARM.attributes
                0x00000066       0x33 ..\obj\stm32f1xx_hal.o
 .ARM.attributes
                0x00000099       0x33 ..\obj\stm32f1xx_it.o
 .ARM.attributes
                0x000000cc       0x33 ..\obj\stm32f1xx_hal_cortex.o
 .ARM.attributes
                0x000000ff       0x33 ..\obj\system_stm32f1xx.o
 .ARM.attributes
                0x00000132       0x33 ..\obj\stm32f1xx_hal_rcc.o
 .ARM.attributes
                0x00000165       0x33 ..\obj\startup_stm32f10x_md.o
 .ARM.attributes
                0x00000198       0x33 ..\obj\stm32f1xx_hal_pcd.o
 .ARM.attributes
                0x000001cb       0x33 ..\obj\usbd_core.o
 .ARM.attributes
                0x000001fe       0x33 ..\obj\main.o
 .ARM.attributes
                0x00000231       0x33 ..\obj\stm32f1xx_ll_usb.o
 .ARM.attributes
                0x00000264       0x33 ..\obj\stm32f1xx_hal_spi_ex.o
 .ARM.attributes
                0x00000297       0x33 ..\obj\stm32f1xx_hal_gpio.o
 .ARM.attributes
                0x000002ca       0x33 ..\obj\usbd_desc.o
 .ARM.attributes
                0x000002fd       0x33 ..\obj\usbd_conf.o
 .ARM.attributes
                0x00000330       0x33 ..\obj\stm32f1xx_hal_spi.o
 .ARM.attributes
                0x00000363       0x33 ..\obj\stm32f1xx_hal_msp.o
 .ARM.attributes
                0x00000396       0x33 ..\obj\usbd_cdc.o
 .ARM.attributes
                0x000003c9       0x33 ..\obj\usbd_ctlreq.o
 .ARM.attributes
                0x000003fc       0x33 ..\obj\stm32f1xx_hal_pcd_ex.o
 .ARM.attributes
                0x0000042f       0x33 ..\obj\usbd_cdc_if.o
 .ARM.attributes
                0x00000462       0x33 ..\obj\usbd_ioreq.o
 .ARM.attributes
                0x00000495       0x33 ..\obj\usb_device.o

.debug_frame    0x00000000     0x3270
 .debug_frame   0x00000000       0x84 ..\obj\stm32f1xx_hal_rcc_ex.o
 .debug_frame   0x00000084      0x2f4 ..\obj\stm32f1xx_hal_can.o
 .debug_frame   0x00000378      0x298 ..\obj\stm32f1xx_hal.o
 .debug_frame   0x00000610      0x128 ..\obj\stm32f1xx_it.o
 .debug_frame   0x00000738      0x428 ..\obj\stm32f1xx_hal_cortex.o
 .debug_frame   0x00000b60       0x58 ..\obj\system_stm32f1xx.o
 .debug_frame   0x00000bb8      0x218 ..\obj\stm32f1xx_hal_rcc.o
 .debug_frame   0x00000dd0       0x4c ..\obj\startup_stm32f10x_md.o
 .debug_frame   0x00000e1c      0x4fc ..\obj\stm32f1xx_hal_pcd.o
 .debug_frame   0x00001318      0x300 ..\obj\usbd_core.o
 .debug_frame   0x00001618       0xd0 ..\obj\main.o
 .debug_frame   0x000016e8      0x4b4 ..\obj\stm32f1xx_ll_usb.o
 .debug_frame   0x00001b9c       0x34 ..\obj\stm32f1xx_hal_spi_ex.o
 .debug_frame   0x00001bd0      0x14c ..\obj\stm32f1xx_hal_gpio.o
 .debug_frame   0x00001d1c      0x114 ..\obj\usbd_desc.o
 .debug_frame   0x00001e30      0x480 ..\obj\usbd_conf.o
 .debug_frame   0x000022b0      0x824 ..\obj\stm32f1xx_hal_spi.o
 .debug_frame   0x00002ad4       0xc4 ..\obj\stm32f1xx_hal_msp.o
 .debug_frame   0x00002b98      0x24c ..\obj\usbd_cdc.o
 .debug_frame   0x00002de4      0x210 ..\obj\usbd_ctlreq.o
 .debug_frame   0x00002ff4       0x60 ..\obj\stm32f1xx_hal_pcd_ex.o
 .debug_frame   0x00003054       0xe4 ..\obj\usbd_cdc_if.o
 .debug_frame   0x00003138      0x10c ..\obj\usbd_ioreq.o
 .debug_frame   0x00003244       0x2c ..\obj\usb_device.o
