
Allocating common symbols
Common symbol       size              file

hUsbDeviceFS        0x224             ..\obj\usb_device.o
p_data              0x20              ..\obj\main.o
pFlash              0x20              ..\obj\stm32f1xx_hal_flash.o
UserRxBufferFS      0x40              ..\obj\usbd_cdc_if.o
i                   0x4               ..\obj\main.o
UserTxBufferFS      0x40              ..\obj\usbd_cdc_if.o
str_tx              0x15              ..\obj\main.o
hspi1               0x58              ..\obj\main.o
hpcd_USB_FS         0x420             ..\obj\usbd_conf.o
data_rec            0x8               ..\obj\main.o
USBD_StrDesc        0x200             ..\obj\usbd_desc.o
intchar             0x1               ..\obj\main.o

Discarded input sections

 .text          0x00000000        0x0 ..\obj\stm32f1xx_hal_rcc_ex.o
 .data          0x00000000        0x0 ..\obj\stm32f1xx_hal_rcc_ex.o
 .bss           0x00000000        0x0 ..\obj\stm32f1xx_hal_rcc_ex.o
 .text.HAL_RCCEx_GetPeriphCLKConfig
                0x00000000       0x60 ..\obj\stm32f1xx_hal_rcc_ex.o
 .rodata        0x00000000       0x12 ..\obj\stm32f1xx_hal_rcc_ex.o
 .text.HAL_RCCEx_GetPeriphCLKFreq
                0x00000000      0x1c8 ..\obj\stm32f1xx_hal_rcc_ex.o
 .text          0x00000000        0x0 ..\obj\stm32f1xx_hal_pwr.o
 .data          0x00000000        0x0 ..\obj\stm32f1xx_hal_pwr.o
 .bss           0x00000000        0x0 ..\obj\stm32f1xx_hal_pwr.o
 .text.PWR_OverloadWfe
                0x00000000       0x10 ..\obj\stm32f1xx_hal_pwr.o
 .text.HAL_PWR_DeInit
                0x00000000       0x28 ..\obj\stm32f1xx_hal_pwr.o
 .text.HAL_PWR_EnableBkUpAccess
                0x00000000       0x34 ..\obj\stm32f1xx_hal_pwr.o
 .text.HAL_PWR_DisableBkUpAccess
                0x00000000       0x34 ..\obj\stm32f1xx_hal_pwr.o
 .text.HAL_PWR_ConfigPVD
                0x00000000       0xbc ..\obj\stm32f1xx_hal_pwr.o
 .text.HAL_PWR_EnablePVD
                0x00000000       0x34 ..\obj\stm32f1xx_hal_pwr.o
 .text.HAL_PWR_DisablePVD
                0x00000000       0x34 ..\obj\stm32f1xx_hal_pwr.o
 .text.HAL_PWR_EnableWakeUpPin
                0x00000000       0x38 ..\obj\stm32f1xx_hal_pwr.o
 .text.HAL_PWR_DisableWakeUpPin
                0x00000000       0x38 ..\obj\stm32f1xx_hal_pwr.o
 .text.HAL_PWR_EnterSLEEPMode
                0x00000000       0x38 ..\obj\stm32f1xx_hal_pwr.o
 .text.HAL_PWR_EnterSTOPMode
                0x00000000       0x64 ..\obj\stm32f1xx_hal_pwr.o
 .text.HAL_PWR_EnterSTANDBYMode
                0x00000000       0x30 ..\obj\stm32f1xx_hal_pwr.o
 .text.HAL_PWR_EnableSleepOnExit
                0x00000000       0x1c ..\obj\stm32f1xx_hal_pwr.o
 .text.HAL_PWR_DisableSleepOnExit
                0x00000000       0x1c ..\obj\stm32f1xx_hal_pwr.o
 .text.HAL_PWR_EnableSEVOnPend
                0x00000000       0x1c ..\obj\stm32f1xx_hal_pwr.o
 .text.HAL_PWR_DisableSEVOnPend
                0x00000000       0x1c ..\obj\stm32f1xx_hal_pwr.o
 .text.HAL_PWR_PVD_IRQHandler
                0x00000000       0x24 ..\obj\stm32f1xx_hal_pwr.o
 .text.HAL_PWR_PVDCallback
                0x00000000        0xc ..\obj\stm32f1xx_hal_pwr.o
 .debug_info    0x00000000      0x79a ..\obj\stm32f1xx_hal_pwr.o
 .debug_abbrev  0x00000000      0x225 ..\obj\stm32f1xx_hal_pwr.o
 .debug_aranges
                0x00000000       0xa8 ..\obj\stm32f1xx_hal_pwr.o
 .debug_ranges  0x00000000       0x98 ..\obj\stm32f1xx_hal_pwr.o
 .debug_line    0x00000000      0x450 ..\obj\stm32f1xx_hal_pwr.o
 .debug_str     0x00000000      0x4de ..\obj\stm32f1xx_hal_pwr.o
 .comment       0x00000000       0x6f ..\obj\stm32f1xx_hal_pwr.o
 .debug_frame   0x00000000      0x290 ..\obj\stm32f1xx_hal_pwr.o
 .ARM.attributes
                0x00000000       0x33 ..\obj\stm32f1xx_hal_pwr.o
 .text          0x00000000        0x0 ..\obj\stm32f1xx_hal.o
 .data          0x00000000        0x0 ..\obj\stm32f1xx_hal.o
 .text.HAL_DeInit
                0x00000000       0x30 ..\obj\stm32f1xx_hal.o
 .text.HAL_MspInit
                0x00000000        0xc ..\obj\stm32f1xx_hal.o
 .text.HAL_MspDeInit
                0x00000000        0xc ..\obj\stm32f1xx_hal.o
 .text.HAL_SuspendTick
                0x00000000       0x1c ..\obj\stm32f1xx_hal.o
 .text.HAL_ResumeTick
                0x00000000       0x1c ..\obj\stm32f1xx_hal.o
 .text.HAL_GetHalVersion
                0x00000000       0x14 ..\obj\stm32f1xx_hal.o
 .text.HAL_GetREVID
                0x00000000       0x34 ..\obj\stm32f1xx_hal.o
 .text.HAL_GetDEVID
                0x00000000       0x18 ..\obj\stm32f1xx_hal.o
 .text.HAL_DBGMCU_EnableDBGSleepMode
                0x00000000       0x1c ..\obj\stm32f1xx_hal.o
 .text.HAL_DBGMCU_DisableDBGSleepMode
                0x00000000       0x1c ..\obj\stm32f1xx_hal.o
 .text.HAL_DBGMCU_EnableDBGStopMode
                0x00000000       0x1c ..\obj\stm32f1xx_hal.o
 .text.HAL_DBGMCU_DisableDBGStopMode
                0x00000000       0x1c ..\obj\stm32f1xx_hal.o
 .text.HAL_DBGMCU_EnableDBGStandbyMode
                0x00000000       0x1c ..\obj\stm32f1xx_hal.o
 .text.HAL_DBGMCU_DisableDBGStandbyMode
                0x00000000       0x1c ..\obj\stm32f1xx_hal.o
 .text          0x00000000        0x0 ..\obj\stm32f1xx_it.o
 .data          0x00000000        0x0 ..\obj\stm32f1xx_it.o
 .bss           0x00000000        0x0 ..\obj\stm32f1xx_it.o
 .text          0x00000000        0x0 ..\obj\stm32f1xx_hal_gpio_ex.o
 .data          0x00000000        0x0 ..\obj\stm32f1xx_hal_gpio_ex.o
 .bss           0x00000000        0x0 ..\obj\stm32f1xx_hal_gpio_ex.o
 .text.HAL_GPIOEx_ConfigEventout
                0x00000000       0x2c ..\obj\stm32f1xx_hal_gpio_ex.o
 .text.HAL_GPIOEx_EnableEventout
                0x00000000       0x1c ..\obj\stm32f1xx_hal_gpio_ex.o
 .text.HAL_GPIOEx_DisableEventout
                0x00000000       0x1c ..\obj\stm32f1xx_hal_gpio_ex.o
 .debug_info    0x00000000      0x183 ..\obj\stm32f1xx_hal_gpio_ex.o
 .debug_abbrev  0x00000000       0xcb ..\obj\stm32f1xx_hal_gpio_ex.o
 .debug_aranges
                0x00000000       0x30 ..\obj\stm32f1xx_hal_gpio_ex.o
 .debug_ranges  0x00000000       0x20 ..\obj\stm32f1xx_hal_gpio_ex.o
 .debug_line    0x00000000      0x22b ..\obj\stm32f1xx_hal_gpio_ex.o
 .debug_str     0x00000000      0x288 ..\obj\stm32f1xx_hal_gpio_ex.o
 .comment       0x00000000       0x6f ..\obj\stm32f1xx_hal_gpio_ex.o
 .debug_frame   0x00000000       0x78 ..\obj\stm32f1xx_hal_gpio_ex.o
 .ARM.attributes
                0x00000000       0x33 ..\obj\stm32f1xx_hal_gpio_ex.o
 .text          0x00000000        0x0 ..\obj\stm32f1xx_hal_cortex.o
 .data          0x00000000        0x0 ..\obj\stm32f1xx_hal_cortex.o
 .bss           0x00000000        0x0 ..\obj\stm32f1xx_hal_cortex.o
 .text.NVIC_DisableIRQ
                0x00000000       0x34 ..\obj\stm32f1xx_hal_cortex.o
 .text.NVIC_GetPendingIRQ
                0x00000000       0x34 ..\obj\stm32f1xx_hal_cortex.o
 .text.NVIC_SetPendingIRQ
                0x00000000       0x34 ..\obj\stm32f1xx_hal_cortex.o
 .text.NVIC_ClearPendingIRQ
                0x00000000       0x34 ..\obj\stm32f1xx_hal_cortex.o
 .text.NVIC_GetActive
                0x00000000       0x34 ..\obj\stm32f1xx_hal_cortex.o
 .text.NVIC_GetPriority
                0x00000000       0x4c ..\obj\stm32f1xx_hal_cortex.o
 .text.NVIC_DecodePriority
                0x00000000       0x68 ..\obj\stm32f1xx_hal_cortex.o
 .text.NVIC_SystemReset
                0x00000000       0x28 ..\obj\stm32f1xx_hal_cortex.o
 .text.HAL_NVIC_DisableIRQ
                0x00000000       0x1c ..\obj\stm32f1xx_hal_cortex.o
 .text.HAL_NVIC_SystemReset
                0x00000000        0xc ..\obj\stm32f1xx_hal_cortex.o
 .text.HAL_NVIC_GetPriorityGrouping
                0x00000000       0x10 ..\obj\stm32f1xx_hal_cortex.o
 .text.HAL_NVIC_GetPriority
                0x00000000       0x2c ..\obj\stm32f1xx_hal_cortex.o
 .text.HAL_NVIC_SetPendingIRQ
                0x00000000       0x1c ..\obj\stm32f1xx_hal_cortex.o
 .text.HAL_NVIC_GetPendingIRQ
                0x00000000       0x20 ..\obj\stm32f1xx_hal_cortex.o
 .text.HAL_NVIC_ClearPendingIRQ
                0x00000000       0x1c ..\obj\stm32f1xx_hal_cortex.o
 .text.HAL_NVIC_GetActive
                0x00000000       0x20 ..\obj\stm32f1xx_hal_cortex.o
 .text          0x00000000        0x0 ..\obj\system_stm32f1xx.o
 .bss           0x00000000        0x0 ..\obj\system_stm32f1xx.o
 .text.SystemCoreClockUpdate
                0x00000000       0xd8 ..\obj\system_stm32f1xx.o
 .text          0x00000000        0x0 ..\obj\stm32f1xx_hal_rcc.o
 .data          0x00000000        0x0 ..\obj\stm32f1xx_hal_rcc.o
 .bss           0x00000000        0x0 ..\obj\stm32f1xx_hal_rcc.o
 .text.HAL_RCC_DeInit
                0x00000000       0x7c ..\obj\stm32f1xx_hal_rcc.o
 .text.HAL_RCC_MCOConfig
                0x00000000       0x70 ..\obj\stm32f1xx_hal_rcc.o
 .text.HAL_RCC_EnableCSS
                0x00000000       0x34 ..\obj\stm32f1xx_hal_rcc.o
 .text.HAL_RCC_DisableCSS
                0x00000000       0x34 ..\obj\stm32f1xx_hal_rcc.o
 .text.HAL_RCC_GetPCLK1Freq
                0x00000000       0x44 ..\obj\stm32f1xx_hal_rcc.o
 .text.HAL_RCC_GetPCLK2Freq
                0x00000000       0x44 ..\obj\stm32f1xx_hal_rcc.o
 .text.HAL_RCC_GetOscConfig
                0x00000000      0x110 ..\obj\stm32f1xx_hal_rcc.o
 .text.HAL_RCC_GetClockConfig
                0x00000000       0x60 ..\obj\stm32f1xx_hal_rcc.o
 .text.HAL_RCC_NMI_IRQHandler
                0x00000000       0x28 ..\obj\stm32f1xx_hal_rcc.o
 .text.HAL_RCC_CSSCallback
                0x00000000        0xc ..\obj\stm32f1xx_hal_rcc.o
 .text          0x00000000        0x0 ..\obj\startup_stm32f10x_md.o
 .data          0x00000000        0x0 ..\obj\startup_stm32f10x_md.o
 .bss           0x00000000        0x0 ..\obj\startup_stm32f10x_md.o
 .text          0x00000000        0x0 ..\obj\stm32f1xx_hal_pcd.o
 .data          0x00000000        0x0 ..\obj\stm32f1xx_hal_pcd.o
 .bss           0x00000000        0x0 ..\obj\stm32f1xx_hal_pcd.o
 .text.HAL_PCD_DeInit
                0x00000000       0x38 ..\obj\stm32f1xx_hal_pcd.o
 .text.HAL_PCD_MspInit
                0x00000000       0x14 ..\obj\stm32f1xx_hal_pcd.o
 .text.HAL_PCD_MspDeInit
                0x00000000       0x14 ..\obj\stm32f1xx_hal_pcd.o
 .text.HAL_PCD_Stop
                0x00000000       0x50 ..\obj\stm32f1xx_hal_pcd.o
 .text.HAL_PCD_DataOutStageCallback
                0x00000000       0x18 ..\obj\stm32f1xx_hal_pcd.o
 .text.HAL_PCD_DataInStageCallback
                0x00000000       0x18 ..\obj\stm32f1xx_hal_pcd.o
 .text.HAL_PCD_SetupStageCallback
                0x00000000       0x14 ..\obj\stm32f1xx_hal_pcd.o
 .text.HAL_PCD_SOFCallback
                0x00000000       0x14 ..\obj\stm32f1xx_hal_pcd.o
 .text.HAL_PCD_ResetCallback
                0x00000000       0x14 ..\obj\stm32f1xx_hal_pcd.o
 .text.HAL_PCD_SuspendCallback
                0x00000000       0x14 ..\obj\stm32f1xx_hal_pcd.o
 .text.HAL_PCD_ResumeCallback
                0x00000000       0x14 ..\obj\stm32f1xx_hal_pcd.o
 .text.HAL_PCD_ISOOUTIncompleteCallback
                0x00000000       0x18 ..\obj\stm32f1xx_hal_pcd.o
 .text.HAL_PCD_ISOINIncompleteCallback
                0x00000000       0x18 ..\obj\stm32f1xx_hal_pcd.o
 .text.HAL_PCD_ConnectCallback
                0x00000000       0x14 ..\obj\stm32f1xx_hal_pcd.o
 .text.HAL_PCD_DisconnectCallback
                0x00000000       0x14 ..\obj\stm32f1xx_hal_pcd.o
 .text.HAL_PCD_DevConnect
                0x00000000       0x44 ..\obj\stm32f1xx_hal_pcd.o
 .text.HAL_PCD_DevDisconnect
                0x00000000       0x44 ..\obj\stm32f1xx_hal_pcd.o
 .text.HAL_PCD_EP_Flush
                0x00000000       0x5c ..\obj\stm32f1xx_hal_pcd.o
 .text.HAL_PCD_ActivateRemoteWakeup
                0x00000000       0x1c ..\obj\stm32f1xx_hal_pcd.o
 .text.HAL_PCD_DeActivateRemoteWakeup
                0x00000000       0x1c ..\obj\stm32f1xx_hal_pcd.o
 .text.HAL_PCD_GetState
                0x00000000       0x1c ..\obj\stm32f1xx_hal_pcd.o
 .text          0x00000000        0x0 ..\obj\usbd_core.o
 .data          0x00000000        0x0 ..\obj\usbd_core.o
 .bss           0x00000000        0x0 ..\obj\usbd_core.o
 .text.USBD_DeInit
                0x00000000       0x3c ..\obj\usbd_core.o
 .text.USBD_Stop
                0x00000000       0x2c ..\obj\usbd_core.o
 .text.USBD_LL_IsoINIncomplete
                0x00000000       0x18 ..\obj\usbd_core.o
 .text.USBD_LL_IsoOUTIncomplete
                0x00000000       0x18 ..\obj\usbd_core.o
 .text.USBD_LL_DevConnected
                0x00000000       0x14 ..\obj\usbd_core.o
 .text.USBD_LL_DevDisconnected
                0x00000000       0x30 ..\obj\usbd_core.o
 .text          0x00000000        0x0 ..\obj\main.o
 .data          0x00000000       0x1d ..\obj\main.o
 .bss           0x00000000        0x0 ..\obj\main.o
 .text.hexascii_to_halfbyte
                0x00000000       0x54 ..\obj\main.o
 .text          0x00000000        0x0 ..\obj\stm32f1xx_ll_usb.o
 .data          0x00000000        0x0 ..\obj\stm32f1xx_ll_usb.o
 .bss           0x00000000        0x0 ..\obj\stm32f1xx_ll_usb.o
 .text.USB_FlushTxFifo
                0x00000000       0x18 ..\obj\stm32f1xx_ll_usb.o
 .text.USB_FlushRxFifo
                0x00000000       0x14 ..\obj\stm32f1xx_ll_usb.o
 .text.USB_WritePacket
                0x00000000       0x24 ..\obj\stm32f1xx_ll_usb.o
 .text.USB_ReadPacket
                0x00000000       0x1c ..\obj\stm32f1xx_ll_usb.o
 .text.USB_StopDevice
                0x00000000       0x2c ..\obj\stm32f1xx_ll_usb.o
 .text.USB_ReadDevAllOutEpInterrupt
                0x00000000       0x14 ..\obj\stm32f1xx_ll_usb.o
 .text.USB_ReadDevAllInEpInterrupt
                0x00000000       0x14 ..\obj\stm32f1xx_ll_usb.o
 .text.USB_ReadDevOutEPInterrupt
                0x00000000       0x18 ..\obj\stm32f1xx_ll_usb.o
 .text.USB_ReadDevInEPInterrupt
                0x00000000       0x18 ..\obj\stm32f1xx_ll_usb.o
 .text.USB_ClearInterrupts
                0x00000000       0x14 ..\obj\stm32f1xx_ll_usb.o
 .text.USB_ActivateRemoteWakeup
                0x00000000       0x28 ..\obj\stm32f1xx_ll_usb.o
 .text.USB_DeActivateRemoteWakeup
                0x00000000       0x28 ..\obj\stm32f1xx_ll_usb.o
 .text          0x00000000        0x0 ..\obj\stm32f1xx_hal_spi_ex.o
 .data          0x00000000        0x0 ..\obj\stm32f1xx_hal_spi_ex.o
 .text          0x00000000        0x0 ..\obj\stm32f1xx_hal_flash.o
 .data          0x00000000        0x0 ..\obj\stm32f1xx_hal_flash.o
 .bss           0x00000000        0x0 ..\obj\stm32f1xx_hal_flash.o
 .text.HAL_FLASH_Program
                0x00000000       0xe4 ..\obj\stm32f1xx_hal_flash.o
 .text.HAL_FLASH_Program_IT
                0x00000000       0x90 ..\obj\stm32f1xx_hal_flash.o
 .text.HAL_FLASH_IRQHandler
                0x00000000      0x1c4 ..\obj\stm32f1xx_hal_flash.o
 .text.HAL_FLASH_EndOfOperationCallback
                0x00000000       0x14 ..\obj\stm32f1xx_hal_flash.o
 .text.HAL_FLASH_OperationErrorCallback
                0x00000000       0x14 ..\obj\stm32f1xx_hal_flash.o
 .text.HAL_FLASH_Unlock
                0x00000000       0x38 ..\obj\stm32f1xx_hal_flash.o
 .text.HAL_FLASH_Lock
                0x00000000       0x20 ..\obj\stm32f1xx_hal_flash.o
 .text.HAL_FLASH_OB_Unlock
                0x00000000       0x38 ..\obj\stm32f1xx_hal_flash.o
 .text.HAL_FLASH_OB_Lock
                0x00000000       0x20 ..\obj\stm32f1xx_hal_flash.o
 .text.HAL_FLASH_OB_Launch
                0x00000000       0x10 ..\obj\stm32f1xx_hal_flash.o
 .text.HAL_FLASH_GetError
                0x00000000       0x14 ..\obj\stm32f1xx_hal_flash.o
 .text.FLASH_Program_HalfWord
                0x00000000       0x38 ..\obj\stm32f1xx_hal_flash.o
 .text.FLASH_WaitForLastOperation
                0x00000000       0x8c ..\obj\stm32f1xx_hal_flash.o
 .text.FLASH_SetErrorCode
                0x00000000       0x70 ..\obj\stm32f1xx_hal_flash.o
 .debug_info    0x00000000      0x4e8 ..\obj\stm32f1xx_hal_flash.o
 .debug_abbrev  0x00000000      0x1df ..\obj\stm32f1xx_hal_flash.o
 .debug_aranges
                0x00000000       0x88 ..\obj\stm32f1xx_hal_flash.o
 .debug_ranges  0x00000000       0x78 ..\obj\stm32f1xx_hal_flash.o
 .debug_line    0x00000000      0x46d ..\obj\stm32f1xx_hal_flash.o
 .debug_str     0x00000000      0x529 ..\obj\stm32f1xx_hal_flash.o
 .comment       0x00000000       0x6f ..\obj\stm32f1xx_hal_flash.o
 .debug_frame   0x00000000      0x204 ..\obj\stm32f1xx_hal_flash.o
 .ARM.attributes
                0x00000000       0x33 ..\obj\stm32f1xx_hal_flash.o
 COMMON         0x00000000       0x20 ..\obj\stm32f1xx_hal_flash.o
 .text          0x00000000        0x0 ..\obj\stm32f1xx_hal_gpio.o
 .data          0x00000000        0x0 ..\obj\stm32f1xx_hal_gpio.o
 .bss           0x00000000        0x0 ..\obj\stm32f1xx_hal_gpio.o
 .text.HAL_GPIO_DeInit
                0x00000000      0x184 ..\obj\stm32f1xx_hal_gpio.o
 .text.HAL_GPIO_ReadPin
                0x00000000       0x30 ..\obj\stm32f1xx_hal_gpio.o
 .text.HAL_GPIO_LockPin
                0x00000000       0x50 ..\obj\stm32f1xx_hal_gpio.o
 .text.HAL_GPIO_EXTI_IRQHandler
                0x00000000       0x30 ..\obj\stm32f1xx_hal_gpio.o
 .text.HAL_GPIO_EXTI_Callback
                0x00000000       0x14 ..\obj\stm32f1xx_hal_gpio.o
 .text          0x00000000        0x0 ..\obj\stm32f1xx_hal_dma.o
 .data          0x00000000        0x0 ..\obj\stm32f1xx_hal_dma.o
 .bss           0x00000000        0x0 ..\obj\stm32f1xx_hal_dma.o
 .text.HAL_DMA_Init
                0x00000000       0x94 ..\obj\stm32f1xx_hal_dma.o
 .text.HAL_DMA_DeInit
                0x00000000      0x1e0 ..\obj\stm32f1xx_hal_dma.o
 .text.HAL_DMA_Start
                0x00000000       0x64 ..\obj\stm32f1xx_hal_dma.o
 .text.HAL_DMA_Start_IT
                0x00000000       0x94 ..\obj\stm32f1xx_hal_dma.o
 .text.HAL_DMA_Abort
                0x00000000       0x7c ..\obj\stm32f1xx_hal_dma.o
 .text.HAL_DMA_PollForTransfer
                0x00000000      0x394 ..\obj\stm32f1xx_hal_dma.o
 .text.HAL_DMA_IRQHandler
                0x00000000      0x3e0 ..\obj\stm32f1xx_hal_dma.o
 .text.HAL_DMA_GetState
                0x00000000       0x18 ..\obj\stm32f1xx_hal_dma.o
 .text.HAL_DMA_GetError
                0x00000000       0x18 ..\obj\stm32f1xx_hal_dma.o
 .text.DMA_SetConfig
                0x00000000       0x4c ..\obj\stm32f1xx_hal_dma.o
 .debug_info    0x00000000      0x588 ..\obj\stm32f1xx_hal_dma.o
 .debug_abbrev  0x00000000      0x1b5 ..\obj\stm32f1xx_hal_dma.o
 .debug_aranges
                0x00000000       0x68 ..\obj\stm32f1xx_hal_dma.o
 .debug_ranges  0x00000000       0x58 ..\obj\stm32f1xx_hal_dma.o
 .debug_line    0x00000000      0x84a ..\obj\stm32f1xx_hal_dma.o
 .debug_str     0x00000000      0x517 ..\obj\stm32f1xx_hal_dma.o
 .comment       0x00000000       0x6f ..\obj\stm32f1xx_hal_dma.o
 .debug_frame   0x00000000      0x194 ..\obj\stm32f1xx_hal_dma.o
 .ARM.attributes
                0x00000000       0x33 ..\obj\stm32f1xx_hal_dma.o
 .text          0x00000000        0x0 ..\obj\usbd_desc.o
 .bss           0x00000000        0x0 ..\obj\usbd_desc.o
 .text          0x00000000        0x0 ..\obj\usbd_conf.o
 .data          0x00000000        0x0 ..\obj\usbd_conf.o
 .text.HAL_PCD_MspDeInit
                0x00000000       0x34 ..\obj\usbd_conf.o
 .text.HAL_PCD_ISOOUTIncompleteCallback
                0x00000000       0x24 ..\obj\usbd_conf.o
 .text.HAL_PCD_ISOINIncompleteCallback
                0x00000000       0x24 ..\obj\usbd_conf.o
 .text.HAL_PCD_ConnectCallback
                0x00000000       0x1c ..\obj\usbd_conf.o
 .text.HAL_PCD_DisconnectCallback
                0x00000000       0x1c ..\obj\usbd_conf.o
 .text.USBD_LL_DeInit
                0x00000000       0x64 ..\obj\usbd_conf.o
 .text.USBD_LL_Stop
                0x00000000       0x64 ..\obj\usbd_conf.o
 .text.USBD_LL_FlushEP
                0x00000000       0x6c ..\obj\usbd_conf.o
 .text.USBD_LL_Delay
                0x00000000       0x18 ..\obj\usbd_conf.o
 .text          0x00000000        0x0 ..\obj\stm32f1xx_hal_spi.o
 .data          0x00000000        0x0 ..\obj\stm32f1xx_hal_spi.o
 .bss           0x00000000        0x0 ..\obj\stm32f1xx_hal_spi.o
 .text.HAL_SPI_Init
                0x00000000       0xbc ..\obj\stm32f1xx_hal_spi.o
 .text.HAL_SPI_DeInit
                0x00000000       0x50 ..\obj\stm32f1xx_hal_spi.o
 .text.HAL_SPI_MspInit
                0x00000000       0x14 ..\obj\stm32f1xx_hal_spi.o
 .text.HAL_SPI_MspDeInit
                0x00000000       0x14 ..\obj\stm32f1xx_hal_spi.o
 .text.HAL_SPI_Transmit
                0x00000000      0x280 ..\obj\stm32f1xx_hal_spi.o
 .text.HAL_SPI_Transmit_IT
                0x00000000      0x128 ..\obj\stm32f1xx_hal_spi.o
 .text.HAL_SPI_Receive_IT
                0x00000000      0x138 ..\obj\stm32f1xx_hal_spi.o
 .text.HAL_SPI_TransmitReceive_IT
                0x00000000      0x128 ..\obj\stm32f1xx_hal_spi.o
 .text.HAL_SPI_Transmit_DMA
                0x00000000      0x148 ..\obj\stm32f1xx_hal_spi.o
 .text.HAL_SPI_Receive_DMA
                0x00000000      0x174 ..\obj\stm32f1xx_hal_spi.o
 .text.HAL_SPI_TransmitReceive_DMA
                0x00000000      0x1d0 ..\obj\stm32f1xx_hal_spi.o
 .text.HAL_SPI_DMAPause
                0x00000000       0x54 ..\obj\stm32f1xx_hal_spi.o
 .text.HAL_SPI_DMAResume
                0x00000000       0x54 ..\obj\stm32f1xx_hal_spi.o
 .text.HAL_SPI_DMAStop
                0x00000000       0x60 ..\obj\stm32f1xx_hal_spi.o
 .text.HAL_SPI_IRQHandler
                0x00000000      0x130 ..\obj\stm32f1xx_hal_spi.o
 .text.HAL_SPI_TxCpltCallback
                0x00000000       0x14 ..\obj\stm32f1xx_hal_spi.o
 .text.HAL_SPI_RxCpltCallback
                0x00000000       0x14 ..\obj\stm32f1xx_hal_spi.o
 .text.HAL_SPI_TxRxCpltCallback
                0x00000000       0x14 ..\obj\stm32f1xx_hal_spi.o
 .text.HAL_SPI_TxHalfCpltCallback
                0x00000000       0x14 ..\obj\stm32f1xx_hal_spi.o
 .text.HAL_SPI_RxHalfCpltCallback
                0x00000000       0x14 ..\obj\stm32f1xx_hal_spi.o
 .text.HAL_SPI_TxRxHalfCpltCallback
                0x00000000       0x14 ..\obj\stm32f1xx_hal_spi.o
 .text.HAL_SPI_ErrorCallback
                0x00000000       0x14 ..\obj\stm32f1xx_hal_spi.o
 .text.HAL_SPI_GetState
                0x00000000       0x1c ..\obj\stm32f1xx_hal_spi.o
 .text.HAL_SPI_GetError
                0x00000000       0x18 ..\obj\stm32f1xx_hal_spi.o
 .text.SPI_TxCloseIRQHandler
                0x00000000       0xd8 ..\obj\stm32f1xx_hal_spi.o
 .text.SPI_TxISR
                0x00000000       0x78 ..\obj\stm32f1xx_hal_spi.o
 .text.SPI_RxCloseIRQHandler
                0x00000000      0x164 ..\obj\stm32f1xx_hal_spi.o
 .text.SPI_2LinesRxISR
                0x00000000       0x60 ..\obj\stm32f1xx_hal_spi.o
 .text.SPI_RxISR
                0x00000000       0x84 ..\obj\stm32f1xx_hal_spi.o
 .text.SPI_DMATransmitCplt
                0x00000000       0xb0 ..\obj\stm32f1xx_hal_spi.o
 .text.SPI_DMAReceiveCplt
                0x00000000      0x148 ..\obj\stm32f1xx_hal_spi.o
 .text.SPI_DMATransmitReceiveCplt
                0x00000000      0x120 ..\obj\stm32f1xx_hal_spi.o
 .text.SPI_DMAHalfTransmitCplt
                0x00000000       0x1c ..\obj\stm32f1xx_hal_spi.o
 .text.SPI_DMAHalfReceiveCplt
                0x00000000       0x1c ..\obj\stm32f1xx_hal_spi.o
 .text.SPI_DMAHalfTransmitReceiveCplt
                0x00000000       0x1c ..\obj\stm32f1xx_hal_spi.o
 .text.SPI_DMAError
                0x00000000       0x3c ..\obj\stm32f1xx_hal_spi.o
 .text.SPI_ISCRCErrorValid
                0x00000000       0x14 ..\obj\stm32f1xx_hal_spi.o
 .text          0x00000000        0x0 ..\obj\stm32f1xx_hal_msp.o
 .data          0x00000000        0x0 ..\obj\stm32f1xx_hal_msp.o
 .bss           0x00000000        0x0 ..\obj\stm32f1xx_hal_msp.o
 .text.HAL_SPI_MspDeInit
                0x00000000       0x3c ..\obj\stm32f1xx_hal_msp.o
 .text          0x00000000        0x0 ..\obj\usbd_cdc.o
 .text          0x00000000        0x0 ..\obj\stm32f1xx_hal_tim.o
 .data          0x00000000        0x0 ..\obj\stm32f1xx_hal_tim.o
 .bss           0x00000000        0x0 ..\obj\stm32f1xx_hal_tim.o
 .debug_info    0x00000000       0xa0 ..\obj\stm32f1xx_hal_tim.o
 .debug_abbrev  0x00000000       0x4b ..\obj\stm32f1xx_hal_tim.o
 .debug_aranges
                0x00000000       0x18 ..\obj\stm32f1xx_hal_tim.o
 .debug_line    0x00000000      0x12a ..\obj\stm32f1xx_hal_tim.o
 .debug_str     0x00000000      0x1d4 ..\obj\stm32f1xx_hal_tim.o
 .comment       0x00000000       0x6f ..\obj\stm32f1xx_hal_tim.o
 .ARM.attributes
                0x00000000       0x33 ..\obj\stm32f1xx_hal_tim.o
 .text          0x00000000        0x0 ..\obj\stm32f1xx_hal_flash_ex.o
 .data          0x00000000        0x0 ..\obj\stm32f1xx_hal_flash_ex.o
 .bss           0x00000000        0x0 ..\obj\stm32f1xx_hal_flash_ex.o
 .text.HAL_FLASHEx_Erase
                0x00000000       0xd8 ..\obj\stm32f1xx_hal_flash_ex.o
 .text.HAL_FLASHEx_Erase_IT
                0x00000000       0x84 ..\obj\stm32f1xx_hal_flash_ex.o
 .text.HAL_FLASHEx_OBErase
                0x00000000       0x84 ..\obj\stm32f1xx_hal_flash_ex.o
 .text.HAL_FLASHEx_OBProgram
                0x00000000       0xf8 ..\obj\stm32f1xx_hal_flash_ex.o
 .text.HAL_FLASHEx_OBGetConfig
                0x00000000       0x38 ..\obj\stm32f1xx_hal_flash_ex.o
 .text.HAL_FLASHEx_OBGetUserData
                0x00000000       0x6c ..\obj\stm32f1xx_hal_flash_ex.o
 .text.FLASH_MassErase
                0x00000000       0x38 ..\obj\stm32f1xx_hal_flash_ex.o
 .text.FLASH_OB_EnableWRP
                0x00000000      0x144 ..\obj\stm32f1xx_hal_flash_ex.o
 .text.FLASH_OB_DisableWRP
                0x00000000      0x140 ..\obj\stm32f1xx_hal_flash_ex.o
 .text.FLASH_OB_RDP_LevelConfig
                0x00000000       0xa0 ..\obj\stm32f1xx_hal_flash_ex.o
 .text.FLASH_OB_UserConfig
                0x00000000       0x70 ..\obj\stm32f1xx_hal_flash_ex.o
 .text.FLASH_OB_ProgramData
                0x00000000       0x68 ..\obj\stm32f1xx_hal_flash_ex.o
 .text.FLASH_OB_GetWRP
                0x00000000       0x14 ..\obj\stm32f1xx_hal_flash_ex.o
 .text.FLASH_OB_GetRDP
                0x00000000       0x38 ..\obj\stm32f1xx_hal_flash_ex.o
 .text.FLASH_OB_GetUser
                0x00000000       0x34 ..\obj\stm32f1xx_hal_flash_ex.o
 .text.FLASH_PageErase
                0x00000000       0x40 ..\obj\stm32f1xx_hal_flash_ex.o
 .debug_info    0x00000000      0x840 ..\obj\stm32f1xx_hal_flash_ex.o
 .debug_abbrev  0x00000000      0x265 ..\obj\stm32f1xx_hal_flash_ex.o
 .debug_aranges
                0x00000000       0x98 ..\obj\stm32f1xx_hal_flash_ex.o
 .debug_ranges  0x00000000       0x88 ..\obj\stm32f1xx_hal_flash_ex.o
 .debug_line    0x00000000      0x50a ..\obj\stm32f1xx_hal_flash_ex.o
 .debug_str     0x00000000      0x669 ..\obj\stm32f1xx_hal_flash_ex.o
 .comment       0x00000000       0x6f ..\obj\stm32f1xx_hal_flash_ex.o
 .debug_frame   0x00000000      0x260 ..\obj\stm32f1xx_hal_flash_ex.o
 .ARM.attributes
                0x00000000       0x33 ..\obj\stm32f1xx_hal_flash_ex.o
 .text          0x00000000        0x0 ..\obj\usbd_ctlreq.o
 .data          0x00000000        0x0 ..\obj\usbd_ctlreq.o
 .text          0x00000000        0x0 ..\obj\stm32f1xx_hal_pcd_ex.o
 .data          0x00000000        0x0 ..\obj\stm32f1xx_hal_pcd_ex.o
 .bss           0x00000000        0x0 ..\obj\stm32f1xx_hal_pcd_ex.o
 .text.HAL_PCDEx_SetConnectionState
                0x00000000       0x18 ..\obj\stm32f1xx_hal_pcd_ex.o
 .text          0x00000000        0x0 ..\obj\usbd_cdc_if.o
 .bss           0x00000000        0x0 ..\obj\usbd_cdc_if.o
 .text.CDC_Transmit_FS
                0x00000000       0x4c ..\obj\usbd_cdc_if.o
 .text          0x00000000        0x0 ..\obj\usbd_ioreq.o
 .data          0x00000000        0x0 ..\obj\usbd_ioreq.o
 .bss           0x00000000        0x0 ..\obj\usbd_ioreq.o
 .text.USBD_GetRxCount
                0x00000000       0x24 ..\obj\usbd_ioreq.o
 .text          0x00000000        0x0 ..\obj\usb_device.o
 .data          0x00000000        0x0 ..\obj\usb_device.o
 .bss           0x00000000        0x0 ..\obj\usb_device.o
 .text          0x00000000        0x0 ..\obj\stm32f1xx_hal_tim_ex.o
 .data          0x00000000        0x0 ..\obj\stm32f1xx_hal_tim_ex.o
 .bss           0x00000000        0x0 ..\obj\stm32f1xx_hal_tim_ex.o
 .debug_info    0x00000000       0xa0 ..\obj\stm32f1xx_hal_tim_ex.o
 .debug_abbrev  0x00000000       0x4b ..\obj\stm32f1xx_hal_tim_ex.o
 .debug_aranges
                0x00000000       0x18 ..\obj\stm32f1xx_hal_tim_ex.o
 .debug_line    0x00000000      0x12a ..\obj\stm32f1xx_hal_tim_ex.o
 .debug_str     0x00000000      0x1d7 ..\obj\stm32f1xx_hal_tim_ex.o
 .comment       0x00000000       0x6f ..\obj\stm32f1xx_hal_tim_ex.o
 .ARM.attributes
                0x00000000       0x33 ..\obj\stm32f1xx_hal_tim_ex.o

Memory Configuration

Name             Origin             Length             Attributes
rom              0x08000000         0x00010000         xr
ram              0x20000000         0x00005000         xrw
*default*        0x00000000         0xffffffff

Linker script and memory map

                0x20005000                _eram = 0x20005000

.text           0x08000000     0x693a
 *(.isr_vector)
 .isr_vector    0x08000000      0x10c ..\obj\startup_stm32f10x_md.o
                0x08000000                g_pfnVectors
 *(.text*)
 .text.HAL_RCCEx_PeriphCLKConfig
                0x0800010c      0x1ec ..\obj\stm32f1xx_hal_rcc_ex.o
                0x0800010c                HAL_RCCEx_PeriphCLKConfig
 .text.HAL_Init
                0x080002f8       0x2c ..\obj\stm32f1xx_hal.o
                0x080002f8                HAL_Init
 .text.HAL_InitTick
                0x08000324       0x38 ..\obj\stm32f1xx_hal.o
                0x08000324                HAL_InitTick
 .text.HAL_IncTick
                0x0800035c       0x1c ..\obj\stm32f1xx_hal.o
                0x0800035c                HAL_IncTick
 .text.HAL_GetTick
                0x08000378       0x14 ..\obj\stm32f1xx_hal.o
                0x08000378                HAL_GetTick
 .text.HAL_Delay
                0x0800038c       0x2c ..\obj\stm32f1xx_hal.o
                0x0800038c                HAL_Delay
 .text.NMI_Handler
                0x080003b8        0xc ..\obj\stm32f1xx_it.o
                0x080003b8                NMI_Handler
 .text.HardFault_Handler
                0x080003c4        0x8 ..\obj\stm32f1xx_it.o
                0x080003c4                HardFault_Handler
 .text.MemManage_Handler
                0x080003cc        0x8 ..\obj\stm32f1xx_it.o
                0x080003cc                MemManage_Handler
 .text.BusFault_Handler
                0x080003d4        0x8 ..\obj\stm32f1xx_it.o
                0x080003d4                BusFault_Handler
 .text.UsageFault_Handler
                0x080003dc        0x8 ..\obj\stm32f1xx_it.o
                0x080003dc                UsageFault_Handler
 .text.SVC_Handler
                0x080003e4        0xc ..\obj\stm32f1xx_it.o
                0x080003e4                SVC_Handler
 .text.DebugMon_Handler
                0x080003f0        0xc ..\obj\stm32f1xx_it.o
                0x080003f0                DebugMon_Handler
 .text.PendSV_Handler
                0x080003fc        0xc ..\obj\stm32f1xx_it.o
                0x080003fc                PendSV_Handler
 .text.SysTick_Handler
                0x08000408       0x10 ..\obj\stm32f1xx_it.o
                0x08000408                SysTick_Handler
 .text.USB_LP_CAN1_RX0_IRQHandler
                0x08000418       0x14 ..\obj\stm32f1xx_it.o
                0x08000418                USB_LP_CAN1_RX0_IRQHandler
 .text.NVIC_SetPriorityGrouping
                0x0800042c       0x48 ..\obj\stm32f1xx_hal_cortex.o
 .text.NVIC_GetPriorityGrouping
                0x08000474       0x1c ..\obj\stm32f1xx_hal_cortex.o
 .text.NVIC_EnableIRQ
                0x08000490       0x30 ..\obj\stm32f1xx_hal_cortex.o
 .text.NVIC_SetPriority
                0x080004c0       0x54 ..\obj\stm32f1xx_hal_cortex.o
 .text.NVIC_EncodePriority
                0x08000514       0x60 ..\obj\stm32f1xx_hal_cortex.o
 .text.SysTick_Config
                0x08000574       0x44 ..\obj\stm32f1xx_hal_cortex.o
 .text.HAL_NVIC_SetPriorityGrouping
                0x080005b8       0x18 ..\obj\stm32f1xx_hal_cortex.o
                0x080005b8                HAL_NVIC_SetPriorityGrouping
 .text.HAL_NVIC_SetPriority
                0x080005d0       0x38 ..\obj\stm32f1xx_hal_cortex.o
                0x080005d0                HAL_NVIC_SetPriority
 .text.HAL_NVIC_EnableIRQ
                0x08000608       0x1c ..\obj\stm32f1xx_hal_cortex.o
                0x08000608                HAL_NVIC_EnableIRQ
 .text.HAL_SYSTICK_Config
                0x08000624       0x18 ..\obj\stm32f1xx_hal_cortex.o
                0x08000624                HAL_SYSTICK_Config
 .text.HAL_SYSTICK_CLKSourceConfig
                0x0800063c       0x38 ..\obj\stm32f1xx_hal_cortex.o
                0x0800063c                HAL_SYSTICK_CLKSourceConfig
 .text.HAL_SYSTICK_IRQHandler
                0x08000674        0xc ..\obj\stm32f1xx_hal_cortex.o
                0x08000674                HAL_SYSTICK_IRQHandler
 .text.HAL_SYSTICK_Callback
                0x08000680        0xc ..\obj\stm32f1xx_hal_cortex.o
                0x08000680                HAL_SYSTICK_Callback
 .text.SystemInit
                0x0800068c       0x68 ..\obj\system_stm32f1xx.o
                0x0800068c                SystemInit
 .text.HAL_RCC_OscConfig
                0x080006f4      0xe40 ..\obj\stm32f1xx_hal_rcc.o
                0x080006f4                HAL_RCC_OscConfig
 .text.HAL_RCC_ClockConfig
                0x08001534      0x378 ..\obj\stm32f1xx_hal_rcc.o
                0x08001534                HAL_RCC_ClockConfig
 .text.HAL_RCC_GetSysClockFreq
                0x080018ac       0xf4 ..\obj\stm32f1xx_hal_rcc.o
                0x080018ac                HAL_RCC_GetSysClockFreq
 .text.HAL_RCC_GetHCLKFreq
                0x080019a0       0x14 ..\obj\stm32f1xx_hal_rcc.o
                0x080019a0                HAL_RCC_GetHCLKFreq
 .text.Default_Reset_Handler
                0x080019b4       0x60 ..\obj\startup_stm32f10x_md.o
                0x080019b4                Default_Reset_Handler
                0x080019b4                Reset_Handler
 .text.Default_Handler
                0x08001a14        0x8 ..\obj\startup_stm32f10x_md.o
                0x08001a14                EXTI2_IRQHandler
                0x08001a14                TIM1_CC_IRQHandler
                0x08001a14                PVD_IRQHandler
                0x08001a14                EXTI3_IRQHandler
                0x08001a14                EXTI0_IRQHandler
                0x08001a14                I2C2_EV_IRQHandler
                0x08001a14                ADC1_2_IRQHandler
                0x08001a14                SPI1_IRQHandler
                0x08001a14                TAMPER_IRQHandler
                0x08001a14                DMA1_Channel4_IRQHandler
                0x08001a14                USART3_IRQHandler
                0x08001a14                RTC_IRQHandler
                0x08001a14                DMA1_Channel7_IRQHandler
                0x08001a14                CAN1_RX1_IRQHandler
                0x08001a14                TIM4_IRQHandler
                0x08001a14                I2C1_EV_IRQHandler
                0x08001a14                DMA1_Channel6_IRQHandler
                0x08001a14                TIM3_IRQHandler
                0x08001a14                RCC_IRQHandler
                0x08001a14                TIM1_TRG_COM_IRQHandler
                0x08001a14                DMA1_Channel1_IRQHandler
                0x08001a14                EXTI15_10_IRQHandler
                0x08001a14                EXTI9_5_IRQHandler
                0x08001a14                SPI2_IRQHandler
                0x08001a14                DMA1_Channel5_IRQHandler
                0x08001a14                EXTI4_IRQHandler
                0x08001a14                USB_HP_CAN1_TX_IRQHandler
                0x08001a14                DMA1_Channel3_IRQHandler
                0x08001a14                TIM1_UP_IRQHandler
                0x08001a14                WWDG_IRQHandler
                0x08001a14                TIM2_IRQHandler
                0x08001a14                TIM1_BRK_IRQHandler
                0x08001a14                EXTI1_IRQHandler
                0x08001a14                RTCAlarm_IRQHandler
                0x08001a14                USART2_IRQHandler
                0x08001a14                I2C2_ER_IRQHandler
                0x08001a14                DMA1_Channel2_IRQHandler
                0x08001a14                CAN1_SCE_IRQHandler
                0x08001a14                FLASH_IRQHandler
                0x08001a14                USART1_IRQHandler
                0x08001a14                I2C1_ER_IRQHandler
                0x08001a14                USBWakeUp_IRQHandler
 .text.HAL_PCD_Init
                0x08001a1c      0x1b4 ..\obj\stm32f1xx_hal_pcd.o
                0x08001a1c                HAL_PCD_Init
 .text.HAL_PCD_Start
                0x08001bd0       0x4c ..\obj\stm32f1xx_hal_pcd.o
                0x08001bd0                HAL_PCD_Start
 .text.HAL_PCD_IRQHandler
                0x08001c1c      0x1f0 ..\obj\stm32f1xx_hal_pcd.o
                0x08001c1c                HAL_PCD_IRQHandler
 .text.HAL_PCD_SetAddress
                0x08001e0c       0x4c ..\obj\stm32f1xx_hal_pcd.o
                0x08001e0c                HAL_PCD_SetAddress
 .text.HAL_PCD_EP_Open
                0x08001e58       0xac ..\obj\stm32f1xx_hal_pcd.o
                0x08001e58                HAL_PCD_EP_Open
 .text.HAL_PCD_EP_Close
                0x08001f04       0x8c ..\obj\stm32f1xx_hal_pcd.o
                0x08001f04                HAL_PCD_EP_Close
 .text.HAL_PCD_EP_Receive
                0x08001f90       0x98 ..\obj\stm32f1xx_hal_pcd.o
                0x08001f90                HAL_PCD_EP_Receive
 .text.HAL_PCD_EP_GetRxCount
                0x08002028       0x2c ..\obj\stm32f1xx_hal_pcd.o
                0x08002028                HAL_PCD_EP_GetRxCount
 .text.HAL_PCD_EP_Transmit
                0x08002054       0x94 ..\obj\stm32f1xx_hal_pcd.o
                0x08002054                HAL_PCD_EP_Transmit
 .text.HAL_PCD_EP_SetStall
                0x080020e8       0xac ..\obj\stm32f1xx_hal_pcd.o
                0x080020e8                HAL_PCD_EP_SetStall
 .text.HAL_PCD_EP_ClrStall
                0x08002194       0x90 ..\obj\stm32f1xx_hal_pcd.o
                0x08002194                HAL_PCD_EP_ClrStall
 .text.PCD_EP_ISR_Handler
                0x08002224      0x66c ..\obj\stm32f1xx_hal_pcd.o
 .text.USBD_Init
                0x08002890       0x58 ..\obj\usbd_core.o
                0x08002890                USBD_Init
 .text.USBD_RegisterClass
                0x080028e8       0x34 ..\obj\usbd_core.o
                0x080028e8                USBD_RegisterClass
 .text.USBD_Start
                0x0800291c       0x18 ..\obj\usbd_core.o
                0x0800291c                USBD_Start
 .text.USBD_RunTestMode
                0x08002934       0x14 ..\obj\usbd_core.o
                0x08002934                USBD_RunTestMode
 .text.USBD_SetClassConfig
                0x08002948       0x40 ..\obj\usbd_core.o
                0x08002948                USBD_SetClassConfig
 .text.USBD_ClrClassConfig
                0x08002988       0x28 ..\obj\usbd_core.o
                0x08002988                USBD_ClrClassConfig
 .text.USBD_LL_SetupStage
                0x080029b0       0x94 ..\obj\usbd_core.o
                0x080029b0                USBD_LL_SetupStage
 .text.USBD_LL_DataOutStage
                0x08002a44       0xb8 ..\obj\usbd_core.o
                0x08002a44                USBD_LL_DataOutStage
 .text.USBD_LL_DataInStage
                0x08002afc      0x120 ..\obj\usbd_core.o
                0x08002afc                USBD_LL_DataInStage
 .text.USBD_LL_Reset
                0x08002c1c       0x60 ..\obj\usbd_core.o
                0x08002c1c                USBD_LL_Reset
 .text.USBD_LL_SetSpeed
                0x08002c7c       0x20 ..\obj\usbd_core.o
                0x08002c7c                USBD_LL_SetSpeed
 .text.USBD_LL_Suspend
                0x08002c9c       0x28 ..\obj\usbd_core.o
                0x08002c9c                USBD_LL_Suspend
 .text.USBD_LL_Resume
                0x08002cc4       0x20 ..\obj\usbd_core.o
                0x08002cc4                USBD_LL_Resume
 .text.USBD_LL_SOF
                0x08002ce4       0x34 ..\obj\usbd_core.o
                0x08002ce4                USBD_LL_SOF
 .text.main     0x08002d18       0x88 ..\obj\main.o
                0x08002d18                main
 .text.SystemClock_Config
                0x08002da0       0xc8 ..\obj\main.o
                0x08002da0                SystemClock_Config
 .text.MX_SPI1_Init
                0x08002e68       0x78 ..\obj\main.o
 .text.MX_GPIO_Init
                0x08002ee0       0x84 ..\obj\main.o
 .text._Error_Handler
                0x08002f64        0xc ..\obj\main.o
                0x08002f64                _Error_Handler
 .text.USB_CoreInit
                0x08002f70       0x20 ..\obj\stm32f1xx_ll_usb.o
                0x08002f70                USB_CoreInit
 .text.USB_EnableGlobalInt
                0x08002f90       0x34 ..\obj\stm32f1xx_ll_usb.o
                0x08002f90                USB_EnableGlobalInt
 .text.USB_DisableGlobalInt
                0x08002fc4       0x38 ..\obj\stm32f1xx_ll_usb.o
                0x08002fc4                USB_DisableGlobalInt
 .text.USB_SetCurrentMode
                0x08002ffc       0x18 ..\obj\stm32f1xx_ll_usb.o
                0x08002ffc                USB_SetCurrentMode
 .text.USB_DevInit
                0x08003014       0x40 ..\obj\stm32f1xx_ll_usb.o
                0x08003014                USB_DevInit
 .text.USB_ActivateEndpoint
                0x08003054      0x590 ..\obj\stm32f1xx_ll_usb.o
                0x08003054                USB_ActivateEndpoint
 .text.USB_DeactivateEndpoint
                0x080035e4      0x310 ..\obj\stm32f1xx_ll_usb.o
                0x080035e4                USB_DeactivateEndpoint
 .text.USB_EPStartXfer
                0x080038f4      0x51c ..\obj\stm32f1xx_ll_usb.o
                0x080038f4                USB_EPStartXfer
 .text.USB_EPSetStall
                0x08003e10       0xc0 ..\obj\stm32f1xx_ll_usb.o
                0x08003e10                USB_EPSetStall
 .text.USB_EPClearStall
                0x08003ed0      0x114 ..\obj\stm32f1xx_ll_usb.o
                0x08003ed0                USB_EPClearStall
 .text.USB_SetDevAddress
                0x08003fe4       0x28 ..\obj\stm32f1xx_ll_usb.o
                0x08003fe4                USB_SetDevAddress
 .text.USB_DevConnect
                0x0800400c       0x14 ..\obj\stm32f1xx_ll_usb.o
                0x0800400c                USB_DevConnect
 .text.USB_DevDisconnect
                0x08004020       0x14 ..\obj\stm32f1xx_ll_usb.o
                0x08004020                USB_DevDisconnect
 .text.USB_ReadInterrupts
                0x08004034       0x24 ..\obj\stm32f1xx_ll_usb.o
                0x08004034                USB_ReadInterrupts
 .text.USB_EP0_OutStart
                0x08004058       0x18 ..\obj\stm32f1xx_ll_usb.o
                0x08004058                USB_EP0_OutStart
 .text.USB_WritePMA
                0x08004070       0x8c ..\obj\stm32f1xx_ll_usb.o
                0x08004070                USB_WritePMA
 .text.USB_ReadPMA
                0x080040fc       0x6c ..\obj\stm32f1xx_ll_usb.o
                0x080040fc                USB_ReadPMA
 .text.HAL_SPI_Init
                0x08004168       0xcc ..\obj\stm32f1xx_hal_spi_ex.o
                0x08004168                HAL_SPI_Init
 .text.SPI_ISCRCErrorValid
                0x08004234       0x14 ..\obj\stm32f1xx_hal_spi_ex.o
                0x08004234                SPI_ISCRCErrorValid
 .text.HAL_GPIO_Init
                0x08004248      0x2bc ..\obj\stm32f1xx_hal_gpio.o
                0x08004248                HAL_GPIO_Init
 .text.HAL_GPIO_WritePin
                0x08004504       0x30 ..\obj\stm32f1xx_hal_gpio.o
                0x08004504                HAL_GPIO_WritePin
 .text.HAL_GPIO_TogglePin
                0x08004534       0x24 ..\obj\stm32f1xx_hal_gpio.o
                0x08004534                HAL_GPIO_TogglePin
 .text.USBD_FS_DeviceDescriptor
                0x08004558       0x24 ..\obj\usbd_desc.o
                0x08004558                USBD_FS_DeviceDescriptor
 .text.USBD_FS_LangIDStrDescriptor
                0x0800457c       0x24 ..\obj\usbd_desc.o
                0x0800457c                USBD_FS_LangIDStrDescriptor
 .text.USBD_FS_ProductStrDescriptor
                0x080045a0       0x3c ..\obj\usbd_desc.o
                0x080045a0                USBD_FS_ProductStrDescriptor
 .text.USBD_FS_ManufacturerStrDescriptor
                0x080045dc       0x28 ..\obj\usbd_desc.o
                0x080045dc                USBD_FS_ManufacturerStrDescriptor
 .text.USBD_FS_SerialStrDescriptor
                0x08004604       0x3c ..\obj\usbd_desc.o
                0x08004604                USBD_FS_SerialStrDescriptor
 .text.USBD_FS_ConfigStrDescriptor
                0x08004640       0x3c ..\obj\usbd_desc.o
                0x08004640                USBD_FS_ConfigStrDescriptor
 .text.USBD_FS_InterfaceStrDescriptor
                0x0800467c       0x3c ..\obj\usbd_desc.o
                0x0800467c                USBD_FS_InterfaceStrDescriptor
 .text.HAL_PCD_MspInit
                0x080046b8       0x4c ..\obj\usbd_conf.o
                0x080046b8                HAL_PCD_MspInit
 .text.HAL_PCD_SetupStageCallback
                0x08004704       0x24 ..\obj\usbd_conf.o
                0x08004704                HAL_PCD_SetupStageCallback
 .text.HAL_PCD_DataOutStageCallback
                0x08004728       0x30 ..\obj\usbd_conf.o
                0x08004728                HAL_PCD_DataOutStageCallback
 .text.HAL_PCD_DataInStageCallback
                0x08004758       0x30 ..\obj\usbd_conf.o
                0x08004758                HAL_PCD_DataInStageCallback
 .text.HAL_PCD_SOFCallback
                0x08004788       0x1c ..\obj\usbd_conf.o
                0x08004788                HAL_PCD_SOFCallback
 .text.HAL_PCD_ResetCallback
                0x080047a4       0x44 ..\obj\usbd_conf.o
                0x080047a4                HAL_PCD_ResetCallback
 .text.HAL_PCD_SuspendCallback
                0x080047e8       0x34 ..\obj\usbd_conf.o
                0x080047e8                HAL_PCD_SuspendCallback
 .text.HAL_PCD_ResumeCallback
                0x0800481c       0x1c ..\obj\usbd_conf.o
                0x0800481c                HAL_PCD_ResumeCallback
 .text.USBD_LL_Init
                0x08004838       0xc4 ..\obj\usbd_conf.o
                0x08004838                USBD_LL_Init
 .text.USBD_LL_Start
                0x080048fc       0x64 ..\obj\usbd_conf.o
                0x080048fc                USBD_LL_Start
 .text.USBD_LL_OpenEP
                0x08004960       0x7c ..\obj\usbd_conf.o
                0x08004960                USBD_LL_OpenEP
 .text.USBD_LL_CloseEP
                0x080049dc       0x6c ..\obj\usbd_conf.o
                0x080049dc                USBD_LL_CloseEP
 .text.USBD_LL_StallEP
                0x08004a48       0x6c ..\obj\usbd_conf.o
                0x08004a48                USBD_LL_StallEP
 .text.USBD_LL_ClearStallEP
                0x08004ab4       0x6c ..\obj\usbd_conf.o
                0x08004ab4                USBD_LL_ClearStallEP
 .text.USBD_LL_IsStallEP
                0x08004b20       0x4c ..\obj\usbd_conf.o
                0x08004b20                USBD_LL_IsStallEP
 .text.USBD_LL_SetUSBAddress
                0x08004b6c       0x6c ..\obj\usbd_conf.o
                0x08004b6c                USBD_LL_SetUSBAddress
 .text.USBD_LL_Transmit
                0x08004bd8       0x74 ..\obj\usbd_conf.o
                0x08004bd8                USBD_LL_Transmit
 .text.USBD_LL_PrepareReceive
                0x08004c4c       0x74 ..\obj\usbd_conf.o
                0x08004c4c                USBD_LL_PrepareReceive
 .text.USBD_LL_GetRxDataSize
                0x08004cc0       0x28 ..\obj\usbd_conf.o
                0x08004cc0                USBD_LL_GetRxDataSize
 .text.USBD_static_malloc
                0x08004ce8       0x18 ..\obj\usbd_conf.o
                0x08004ce8                USBD_static_malloc
 .text.USBD_static_free
                0x08004d00       0x14 ..\obj\usbd_conf.o
                0x08004d00                USBD_static_free
 .text.HAL_PCDEx_SetConnectionState
                0x08004d14       0x18 ..\obj\usbd_conf.o
                0x08004d14                HAL_PCDEx_SetConnectionState
 .text.HAL_SPI_Receive
                0x08004d2c      0x31c ..\obj\stm32f1xx_hal_spi.o
                0x08004d2c                HAL_SPI_Receive
 .text.HAL_SPI_TransmitReceive
                0x08005048      0x498 ..\obj\stm32f1xx_hal_spi.o
                0x08005048                HAL_SPI_TransmitReceive
 .text.SPI_WaitOnFlagUntilTimeout
                0x080054e0      0x148 ..\obj\stm32f1xx_hal_spi.o
 .text.HAL_MspInit
                0x08005628       0x98 ..\obj\stm32f1xx_hal_msp.o
                0x08005628                HAL_MspInit
 .text.HAL_SPI_MspInit
                0x080056c0       0x70 ..\obj\stm32f1xx_hal_msp.o
                0x080056c0                HAL_SPI_MspInit
 .text.USBD_CDC_Init
                0x08005730       0xd4 ..\obj\usbd_cdc.o
 .text.USBD_CDC_DeInit
                0x08005804       0x5c ..\obj\usbd_cdc.o
 .text.USBD_CDC_Setup
                0x08005860       0xbc ..\obj\usbd_cdc.o
 .text.USBD_CDC_DataIn
                0x0800591c       0x38 ..\obj\usbd_cdc.o
 .text.USBD_CDC_DataOut
                0x08005954       0x58 ..\obj\usbd_cdc.o
 .text.USBD_CDC_EP0_RxReady
                0x080059ac       0x50 ..\obj\usbd_cdc.o
 .text.USBD_CDC_GetFSCfgDesc
                0x080059fc       0x20 ..\obj\usbd_cdc.o
 .text.USBD_CDC_GetHSCfgDesc
                0x08005a1c       0x20 ..\obj\usbd_cdc.o
 .text.USBD_CDC_GetOtherSpeedCfgDesc
                0x08005a3c       0x20 ..\obj\usbd_cdc.o
 .text.USBD_CDC_GetDeviceQualifierDescriptor
                0x08005a5c       0x20 ..\obj\usbd_cdc.o
                0x08005a5c                USBD_CDC_GetDeviceQualifierDescriptor
 .text.USBD_CDC_RegisterInterface
                0x08005a7c       0x2c ..\obj\usbd_cdc.o
                0x08005a7c                USBD_CDC_RegisterInterface
 .text.USBD_CDC_SetTxBuffer
                0x08005aa8       0x34 ..\obj\usbd_cdc.o
                0x08005aa8                USBD_CDC_SetTxBuffer
 .text.USBD_CDC_SetRxBuffer
                0x08005adc       0x28 ..\obj\usbd_cdc.o
                0x08005adc                USBD_CDC_SetRxBuffer
 .text.USBD_CDC_TransmitPacket
                0x08005b04       0x54 ..\obj\usbd_cdc.o
                0x08005b04                USBD_CDC_TransmitPacket
 .text.USBD_CDC_ReceivePacket
                0x08005b58       0x54 ..\obj\usbd_cdc.o
                0x08005b58                USBD_CDC_ReceivePacket
 .text.USBD_StdDevReq
                0x08005bac       0xa0 ..\obj\usbd_ctlreq.o
                0x08005bac                USBD_StdDevReq
 .text.USBD_StdItfReq
                0x08005c4c       0x68 ..\obj\usbd_ctlreq.o
                0x08005c4c                USBD_StdItfReq
 .text.USBD_StdEPReq
                0x08005cb4      0x1b0 ..\obj\usbd_ctlreq.o
                0x08005cb4                USBD_StdEPReq
 .text.USBD_GetDescriptor
                0x08005e64      0x1e8 ..\obj\usbd_ctlreq.o
 .text.USBD_SetAddress
                0x0800604c       0x7c ..\obj\usbd_ctlreq.o
 .text.USBD_SetConfig
                0x080060c8      0x110 ..\obj\usbd_ctlreq.o
 .text.USBD_GetConfig
                0x080061d8       0x64 ..\obj\usbd_ctlreq.o
 .text.USBD_GetStatus
                0x0800623c       0x54 ..\obj\usbd_ctlreq.o
 .text.USBD_SetFeature
                0x08006290       0x38 ..\obj\usbd_ctlreq.o
 .text.USBD_ClrFeature
                0x080062c8       0x50 ..\obj\usbd_ctlreq.o
 .text.USBD_ParseSetupRequest
                0x08006318       0x78 ..\obj\usbd_ctlreq.o
                0x08006318                USBD_ParseSetupRequest
 .text.USBD_CtlError
                0x08006390       0x24 ..\obj\usbd_ctlreq.o
                0x08006390                USBD_CtlError
 .text.USBD_GetString
                0x080063b4       0x88 ..\obj\usbd_ctlreq.o
                0x080063b4                USBD_GetString
 .text.USBD_GetLen
                0x0800643c       0x30 ..\obj\usbd_ctlreq.o
 .text.HAL_PCDEx_PMAConfig
                0x0800646c       0x7c ..\obj\stm32f1xx_hal_pcd_ex.o
                0x0800646c                HAL_PCDEx_PMAConfig
 .text.CDC_add_buf_to_transmit
                0x080064e8       0x54 ..\obj\usbd_cdc_if.o
                0x080064e8                CDC_add_buf_to_transmit
 .text.CDC_Init_FS
                0x0800653c       0x28 ..\obj\usbd_cdc_if.o
 .text.CDC_DeInit_FS
                0x08006564       0x10 ..\obj\usbd_cdc_if.o
 .text.CDC_Control_FS
                0x08006574       0xbc ..\obj\usbd_cdc_if.o
 .text.CDC_Receive_FS
                0x08006630       0xa4 ..\obj\usbd_cdc_if.o
 .text.USBD_CtlSendData
                0x080066d4       0x38 ..\obj\usbd_ioreq.o
                0x080066d4                USBD_CtlSendData
 .text.USBD_CtlContinueSendData
                0x0800670c       0x24 ..\obj\usbd_ioreq.o
                0x0800670c                USBD_CtlContinueSendData
 .text.USBD_CtlPrepareRx
                0x08006730       0x3c ..\obj\usbd_ioreq.o
                0x08006730                USBD_CtlPrepareRx
 .text.USBD_CtlContinueRx
                0x0800676c       0x24 ..\obj\usbd_ioreq.o
                0x0800676c                USBD_CtlContinueRx
 .text.USBD_CtlSendStatus
                0x08006790       0x28 ..\obj\usbd_ioreq.o
                0x08006790                USBD_CtlSendStatus
 .text.USBD_CtlReceiveStatus
                0x080067b8       0x28 ..\obj\usbd_ioreq.o
                0x080067b8                USBD_CtlReceiveStatus
 .text.MX_USB_DEVICE_Init
                0x080067e0       0x38 ..\obj\usb_device.o
                0x080067e0                MX_USB_DEVICE_Init
 *(.init)
 *(.fini)
 *crtbegin.o(.ctors)
 *crtbegin?.o(.ctors)
 *(EXCLUDE_FILE(*crtend.o *crtend?.o) .ctors)
 *(SORT(.ctors.*))
 *(.ctors)
 *crtbegin.o(.dtors)
 *crtbegin?.o(.dtors)
 *(EXCLUDE_FILE(*crtend.o *crtend?.o) .dtors)
 *(SORT(.dtors.*))
 *(.dtors)
 *(.rodata*)
 .rodata        0x08006818       0x18 ..\obj\system_stm32f1xx.o
                0x08006818                AHBPrescTable
                0x08006828                APBPrescTable
 .rodata        0x08006830       0x12 ..\obj\stm32f1xx_hal_rcc.o
 *fill*         0x08006842        0x2 
 .rodata        0x08006844       0x35 ..\obj\main.o
 *fill*         0x08006879        0x3 
 .rodata        0x0800687c       0x56 ..\obj\usbd_desc.o
 *fill*         0x080068d2        0x2 
 .rodata        0x080068d4       0x3a ..\obj\usbd_conf.o
 *fill*         0x0800690e        0x2 
 .rodata        0x08006910       0x2a ..\obj\usbd_cdc_if.o
 *(.eh_fram e*)

.glue_7         0x0800693c        0x0
 .glue_7        0x0800693c        0x0 linker stubs

.glue_7t        0x0800693c        0x0
 .glue_7t       0x0800693c        0x0 linker stubs

.vfp11_veneer   0x0800693c        0x0
 .vfp11_veneer  0x0800693c        0x0 linker stubs

.v4_bx          0x0800693c        0x0
 .v4_bx         0x0800693c        0x0 linker stubs

.iplt           0x0800693c        0x0
 .iplt          0x0800693c        0x0 ..\obj\stm32f1xx_hal_rcc_ex.o

.rel.dyn        0x0800693c        0x0
 .rel.iplt      0x0800693c        0x0 ..\obj\stm32f1xx_hal_rcc_ex.o

.ARM.extab
 *(.ARM.extab* .gnu.linkonce.armextab.*)
                0x0800693c                __exidx_start = .

.ARM.exidx
 *(.ARM.exidx* .gnu.linkonce.armexidx.*)
                0x0800693c                __exidx_end = .
                0x0800693c                __etext = .
                0x0800693a                _sidata = __etext

.data           0x20000000      0x158 load address 0x0800693a
                0x20000000                __data_start__ = .
                0x20000000                _sdata = __data_start__
 *(vtable)
 *(.data*)
 .data          0x20000000        0x4 ..\obj\system_stm32f1xx.o
                0x20000000                SystemCoreClock
 .data          0x20000004       0x34 ..\obj\usbd_desc.o
                0x20000004                FS_Desc
                0x20000020                USBD_FS_DeviceDesc
                0x20000034                USBD_LangIDDesc
 .data          0x20000038      0x10f ..\obj\usbd_cdc.o
                0x20000044                USBD_CDC
                0x2000007c                USBD_CDC_CfgHSDesc
                0x200000c0                USBD_CDC_CfgFSDesc
                0x20000104                USBD_CDC_OtherSpeedCfgDesc
 *fill*         0x20000147        0x1 
 .data          0x20000148       0x10 ..\obj\usbd_cdc_if.o
                0x20000148                USBD_Interface_fops_FS
                0x20000158                . = ALIGN (0x4)
                [!provide]                PROVIDE (__preinit_array_start, .)
 *(.preinit_array)
                [!provide]                PROVIDE (__preinit_array_end, .)
                0x20000158                . = ALIGN (0x4)
                [!provide]                PROVIDE (__init_array_start, .)
 *(SORT(.init_array.*))
 *(.init_array)
                [!provide]                PROVIDE (__init_array_end, .)
                0x20000158                . = ALIGN (0x4)
                [!provide]                PROVIDE (__fini_array_start, .)
 *(SORT(.fini_array.*))
 *(.fini_array)
                [!provide]                PROVIDE (__fini_array_end, .)
 *(.jcr*)
                0x20000158                . = ALIGN (0x4)
                0x20000158                __data_end__ = .
                0x20000158                _edata = __data_end__

.igot.plt       0x20000158        0x0 load address 0x08006a94
 .igot.plt      0x20000158        0x0 ..\obj\stm32f1xx_hal_rcc_ex.o

.bss            0x20000158      0xb90 load address 0x08006a94
                0x20000158                . = ALIGN (0x4)
                0x20000158                __bss_start__ = .
                0x20000158                _sbss = __bss_start__
 *(.bss*)
 .bss           0x20000158        0x4 ..\obj\stm32f1xx_hal.o
 .bss           0x2000015c        0x1 ..\obj\stm32f1xx_hal_spi_ex.o
                0x2000015c                uCRCErrorWorkaroundCheck
 *fill*         0x2000015d        0x3 
 .bss           0x20000160      0x220 ..\obj\usbd_conf.o
 .bss           0x20000380        0x1 ..\obj\usbd_cdc.o
 .bss           0x20000381        0x1 ..\obj\usbd_ctlreq.o
 *(COMMON)
 *fill*         0x20000382        0x2 
 COMMON         0x20000384       0x9d ..\obj\main.o
                0x20000384                p_data
                0x200003a4                i
                0x200003a8                str_tx
                0x200003c0                hspi1
                0x20000418                data_rec
                0x20000420                intchar
 *fill*         0x20000421        0x3 
 COMMON         0x20000424      0x200 ..\obj\usbd_desc.o
                0x20000424                USBD_StrDesc
 COMMON         0x20000624      0x420 ..\obj\usbd_conf.o
                0x20000624                hpcd_USB_FS
 COMMON         0x20000a44       0x80 ..\obj\usbd_cdc_if.o
                0x20000a44                UserRxBufferFS
                0x20000a84                UserTxBufferFS
 COMMON         0x20000ac4      0x224 ..\obj\usb_device.o
                0x20000ac4                hUsbDeviceFS
                0x20000ce8                . = ALIGN (0x4)
                0x20000ce8                __bss_end__ = .
                0x20000ce8                _ebss = __bss_end__

.heap           0x20000ce8        0x0
                0x20000ce8                __end__ = .
                0x20000ce8                _end = __end__
                0x20000ce8                end = __end__
 *(.heap*)
                0x20000ce8                __HeapLimit = .

.co_stack       0x20000ce8      0x400 load address 0x08007624
                0x20000ce8                . = ALIGN (0x8)
 *(.co_stack .co_stack.*)
 .co_stack      0x20000ce8      0x400 ..\obj\startup_stm32f10x_md.o
                0x20000ce8                pulStack
                0x20005000                __StackTop = (ORIGIN (ram) + LENGTH (ram))
                0x20004c00                __StackLimit = (__StackTop - SIZEOF (.co_stack))
                [!provide]                PROVIDE (__stack, __StackTop)
                0x00000001                ASSERT ((__StackLimit >= __HeapLimit), region ram  overflowed with stack)
LOAD ..\obj\stm32f1xx_hal_rcc_ex.o
LOAD ..\obj\stm32f1xx_hal_pwr.o
LOAD ..\obj\stm32f1xx_hal.o
LOAD ..\obj\stm32f1xx_it.o
LOAD ..\obj\stm32f1xx_hal_gpio_ex.o
LOAD ..\obj\stm32f1xx_hal_cortex.o
LOAD ..\obj\system_stm32f1xx.o
LOAD ..\obj\stm32f1xx_hal_rcc.o
LOAD ..\obj\startup_stm32f10x_md.o
LOAD ..\obj\stm32f1xx_hal_pcd.o
LOAD ..\obj\usbd_core.o
LOAD ..\obj\main.o
LOAD ..\obj\stm32f1xx_ll_usb.o
LOAD ..\obj\stm32f1xx_hal_spi_ex.o
LOAD ..\obj\stm32f1xx_hal_flash.o
LOAD ..\obj\stm32f1xx_hal_gpio.o
LOAD ..\obj\stm32f1xx_hal_dma.o
LOAD ..\obj\usbd_desc.o
LOAD ..\obj\usbd_conf.o
LOAD ..\obj\stm32f1xx_hal_spi.o
LOAD ..\obj\stm32f1xx_hal_msp.o
LOAD ..\obj\usbd_cdc.o
LOAD ..\obj\stm32f1xx_hal_tim.o
LOAD ..\obj\stm32f1xx_hal_flash_ex.o
LOAD ..\obj\usbd_ctlreq.o
LOAD ..\obj\stm32f1xx_hal_pcd_ex.o
LOAD ..\obj\usbd_cdc_if.o
LOAD ..\obj\usbd_ioreq.o
LOAD ..\obj\usb_device.o
LOAD ..\obj\stm32f1xx_hal_tim_ex.o
START GROUP
LOAD c:/stm/gcc-arm-none-eabi-5_4-2016q3-20160926-win32/bin/../lib/gcc/arm-none-eabi/5.4.1/armv7-m\libgcc.a
LOAD c:/stm/gcc-arm-none-eabi-5_4-2016q3-20160926-win32/bin/../lib/gcc/arm-none-eabi/5.4.1/../../../../arm-none-eabi/lib/armv7-m\libg.a
LOAD c:/stm/gcc-arm-none-eabi-5_4-2016q3-20160926-win32/bin/../lib/gcc/arm-none-eabi/5.4.1/../../../../arm-none-eabi/lib/armv7-m\libc.a
END GROUP
OUTPUT(SPI_USB.elf elf32-littlearm)

.debug_info     0x00000000     0xca2f
 .debug_info    0x00000000      0x541 ..\obj\stm32f1xx_hal_rcc_ex.o
 .debug_info    0x00000541      0x5e3 ..\obj\stm32f1xx_hal.o
 .debug_info    0x00000b24      0x58a ..\obj\stm32f1xx_it.o
 .debug_info    0x000010ae      0xabf ..\obj\stm32f1xx_hal_cortex.o
 .debug_info    0x00001b6d      0x3d2 ..\obj\system_stm32f1xx.o
 .debug_info    0x00001f3f     0x13f9 ..\obj\stm32f1xx_hal_rcc.o
 .debug_info    0x00003338       0xee ..\obj\startup_stm32f10x_md.o
 .debug_info    0x00003426      0xcb6 ..\obj\stm32f1xx_hal_pcd.o
 .debug_info    0x000040dc      0x90a ..\obj\usbd_core.o
 .debug_info    0x000049e6      0xb3e ..\obj\main.o
 .debug_info    0x00005524      0xe64 ..\obj\stm32f1xx_ll_usb.o
 .debug_info    0x00006388      0x58b ..\obj\stm32f1xx_hal_spi_ex.o
 .debug_info    0x00006913      0x5f5 ..\obj\stm32f1xx_hal_gpio.o
 .debug_info    0x00006f08      0x381 ..\obj\usbd_desc.o
 .debug_info    0x00007289     0x142a ..\obj\usbd_conf.o
 .debug_info    0x000086b3      0xe62 ..\obj\stm32f1xx_hal_spi.o
 .debug_info    0x00009515      0x893 ..\obj\stm32f1xx_hal_msp.o
 .debug_info    0x00009da8      0xa56 ..\obj\usbd_cdc.o
 .debug_info    0x0000a7fe      0x86b ..\obj\usbd_ctlreq.o
 .debug_info    0x0000b069      0x5a2 ..\obj\stm32f1xx_hal_pcd_ex.o
 .debug_info    0x0000b60b      0x829 ..\obj\usbd_cdc_if.o
 .debug_info    0x0000be34      0x66b ..\obj\usbd_ioreq.o
 .debug_info    0x0000c49f      0x590 ..\obj\usb_device.o

.debug_abbrev   0x00000000     0x2749
 .debug_abbrev  0x00000000      0x1eb ..\obj\stm32f1xx_hal_rcc_ex.o
 .debug_abbrev  0x000001eb      0x1f8 ..\obj\stm32f1xx_hal.o
 .debug_abbrev  0x000003e3      0x149 ..\obj\stm32f1xx_it.o
 .debug_abbrev  0x0000052c      0x270 ..\obj\stm32f1xx_hal_cortex.o
 .debug_abbrev  0x0000079c      0x120 ..\obj\system_stm32f1xx.o
 .debug_abbrev  0x000008bc      0x276 ..\obj\stm32f1xx_hal_rcc.o
 .debug_abbrev  0x00000b32       0xa7 ..\obj\startup_stm32f10x_md.o
 .debug_abbrev  0x00000bd9      0x232 ..\obj\stm32f1xx_hal_pcd.o
 .debug_abbrev  0x00000e0b      0x1bd ..\obj\usbd_core.o
 .debug_abbrev  0x00000fc8      0x227 ..\obj\main.o
 .debug_abbrev  0x000011ef      0x18e ..\obj\stm32f1xx_ll_usb.o
 .debug_abbrev  0x0000137d      0x151 ..\obj\stm32f1xx_hal_spi_ex.o
 .debug_abbrev  0x000014ce      0x1ac ..\obj\stm32f1xx_hal_gpio.o
 .debug_abbrev  0x0000167a      0x13c ..\obj\usbd_desc.o
 .debug_abbrev  0x000017b6      0x242 ..\obj\usbd_conf.o
 .debug_abbrev  0x000019f8      0x1fd ..\obj\stm32f1xx_hal_spi.o
 .debug_abbrev  0x00001bf5      0x155 ..\obj\stm32f1xx_hal_msp.o
 .debug_abbrev  0x00001d4a      0x1e2 ..\obj\usbd_cdc.o
 .debug_abbrev  0x00001f2c      0x1ed ..\obj\usbd_ctlreq.o
 .debug_abbrev  0x00002119      0x15c ..\obj\stm32f1xx_hal_pcd_ex.o
 .debug_abbrev  0x00002275      0x271 ..\obj\usbd_cdc_if.o
 .debug_abbrev  0x000024e6      0x12d ..\obj\usbd_ioreq.o
 .debug_abbrev  0x00002613      0x136 ..\obj\usb_device.o

.debug_aranges  0x00000000      0xba0
 .debug_aranges
                0x00000000       0x30 ..\obj\stm32f1xx_hal_rcc_ex.o
 .debug_aranges
                0x00000030       0xb0 ..\obj\stm32f1xx_hal.o
 .debug_aranges
                0x000000e0       0x68 ..\obj\stm32f1xx_it.o
 .debug_aranges
                0x00000148      0x100 ..\obj\stm32f1xx_hal_cortex.o
 .debug_aranges
                0x00000248       0x28 ..\obj\system_stm32f1xx.o
 .debug_aranges
                0x00000270       0x88 ..\obj\stm32f1xx_hal_rcc.o
 .debug_aranges
                0x000002f8       0x28 ..\obj\startup_stm32f10x_md.o
 .debug_aranges
                0x00000320      0x120 ..\obj\stm32f1xx_hal_pcd.o
 .debug_aranges
                0x00000440       0xb8 ..\obj\usbd_core.o
 .debug_aranges
                0x000004f8       0x48 ..\obj\main.o
 .debug_aranges
                0x00000540      0x100 ..\obj\stm32f1xx_ll_usb.o
 .debug_aranges
                0x00000640       0x28 ..\obj\stm32f1xx_hal_spi_ex.o
 .debug_aranges
                0x00000668       0x58 ..\obj\stm32f1xx_hal_gpio.o
 .debug_aranges
                0x000006c0       0x50 ..\obj\usbd_desc.o
 .debug_aranges
                0x00000710      0x110 ..\obj\usbd_conf.o
 .debug_aranges
                0x00000820      0x158 ..\obj\stm32f1xx_hal_spi.o
 .debug_aranges
                0x00000978       0x30 ..\obj\stm32f1xx_hal_msp.o
 .debug_aranges
                0x000009a8       0x90 ..\obj\usbd_cdc.o
 .debug_aranges
                0x00000a38       0x88 ..\obj\usbd_ctlreq.o
 .debug_aranges
                0x00000ac0       0x28 ..\obj\stm32f1xx_hal_pcd_ex.o
 .debug_aranges
                0x00000ae8       0x48 ..\obj\usbd_cdc_if.o
 .debug_aranges
                0x00000b30       0x50 ..\obj\usbd_ioreq.o
 .debug_aranges
                0x00000b80       0x20 ..\obj\usb_device.o

.debug_ranges   0x00000000      0xa30
 .debug_ranges  0x00000000       0x20 ..\obj\stm32f1xx_hal_rcc_ex.o
 .debug_ranges  0x00000020       0xa0 ..\obj\stm32f1xx_hal.o
 .debug_ranges  0x000000c0       0x58 ..\obj\stm32f1xx_it.o
 .debug_ranges  0x00000118       0xf0 ..\obj\stm32f1xx_hal_cortex.o
 .debug_ranges  0x00000208       0x18 ..\obj\system_stm32f1xx.o
 .debug_ranges  0x00000220       0x78 ..\obj\stm32f1xx_hal_rcc.o
 .debug_ranges  0x00000298       0x18 ..\obj\startup_stm32f10x_md.o
 .debug_ranges  0x000002b0      0x110 ..\obj\stm32f1xx_hal_pcd.o
 .debug_ranges  0x000003c0       0xa8 ..\obj\usbd_core.o
 .debug_ranges  0x00000468       0x38 ..\obj\main.o
 .debug_ranges  0x000004a0       0xf0 ..\obj\stm32f1xx_ll_usb.o
 .debug_ranges  0x00000590       0x18 ..\obj\stm32f1xx_hal_spi_ex.o
 .debug_ranges  0x000005a8       0x48 ..\obj\stm32f1xx_hal_gpio.o
 .debug_ranges  0x000005f0       0x40 ..\obj\usbd_desc.o
 .debug_ranges  0x00000630      0x100 ..\obj\usbd_conf.o
 .debug_ranges  0x00000730      0x148 ..\obj\stm32f1xx_hal_spi.o
 .debug_ranges  0x00000878       0x20 ..\obj\stm32f1xx_hal_msp.o
 .debug_ranges  0x00000898       0x80 ..\obj\usbd_cdc.o
 .debug_ranges  0x00000918       0x78 ..\obj\usbd_ctlreq.o
 .debug_ranges  0x00000990       0x18 ..\obj\stm32f1xx_hal_pcd_ex.o
 .debug_ranges  0x000009a8       0x38 ..\obj\usbd_cdc_if.o
 .debug_ranges  0x000009e0       0x40 ..\obj\usbd_ioreq.o
 .debug_ranges  0x00000a20       0x10 ..\obj\usb_device.o

.debug_line     0x00000000     0x63b4
 .debug_line    0x00000000      0x3de ..\obj\stm32f1xx_hal_rcc_ex.o
 .debug_line    0x000003de      0x3d7 ..\obj\stm32f1xx_hal.o
 .debug_line    0x000007b5      0x31a ..\obj\stm32f1xx_it.o
 .debug_line    0x00000acf      0x4aa ..\obj\stm32f1xx_hal_cortex.o
 .debug_line    0x00000f79      0x231 ..\obj\system_stm32f1xx.o
 .debug_line    0x000011aa      0xb88 ..\obj\stm32f1xx_hal_rcc.o
 .debug_line    0x00001d32       0xa7 ..\obj\startup_stm32f10x_md.o
 .debug_line    0x00001dd9      0x776 ..\obj\stm32f1xx_hal_pcd.o
 .debug_line    0x0000254f      0x3ef ..\obj\usbd_core.o
 .debug_line    0x0000293e      0x37d ..\obj\main.o
 .debug_line    0x00002cbb      0x6ee ..\obj\stm32f1xx_ll_usb.o
 .debug_line    0x000033a9      0x2bc ..\obj\stm32f1xx_hal_spi_ex.o
 .debug_line    0x00003665      0x46d ..\obj\stm32f1xx_hal_gpio.o
 .debug_line    0x00003ad2      0x25d ..\obj\usbd_desc.o
 .debug_line    0x00003d2f      0x5bc ..\obj\usbd_conf.o
 .debug_line    0x000042eb      0xabf ..\obj\stm32f1xx_hal_spi.o
 .debug_line    0x00004daa      0x2c5 ..\obj\stm32f1xx_hal_msp.o
 .debug_line    0x0000506f      0x3f0 ..\obj\usbd_cdc.o
 .debug_line    0x0000545f      0x449 ..\obj\usbd_ctlreq.o
 .debug_line    0x000058a8      0x2b0 ..\obj\stm32f1xx_hal_pcd_ex.o
 .debug_line    0x00005b58      0x331 ..\obj\usbd_cdc_if.o
 .debug_line    0x00005e89      0x28a ..\obj\usbd_ioreq.o
 .debug_line    0x00006113      0x2a1 ..\obj\usb_device.o

.debug_str      0x00000000     0x3318
 .debug_str     0x00000000      0x37b ..\obj\stm32f1xx_hal_rcc_ex.o
                                0x3de (size before relaxing)
 .debug_str     0x0000037b      0x4fc ..\obj\stm32f1xx_hal.o
                                0x725 (size before relaxing)
 .debug_str     0x00000877      0x3bc ..\obj\stm32f1xx_it.o
                                0x57c (size before relaxing)
 .debug_str     0x00000c33      0x31b ..\obj\stm32f1xx_hal_cortex.o
                                0x8dc (size before relaxing)
 .debug_str     0x00000f4e       0xa0 ..\obj\system_stm32f1xx.o
                                0x291 (size before relaxing)
 .debug_str     0x00000fee      0x2fa ..\obj\stm32f1xx_hal_rcc.o
                                0x603 (size before relaxing)
 .debug_str     0x000012e8       0xb5 ..\obj\startup_stm32f10x_md.o
                                0x14c (size before relaxing)
 .debug_str     0x0000139d      0x3de ..\obj\stm32f1xx_hal_pcd.o
                                0x8b2 (size before relaxing)
 .debug_str     0x0000177b      0x500 ..\obj\usbd_core.o
                                0x750 (size before relaxing)
 .debug_str     0x00001c7b      0x416 ..\obj\main.o
                                0xb43 (size before relaxing)
 .debug_str     0x00002091      0x2ff ..\obj\stm32f1xx_ll_usb.o
                                0x741 (size before relaxing)
 .debug_str     0x00002390       0xa1 ..\obj\stm32f1xx_hal_spi_ex.o
                                0x60f (size before relaxing)
 .debug_str     0x00002431      0x195 ..\obj\stm32f1xx_hal_gpio.o
                                0x437 (size before relaxing)
 .debug_str     0x000025c6      0x13d ..\obj\usbd_desc.o
                                0x3ed (size before relaxing)
 .debug_str     0x00002703      0x1ad ..\obj\usbd_conf.o
                                0xeff (size before relaxing)
 .debug_str     0x000028b0      0x395 ..\obj\stm32f1xx_hal_spi.o
                                0x95a (size before relaxing)
 .debug_str     0x00002c45       0x42 ..\obj\stm32f1xx_hal_msp.o
                                0x937 (size before relaxing)
 .debug_str     0x00002c87      0x2af ..\obj\usbd_cdc.o
                                0x837 (size before relaxing)
 .debug_str     0x00002f36      0x14d ..\obj\usbd_ctlreq.o
                                0x6d6 (size before relaxing)
 .debug_str     0x00003083       0x7e ..\obj\stm32f1xx_hal_pcd_ex.o
                                0x56e (size before relaxing)
 .debug_str     0x00003101       0xd9 ..\obj\usbd_cdc_if.o
                                0x70f (size before relaxing)
 .debug_str     0x000031da       0xf0 ..\obj\usbd_ioreq.o
                                0x65e (size before relaxing)
 .debug_str     0x000032ca       0x4e ..\obj\usb_device.o
                                0x5f2 (size before relaxing)

.comment        0x00000000       0x6e
 .comment       0x00000000       0x6e ..\obj\stm32f1xx_hal_rcc_ex.o
                                 0x6f (size before relaxing)
 .comment       0x0000006e       0x6f ..\obj\stm32f1xx_hal.o
 .comment       0x0000006e       0x6f ..\obj\stm32f1xx_it.o
 .comment       0x0000006e       0x6f ..\obj\stm32f1xx_hal_cortex.o
 .comment       0x0000006e       0x6f ..\obj\system_stm32f1xx.o
 .comment       0x0000006e       0x6f ..\obj\stm32f1xx_hal_rcc.o
 .comment       0x0000006e       0x6f ..\obj\startup_stm32f10x_md.o
 .comment       0x0000006e       0x6f ..\obj\stm32f1xx_hal_pcd.o
 .comment       0x0000006e       0x6f ..\obj\usbd_core.o
 .comment       0x0000006e       0x6f ..\obj\main.o
 .comment       0x0000006e       0x6f ..\obj\stm32f1xx_ll_usb.o
 .comment       0x0000006e       0x6f ..\obj\stm32f1xx_hal_spi_ex.o
 .comment       0x0000006e       0x6f ..\obj\stm32f1xx_hal_gpio.o
 .comment       0x0000006e       0x6f ..\obj\usbd_desc.o
 .comment       0x0000006e       0x6f ..\obj\usbd_conf.o
 .comment       0x0000006e       0x6f ..\obj\stm32f1xx_hal_spi.o
 .comment       0x0000006e       0x6f ..\obj\stm32f1xx_hal_msp.o
 .comment       0x0000006e       0x6f ..\obj\usbd_cdc.o
 .comment       0x0000006e       0x6f ..\obj\usbd_ctlreq.o
 .comment       0x0000006e       0x6f ..\obj\stm32f1xx_hal_pcd_ex.o
 .comment       0x0000006e       0x6f ..\obj\usbd_cdc_if.o
 .comment       0x0000006e       0x6f ..\obj\usbd_ioreq.o
 .comment       0x0000006e       0x6f ..\obj\usb_device.o

.ARM.attributes
                0x00000000       0x33
 .ARM.attributes
                0x00000000       0x33 ..\obj\stm32f1xx_hal_rcc_ex.o
 .ARM.attributes
                0x00000033       0x33 ..\obj\stm32f1xx_hal.o
 .ARM.attributes
                0x00000066       0x33 ..\obj\stm32f1xx_it.o
 .ARM.attributes
                0x00000099       0x33 ..\obj\stm32f1xx_hal_cortex.o
 .ARM.attributes
                0x000000cc       0x33 ..\obj\system_stm32f1xx.o
 .ARM.attributes
                0x000000ff       0x33 ..\obj\stm32f1xx_hal_rcc.o
 .ARM.attributes
                0x00000132       0x33 ..\obj\startup_stm32f10x_md.o
 .ARM.attributes
                0x00000165       0x33 ..\obj\stm32f1xx_hal_pcd.o
 .ARM.attributes
                0x00000198       0x33 ..\obj\usbd_core.o
 .ARM.attributes
                0x000001cb       0x33 ..\obj\main.o
 .ARM.attributes
                0x000001fe       0x33 ..\obj\stm32f1xx_ll_usb.o
 .ARM.attributes
                0x00000231       0x33 ..\obj\stm32f1xx_hal_spi_ex.o
 .ARM.attributes
                0x00000264       0x33 ..\obj\stm32f1xx_hal_gpio.o
 .ARM.attributes
                0x00000297       0x33 ..\obj\usbd_desc.o
 .ARM.attributes
                0x000002ca       0x33 ..\obj\usbd_conf.o
 .ARM.attributes
                0x000002fd       0x33 ..\obj\stm32f1xx_hal_spi.o
 .ARM.attributes
                0x00000330       0x33 ..\obj\stm32f1xx_hal_msp.o
 .ARM.attributes
                0x00000363       0x33 ..\obj\usbd_cdc.o
 .ARM.attributes
                0x00000396       0x33 ..\obj\usbd_ctlreq.o
 .ARM.attributes
                0x000003c9       0x33 ..\obj\stm32f1xx_hal_pcd_ex.o
 .ARM.attributes
                0x000003fc       0x33 ..\obj\usbd_cdc_if.o
 .ARM.attributes
                0x0000042f       0x33 ..\obj\usbd_ioreq.o
 .ARM.attributes
                0x00000462       0x33 ..\obj\usb_device.o

.debug_frame    0x00000000     0x2d14
 .debug_frame   0x00000000       0x84 ..\obj\stm32f1xx_hal_rcc_ex.o
 .debug_frame   0x00000084      0x278 ..\obj\stm32f1xx_hal.o
 .debug_frame   0x000002fc      0x128 ..\obj\stm32f1xx_it.o
 .debug_frame   0x00000424      0x428 ..\obj\stm32f1xx_hal_cortex.o
 .debug_frame   0x0000084c       0x58 ..\obj\system_stm32f1xx.o
 .debug_frame   0x000008a4      0x21c ..\obj\stm32f1xx_hal_rcc.o
 .debug_frame   0x00000ac0       0x4c ..\obj\startup_stm32f10x_md.o
 .debug_frame   0x00000b0c      0x4fc ..\obj\stm32f1xx_hal_pcd.o
 .debug_frame   0x00001008      0x300 ..\obj\usbd_core.o
 .debug_frame   0x00001308       0xd4 ..\obj\main.o
 .debug_frame   0x000013dc      0x4b0 ..\obj\stm32f1xx_ll_usb.o
 .debug_frame   0x0000188c       0x5c ..\obj\stm32f1xx_hal_spi_ex.o
 .debug_frame   0x000018e8      0x14c ..\obj\stm32f1xx_hal_gpio.o
 .debug_frame   0x00001a34      0x114 ..\obj\usbd_desc.o
 .debug_frame   0x00001b48      0x47c ..\obj\usbd_conf.o
 .debug_frame   0x00001fc4      0x5fc ..\obj\stm32f1xx_hal_spi.o
 .debug_frame   0x000025c0       0x7c ..\obj\stm32f1xx_hal_msp.o
 .debug_frame   0x0000263c      0x24c ..\obj\usbd_cdc.o
 .debug_frame   0x00002888      0x210 ..\obj\usbd_ctlreq.o
 .debug_frame   0x00002a98       0x60 ..\obj\stm32f1xx_hal_pcd_ex.o
 .debug_frame   0x00002af8       0xe4 ..\obj\usbd_cdc_if.o
 .debug_frame   0x00002bdc      0x10c ..\obj\usbd_ioreq.o
 .debug_frame   0x00002ce8       0x2c ..\obj\usb_device.o
