
Allocating common symbols
Common symbol       size              file

pFlash              0x20              ..\obj\stm32f1xx_hal_flash.o
i                   0x4               ..\obj\main.o
hspi1               0x58              ..\obj\main.o
data_rec            0x8               ..\obj\main.o

Discarded input sections

 .text          0x00000000        0x0 ..\obj\stm32f1xx_hal_rcc_ex.o
 .data          0x00000000        0x0 ..\obj\stm32f1xx_hal_rcc_ex.o
 .bss           0x00000000        0x0 ..\obj\stm32f1xx_hal_rcc_ex.o
 .text.HAL_RCCEx_PeriphCLKConfig
                0x00000000      0x1ec ..\obj\stm32f1xx_hal_rcc_ex.o
 .text.HAL_RCCEx_GetPeriphCLKConfig
                0x00000000       0x60 ..\obj\stm32f1xx_hal_rcc_ex.o
 .rodata        0x00000000       0x12 ..\obj\stm32f1xx_hal_rcc_ex.o
 .text.HAL_RCCEx_GetPeriphCLKFreq
                0x00000000      0x1c8 ..\obj\stm32f1xx_hal_rcc_ex.o
 .debug_info    0x00000000      0x541 ..\obj\stm32f1xx_hal_rcc_ex.o
 .debug_abbrev  0x00000000      0x1eb ..\obj\stm32f1xx_hal_rcc_ex.o
 .debug_aranges
                0x00000000       0x30 ..\obj\stm32f1xx_hal_rcc_ex.o
 .debug_ranges  0x00000000       0x20 ..\obj\stm32f1xx_hal_rcc_ex.o
 .debug_line    0x00000000      0x3e6 ..\obj\stm32f1xx_hal_rcc_ex.o
 .debug_str     0x00000000      0x3e4 ..\obj\stm32f1xx_hal_rcc_ex.o
 .comment       0x00000000       0x6f ..\obj\stm32f1xx_hal_rcc_ex.o
 .debug_frame   0x00000000       0x84 ..\obj\stm32f1xx_hal_rcc_ex.o
 .ARM.attributes
                0x00000000       0x33 ..\obj\stm32f1xx_hal_rcc_ex.o
 .text          0x00000000        0x0 ..\obj\stm32f1xx_hal_pwr.o
 .data          0x00000000        0x0 ..\obj\stm32f1xx_hal_pwr.o
 .bss           0x00000000        0x0 ..\obj\stm32f1xx_hal_pwr.o
 .text.PWR_OverloadWfe
                0x00000000       0x10 ..\obj\stm32f1xx_hal_pwr.o
 .text.HAL_PWR_DeInit
                0x00000000       0x28 ..\obj\stm32f1xx_hal_pwr.o
 .text.HAL_PWR_EnableBkUpAccess
                0x00000000       0x34 ..\obj\stm32f1xx_hal_pwr.o
 .text.HAL_PWR_DisableBkUpAccess
                0x00000000       0x34 ..\obj\stm32f1xx_hal_pwr.o
 .text.HAL_PWR_ConfigPVD
                0x00000000       0xbc ..\obj\stm32f1xx_hal_pwr.o
 .text.HAL_PWR_EnablePVD
                0x00000000       0x34 ..\obj\stm32f1xx_hal_pwr.o
 .text.HAL_PWR_DisablePVD
                0x00000000       0x34 ..\obj\stm32f1xx_hal_pwr.o
 .text.HAL_PWR_EnableWakeUpPin
                0x00000000       0x38 ..\obj\stm32f1xx_hal_pwr.o
 .text.HAL_PWR_DisableWakeUpPin
                0x00000000       0x38 ..\obj\stm32f1xx_hal_pwr.o
 .text.HAL_PWR_EnterSLEEPMode
                0x00000000       0x38 ..\obj\stm32f1xx_hal_pwr.o
 .text.HAL_PWR_EnterSTOPMode
                0x00000000       0x64 ..\obj\stm32f1xx_hal_pwr.o
 .text.HAL_PWR_EnterSTANDBYMode
                0x00000000       0x30 ..\obj\stm32f1xx_hal_pwr.o
 .text.HAL_PWR_EnableSleepOnExit
                0x00000000       0x1c ..\obj\stm32f1xx_hal_pwr.o
 .text.HAL_PWR_DisableSleepOnExit
                0x00000000       0x1c ..\obj\stm32f1xx_hal_pwr.o
 .text.HAL_PWR_EnableSEVOnPend
                0x00000000       0x1c ..\obj\stm32f1xx_hal_pwr.o
 .text.HAL_PWR_DisableSEVOnPend
                0x00000000       0x1c ..\obj\stm32f1xx_hal_pwr.o
 .text.HAL_PWR_PVD_IRQHandler
                0x00000000       0x24 ..\obj\stm32f1xx_hal_pwr.o
 .text.HAL_PWR_PVDCallback
                0x00000000        0xc ..\obj\stm32f1xx_hal_pwr.o
 .debug_info    0x00000000      0x79a ..\obj\stm32f1xx_hal_pwr.o
 .debug_abbrev  0x00000000      0x225 ..\obj\stm32f1xx_hal_pwr.o
 .debug_aranges
                0x00000000       0xa8 ..\obj\stm32f1xx_hal_pwr.o
 .debug_ranges  0x00000000       0x98 ..\obj\stm32f1xx_hal_pwr.o
 .debug_line    0x00000000      0x458 ..\obj\stm32f1xx_hal_pwr.o
 .debug_str     0x00000000      0x4e4 ..\obj\stm32f1xx_hal_pwr.o
 .comment       0x00000000       0x6f ..\obj\stm32f1xx_hal_pwr.o
 .debug_frame   0x00000000      0x290 ..\obj\stm32f1xx_hal_pwr.o
 .ARM.attributes
                0x00000000       0x33 ..\obj\stm32f1xx_hal_pwr.o
 .text          0x00000000        0x0 ..\obj\stm32f1xx_hal.o
 .data          0x00000000        0x0 ..\obj\stm32f1xx_hal.o
 .text.HAL_DeInit
                0x00000000       0x30 ..\obj\stm32f1xx_hal.o
 .text.HAL_MspInit
                0x00000000        0xc ..\obj\stm32f1xx_hal.o
 .text.HAL_MspDeInit
                0x00000000        0xc ..\obj\stm32f1xx_hal.o
 .text.HAL_SuspendTick
                0x00000000       0x1c ..\obj\stm32f1xx_hal.o
 .text.HAL_ResumeTick
                0x00000000       0x1c ..\obj\stm32f1xx_hal.o
 .text.HAL_GetHalVersion
                0x00000000       0x14 ..\obj\stm32f1xx_hal.o
 .text.HAL_GetREVID
                0x00000000       0x34 ..\obj\stm32f1xx_hal.o
 .text.HAL_GetDEVID
                0x00000000       0x18 ..\obj\stm32f1xx_hal.o
 .text.HAL_DBGMCU_EnableDBGSleepMode
                0x00000000       0x1c ..\obj\stm32f1xx_hal.o
 .text.HAL_DBGMCU_DisableDBGSleepMode
                0x00000000       0x1c ..\obj\stm32f1xx_hal.o
 .text.HAL_DBGMCU_EnableDBGStopMode
                0x00000000       0x1c ..\obj\stm32f1xx_hal.o
 .text.HAL_DBGMCU_DisableDBGStopMode
                0x00000000       0x1c ..\obj\stm32f1xx_hal.o
 .text.HAL_DBGMCU_EnableDBGStandbyMode
                0x00000000       0x1c ..\obj\stm32f1xx_hal.o
 .text.HAL_DBGMCU_DisableDBGStandbyMode
                0x00000000       0x1c ..\obj\stm32f1xx_hal.o
 .text          0x00000000        0x0 ..\obj\stm32f1xx_it.o
 .data          0x00000000        0x0 ..\obj\stm32f1xx_it.o
 .bss           0x00000000        0x0 ..\obj\stm32f1xx_it.o
 .text          0x00000000        0x0 ..\obj\stm32f1xx_hal_gpio_ex.o
 .data          0x00000000        0x0 ..\obj\stm32f1xx_hal_gpio_ex.o
 .bss           0x00000000        0x0 ..\obj\stm32f1xx_hal_gpio_ex.o
 .text.HAL_GPIOEx_ConfigEventout
                0x00000000       0x2c ..\obj\stm32f1xx_hal_gpio_ex.o
 .text.HAL_GPIOEx_EnableEventout
                0x00000000       0x1c ..\obj\stm32f1xx_hal_gpio_ex.o
 .text.HAL_GPIOEx_DisableEventout
                0x00000000       0x1c ..\obj\stm32f1xx_hal_gpio_ex.o
 .debug_info    0x00000000      0x183 ..\obj\stm32f1xx_hal_gpio_ex.o
 .debug_abbrev  0x00000000       0xcb ..\obj\stm32f1xx_hal_gpio_ex.o
 .debug_aranges
                0x00000000       0x30 ..\obj\stm32f1xx_hal_gpio_ex.o
 .debug_ranges  0x00000000       0x20 ..\obj\stm32f1xx_hal_gpio_ex.o
 .debug_line    0x00000000      0x231 ..\obj\stm32f1xx_hal_gpio_ex.o
 .debug_str     0x00000000      0x28e ..\obj\stm32f1xx_hal_gpio_ex.o
 .comment       0x00000000       0x6f ..\obj\stm32f1xx_hal_gpio_ex.o
 .debug_frame   0x00000000       0x78 ..\obj\stm32f1xx_hal_gpio_ex.o
 .ARM.attributes
                0x00000000       0x33 ..\obj\stm32f1xx_hal_gpio_ex.o
 .text          0x00000000        0x0 ..\obj\stm32f1xx_hal_cortex.o
 .data          0x00000000        0x0 ..\obj\stm32f1xx_hal_cortex.o
 .bss           0x00000000        0x0 ..\obj\stm32f1xx_hal_cortex.o
 .text.NVIC_EnableIRQ
                0x00000000       0x30 ..\obj\stm32f1xx_hal_cortex.o
 .text.NVIC_DisableIRQ
                0x00000000       0x34 ..\obj\stm32f1xx_hal_cortex.o
 .text.NVIC_GetPendingIRQ
                0x00000000       0x34 ..\obj\stm32f1xx_hal_cortex.o
 .text.NVIC_SetPendingIRQ
                0x00000000       0x34 ..\obj\stm32f1xx_hal_cortex.o
 .text.NVIC_ClearPendingIRQ
                0x00000000       0x34 ..\obj\stm32f1xx_hal_cortex.o
 .text.NVIC_GetActive
                0x00000000       0x34 ..\obj\stm32f1xx_hal_cortex.o
 .text.NVIC_GetPriority
                0x00000000       0x4c ..\obj\stm32f1xx_hal_cortex.o
 .text.NVIC_DecodePriority
                0x00000000       0x68 ..\obj\stm32f1xx_hal_cortex.o
 .text.NVIC_SystemReset
                0x00000000       0x28 ..\obj\stm32f1xx_hal_cortex.o
 .text.HAL_NVIC_EnableIRQ
                0x00000000       0x1c ..\obj\stm32f1xx_hal_cortex.o
 .text.HAL_NVIC_DisableIRQ
                0x00000000       0x1c ..\obj\stm32f1xx_hal_cortex.o
 .text.HAL_NVIC_SystemReset
                0x00000000        0xc ..\obj\stm32f1xx_hal_cortex.o
 .text.HAL_NVIC_GetPriorityGrouping
                0x00000000       0x10 ..\obj\stm32f1xx_hal_cortex.o
 .text.HAL_NVIC_GetPriority
                0x00000000       0x2c ..\obj\stm32f1xx_hal_cortex.o
 .text.HAL_NVIC_SetPendingIRQ
                0x00000000       0x1c ..\obj\stm32f1xx_hal_cortex.o
 .text.HAL_NVIC_GetPendingIRQ
                0x00000000       0x20 ..\obj\stm32f1xx_hal_cortex.o
 .text.HAL_NVIC_ClearPendingIRQ
                0x00000000       0x1c ..\obj\stm32f1xx_hal_cortex.o
 .text.HAL_NVIC_GetActive
                0x00000000       0x20 ..\obj\stm32f1xx_hal_cortex.o
 .text          0x00000000        0x0 ..\obj\system_stm32f1xx.o
 .bss           0x00000000        0x0 ..\obj\system_stm32f1xx.o
 .text.SystemCoreClockUpdate
                0x00000000       0xd8 ..\obj\system_stm32f1xx.o
 .text          0x00000000        0x0 ..\obj\stm32f1xx_hal_rcc.o
 .data          0x00000000        0x0 ..\obj\stm32f1xx_hal_rcc.o
 .bss           0x00000000        0x0 ..\obj\stm32f1xx_hal_rcc.o
 .text.HAL_RCC_DeInit
                0x00000000       0x7c ..\obj\stm32f1xx_hal_rcc.o
 .text.HAL_RCC_MCOConfig
                0x00000000       0x70 ..\obj\stm32f1xx_hal_rcc.o
 .text.HAL_RCC_EnableCSS
                0x00000000       0x34 ..\obj\stm32f1xx_hal_rcc.o
 .text.HAL_RCC_DisableCSS
                0x00000000       0x34 ..\obj\stm32f1xx_hal_rcc.o
 .text.HAL_RCC_GetPCLK1Freq
                0x00000000       0x44 ..\obj\stm32f1xx_hal_rcc.o
 .text.HAL_RCC_GetPCLK2Freq
                0x00000000       0x44 ..\obj\stm32f1xx_hal_rcc.o
 .text.HAL_RCC_GetOscConfig
                0x00000000      0x110 ..\obj\stm32f1xx_hal_rcc.o
 .text.HAL_RCC_GetClockConfig
                0x00000000       0x60 ..\obj\stm32f1xx_hal_rcc.o
 .text.HAL_RCC_NMI_IRQHandler
                0x00000000       0x28 ..\obj\stm32f1xx_hal_rcc.o
 .text.HAL_RCC_CSSCallback
                0x00000000        0xc ..\obj\stm32f1xx_hal_rcc.o
 .text          0x00000000        0x0 ..\obj\startup_stm32f10x_md.o
 .data          0x00000000        0x0 ..\obj\startup_stm32f10x_md.o
 .bss           0x00000000        0x0 ..\obj\startup_stm32f10x_md.o
 .text          0x00000000        0x0 ..\obj\main.o
 .data          0x00000000        0x8 ..\obj\main.o
 .bss           0x00000000        0x0 ..\obj\main.o
 .text          0x00000000        0x0 ..\obj\stm32f1xx_hal_spi_ex.o
 .data          0x00000000        0x0 ..\obj\stm32f1xx_hal_spi_ex.o
 .text          0x00000000        0x0 ..\obj\stm32f1xx_hal_flash.o
 .data          0x00000000        0x0 ..\obj\stm32f1xx_hal_flash.o
 .bss           0x00000000        0x0 ..\obj\stm32f1xx_hal_flash.o
 .text.HAL_FLASH_Program
                0x00000000       0xe4 ..\obj\stm32f1xx_hal_flash.o
 .text.HAL_FLASH_Program_IT
                0x00000000       0x90 ..\obj\stm32f1xx_hal_flash.o
 .text.HAL_FLASH_IRQHandler
                0x00000000      0x1c4 ..\obj\stm32f1xx_hal_flash.o
 .text.HAL_FLASH_EndOfOperationCallback
                0x00000000       0x14 ..\obj\stm32f1xx_hal_flash.o
 .text.HAL_FLASH_OperationErrorCallback
                0x00000000       0x14 ..\obj\stm32f1xx_hal_flash.o
 .text.HAL_FLASH_Unlock
                0x00000000       0x38 ..\obj\stm32f1xx_hal_flash.o
 .text.HAL_FLASH_Lock
                0x00000000       0x20 ..\obj\stm32f1xx_hal_flash.o
 .text.HAL_FLASH_OB_Unlock
                0x00000000       0x38 ..\obj\stm32f1xx_hal_flash.o
 .text.HAL_FLASH_OB_Lock
                0x00000000       0x20 ..\obj\stm32f1xx_hal_flash.o
 .text.HAL_FLASH_OB_Launch
                0x00000000       0x10 ..\obj\stm32f1xx_hal_flash.o
 .text.HAL_FLASH_GetError
                0x00000000       0x14 ..\obj\stm32f1xx_hal_flash.o
 .text.FLASH_Program_HalfWord
                0x00000000       0x38 ..\obj\stm32f1xx_hal_flash.o
 .text.FLASH_WaitForLastOperation
                0x00000000       0x8c ..\obj\stm32f1xx_hal_flash.o
 .text.FLASH_SetErrorCode
                0x00000000       0x70 ..\obj\stm32f1xx_hal_flash.o
 .debug_info    0x00000000      0x4e8 ..\obj\stm32f1xx_hal_flash.o
 .debug_abbrev  0x00000000      0x1df ..\obj\stm32f1xx_hal_flash.o
 .debug_aranges
                0x00000000       0x88 ..\obj\stm32f1xx_hal_flash.o
 .debug_ranges  0x00000000       0x78 ..\obj\stm32f1xx_hal_flash.o
 .debug_line    0x00000000      0x475 ..\obj\stm32f1xx_hal_flash.o
 .debug_str     0x00000000      0x52f ..\obj\stm32f1xx_hal_flash.o
 .comment       0x00000000       0x6f ..\obj\stm32f1xx_hal_flash.o
 .debug_frame   0x00000000      0x204 ..\obj\stm32f1xx_hal_flash.o
 .ARM.attributes
                0x00000000       0x33 ..\obj\stm32f1xx_hal_flash.o
 COMMON         0x00000000       0x20 ..\obj\stm32f1xx_hal_flash.o
 .text          0x00000000        0x0 ..\obj\stm32f1xx_hal_gpio.o
 .data          0x00000000        0x0 ..\obj\stm32f1xx_hal_gpio.o
 .bss           0x00000000        0x0 ..\obj\stm32f1xx_hal_gpio.o
 .text.HAL_GPIO_DeInit
                0x00000000      0x184 ..\obj\stm32f1xx_hal_gpio.o
 .text.HAL_GPIO_ReadPin
                0x00000000       0x30 ..\obj\stm32f1xx_hal_gpio.o
 .text.HAL_GPIO_TogglePin
                0x00000000       0x24 ..\obj\stm32f1xx_hal_gpio.o
 .text.HAL_GPIO_LockPin
                0x00000000       0x50 ..\obj\stm32f1xx_hal_gpio.o
 .text.HAL_GPIO_EXTI_IRQHandler
                0x00000000       0x30 ..\obj\stm32f1xx_hal_gpio.o
 .text.HAL_GPIO_EXTI_Callback
                0x00000000       0x14 ..\obj\stm32f1xx_hal_gpio.o
 .text          0x00000000        0x0 ..\obj\stm32f1xx_hal_dma.o
 .data          0x00000000        0x0 ..\obj\stm32f1xx_hal_dma.o
 .bss           0x00000000        0x0 ..\obj\stm32f1xx_hal_dma.o
 .text.HAL_DMA_Init
                0x00000000       0x94 ..\obj\stm32f1xx_hal_dma.o
 .text.HAL_DMA_DeInit
                0x00000000      0x1e0 ..\obj\stm32f1xx_hal_dma.o
 .text.HAL_DMA_Start
                0x00000000       0x64 ..\obj\stm32f1xx_hal_dma.o
 .text.HAL_DMA_Start_IT
                0x00000000       0x94 ..\obj\stm32f1xx_hal_dma.o
 .text.HAL_DMA_Abort
                0x00000000       0x7c ..\obj\stm32f1xx_hal_dma.o
 .text.HAL_DMA_PollForTransfer
                0x00000000      0x394 ..\obj\stm32f1xx_hal_dma.o
 .text.HAL_DMA_IRQHandler
                0x00000000      0x3e0 ..\obj\stm32f1xx_hal_dma.o
 .text.HAL_DMA_GetState
                0x00000000       0x18 ..\obj\stm32f1xx_hal_dma.o
 .text.HAL_DMA_GetError
                0x00000000       0x18 ..\obj\stm32f1xx_hal_dma.o
 .text.DMA_SetConfig
                0x00000000       0x4c ..\obj\stm32f1xx_hal_dma.o
 .debug_info    0x00000000      0x588 ..\obj\stm32f1xx_hal_dma.o
 .debug_abbrev  0x00000000      0x1b5 ..\obj\stm32f1xx_hal_dma.o
 .debug_aranges
                0x00000000       0x68 ..\obj\stm32f1xx_hal_dma.o
 .debug_ranges  0x00000000       0x58 ..\obj\stm32f1xx_hal_dma.o
 .debug_line    0x00000000      0x852 ..\obj\stm32f1xx_hal_dma.o
 .debug_str     0x00000000      0x51d ..\obj\stm32f1xx_hal_dma.o
 .comment       0x00000000       0x6f ..\obj\stm32f1xx_hal_dma.o
 .debug_frame   0x00000000      0x194 ..\obj\stm32f1xx_hal_dma.o
 .ARM.attributes
                0x00000000       0x33 ..\obj\stm32f1xx_hal_dma.o
 .text          0x00000000        0x0 ..\obj\stm32f1xx_hal_spi.o
 .data          0x00000000        0x0 ..\obj\stm32f1xx_hal_spi.o
 .bss           0x00000000        0x0 ..\obj\stm32f1xx_hal_spi.o
 .text.HAL_SPI_Init
                0x00000000       0xbc ..\obj\stm32f1xx_hal_spi.o
 .text.HAL_SPI_DeInit
                0x00000000       0x50 ..\obj\stm32f1xx_hal_spi.o
 .text.HAL_SPI_MspInit
                0x00000000       0x14 ..\obj\stm32f1xx_hal_spi.o
 .text.HAL_SPI_MspDeInit
                0x00000000       0x14 ..\obj\stm32f1xx_hal_spi.o
 .text.HAL_SPI_Transmit
                0x00000000      0x280 ..\obj\stm32f1xx_hal_spi.o
 .text.HAL_SPI_Receive
                0x00000000      0x31c ..\obj\stm32f1xx_hal_spi.o
 .text.HAL_SPI_TransmitReceive
                0x00000000      0x498 ..\obj\stm32f1xx_hal_spi.o
 .text.HAL_SPI_Transmit_IT
                0x00000000      0x128 ..\obj\stm32f1xx_hal_spi.o
 .text.HAL_SPI_Transmit_DMA
                0x00000000      0x148 ..\obj\stm32f1xx_hal_spi.o
 .text.HAL_SPI_Receive_DMA
                0x00000000      0x174 ..\obj\stm32f1xx_hal_spi.o
 .text.HAL_SPI_TransmitReceive_DMA
                0x00000000      0x1d0 ..\obj\stm32f1xx_hal_spi.o
 .text.HAL_SPI_DMAPause
                0x00000000       0x54 ..\obj\stm32f1xx_hal_spi.o
 .text.HAL_SPI_DMAResume
                0x00000000       0x54 ..\obj\stm32f1xx_hal_spi.o
 .text.HAL_SPI_DMAStop
                0x00000000       0x60 ..\obj\stm32f1xx_hal_spi.o
 .text.HAL_SPI_IRQHandler
                0x00000000      0x130 ..\obj\stm32f1xx_hal_spi.o
 .text.HAL_SPI_RxCpltCallback
                0x00000000       0x14 ..\obj\stm32f1xx_hal_spi.o
 .text.HAL_SPI_TxHalfCpltCallback
                0x00000000       0x14 ..\obj\stm32f1xx_hal_spi.o
 .text.HAL_SPI_RxHalfCpltCallback
                0x00000000       0x14 ..\obj\stm32f1xx_hal_spi.o
 .text.HAL_SPI_TxRxHalfCpltCallback
                0x00000000       0x14 ..\obj\stm32f1xx_hal_spi.o
 .text.HAL_SPI_GetState
                0x00000000       0x1c ..\obj\stm32f1xx_hal_spi.o
 .text.HAL_SPI_GetError
                0x00000000       0x18 ..\obj\stm32f1xx_hal_spi.o
 .text.SPI_DMATransmitCplt
                0x00000000       0xb0 ..\obj\stm32f1xx_hal_spi.o
 .text.SPI_DMAReceiveCplt
                0x00000000      0x148 ..\obj\stm32f1xx_hal_spi.o
 .text.SPI_DMATransmitReceiveCplt
                0x00000000      0x120 ..\obj\stm32f1xx_hal_spi.o
 .text.SPI_DMAHalfTransmitCplt
                0x00000000       0x1c ..\obj\stm32f1xx_hal_spi.o
 .text.SPI_DMAHalfReceiveCplt
                0x00000000       0x1c ..\obj\stm32f1xx_hal_spi.o
 .text.SPI_DMAHalfTransmitReceiveCplt
                0x00000000       0x1c ..\obj\stm32f1xx_hal_spi.o
 .text.SPI_DMAError
                0x00000000       0x3c ..\obj\stm32f1xx_hal_spi.o
 .text.SPI_ISCRCErrorValid
                0x00000000       0x14 ..\obj\stm32f1xx_hal_spi.o
 .text          0x00000000        0x0 ..\obj\stm32f1xx_hal_msp.o
 .data          0x00000000        0x0 ..\obj\stm32f1xx_hal_msp.o
 .bss           0x00000000        0x0 ..\obj\stm32f1xx_hal_msp.o
 .text.HAL_SPI_MspDeInit
                0x00000000       0x3c ..\obj\stm32f1xx_hal_msp.o
 .text          0x00000000        0x0 ..\obj\stm32f1xx_hal_tim.o
 .data          0x00000000        0x0 ..\obj\stm32f1xx_hal_tim.o
 .bss           0x00000000        0x0 ..\obj\stm32f1xx_hal_tim.o
 .debug_info    0x00000000       0xa0 ..\obj\stm32f1xx_hal_tim.o
 .debug_abbrev  0x00000000       0x4b ..\obj\stm32f1xx_hal_tim.o
 .debug_aranges
                0x00000000       0x18 ..\obj\stm32f1xx_hal_tim.o
 .debug_line    0x00000000      0x12c ..\obj\stm32f1xx_hal_tim.o
 .debug_str     0x00000000      0x1da ..\obj\stm32f1xx_hal_tim.o
 .comment       0x00000000       0x6f ..\obj\stm32f1xx_hal_tim.o
 .ARM.attributes
                0x00000000       0x33 ..\obj\stm32f1xx_hal_tim.o
 .text          0x00000000        0x0 ..\obj\stm32f1xx_hal_flash_ex.o
 .data          0x00000000        0x0 ..\obj\stm32f1xx_hal_flash_ex.o
 .bss           0x00000000        0x0 ..\obj\stm32f1xx_hal_flash_ex.o
 .text.HAL_FLASHEx_Erase
                0x00000000       0xd8 ..\obj\stm32f1xx_hal_flash_ex.o
 .text.HAL_FLASHEx_Erase_IT
                0x00000000       0x84 ..\obj\stm32f1xx_hal_flash_ex.o
 .text.HAL_FLASHEx_OBErase
                0x00000000       0x84 ..\obj\stm32f1xx_hal_flash_ex.o
 .text.HAL_FLASHEx_OBProgram
                0x00000000       0xf8 ..\obj\stm32f1xx_hal_flash_ex.o
 .text.HAL_FLASHEx_OBGetConfig
                0x00000000       0x38 ..\obj\stm32f1xx_hal_flash_ex.o
 .text.HAL_FLASHEx_OBGetUserData
                0x00000000       0x6c ..\obj\stm32f1xx_hal_flash_ex.o
 .text.FLASH_MassErase
                0x00000000       0x38 ..\obj\stm32f1xx_hal_flash_ex.o
 .text.FLASH_OB_EnableWRP
                0x00000000      0x144 ..\obj\stm32f1xx_hal_flash_ex.o
 .text.FLASH_OB_DisableWRP
                0x00000000      0x140 ..\obj\stm32f1xx_hal_flash_ex.o
 .text.FLASH_OB_RDP_LevelConfig
                0x00000000       0xa0 ..\obj\stm32f1xx_hal_flash_ex.o
 .text.FLASH_OB_UserConfig
                0x00000000       0x70 ..\obj\stm32f1xx_hal_flash_ex.o
 .text.FLASH_OB_ProgramData
                0x00000000       0x68 ..\obj\stm32f1xx_hal_flash_ex.o
 .text.FLASH_OB_GetWRP
                0x00000000       0x14 ..\obj\stm32f1xx_hal_flash_ex.o
 .text.FLASH_OB_GetRDP
                0x00000000       0x38 ..\obj\stm32f1xx_hal_flash_ex.o
 .text.FLASH_OB_GetUser
                0x00000000       0x34 ..\obj\stm32f1xx_hal_flash_ex.o
 .text.FLASH_PageErase
                0x00000000       0x40 ..\obj\stm32f1xx_hal_flash_ex.o
 .debug_info    0x00000000      0x840 ..\obj\stm32f1xx_hal_flash_ex.o
 .debug_abbrev  0x00000000      0x265 ..\obj\stm32f1xx_hal_flash_ex.o
 .debug_aranges
                0x00000000       0x98 ..\obj\stm32f1xx_hal_flash_ex.o
 .debug_ranges  0x00000000       0x88 ..\obj\stm32f1xx_hal_flash_ex.o
 .debug_line    0x00000000      0x512 ..\obj\stm32f1xx_hal_flash_ex.o
 .debug_str     0x00000000      0x66f ..\obj\stm32f1xx_hal_flash_ex.o
 .comment       0x00000000       0x6f ..\obj\stm32f1xx_hal_flash_ex.o
 .debug_frame   0x00000000      0x260 ..\obj\stm32f1xx_hal_flash_ex.o
 .ARM.attributes
                0x00000000       0x33 ..\obj\stm32f1xx_hal_flash_ex.o
 .text          0x00000000        0x0 ..\obj\stm32f1xx_hal_tim_ex.o
 .data          0x00000000        0x0 ..\obj\stm32f1xx_hal_tim_ex.o
 .bss           0x00000000        0x0 ..\obj\stm32f1xx_hal_tim_ex.o
 .debug_info    0x00000000       0xa0 ..\obj\stm32f1xx_hal_tim_ex.o
 .debug_abbrev  0x00000000       0x4b ..\obj\stm32f1xx_hal_tim_ex.o
 .debug_aranges
                0x00000000       0x18 ..\obj\stm32f1xx_hal_tim_ex.o
 .debug_line    0x00000000      0x12c ..\obj\stm32f1xx_hal_tim_ex.o
 .debug_str     0x00000000      0x1dd ..\obj\stm32f1xx_hal_tim_ex.o
 .comment       0x00000000       0x6f ..\obj\stm32f1xx_hal_tim_ex.o
 .ARM.attributes
                0x00000000       0x33 ..\obj\stm32f1xx_hal_tim_ex.o

Memory Configuration

Name             Origin             Length             Attributes
rom              0x08000000         0x00010000         xr
ram              0x20000000         0x00005000         xrw
*default*        0x00000000         0xffffffff

Linker script and memory map

                0x20005000                _eram = 0x20005000

.text           0x08000000     0x268f
 *(.isr_vector)
 .isr_vector    0x08000000      0x10c ..\obj\startup_stm32f10x_md.o
                0x08000000                g_pfnVectors
 *(.text*)
 .text.HAL_Init
                0x0800010c       0x2c ..\obj\stm32f1xx_hal.o
                0x0800010c                HAL_Init
 .text.HAL_InitTick
                0x08000138       0x38 ..\obj\stm32f1xx_hal.o
                0x08000138                HAL_InitTick
 .text.HAL_IncTick
                0x08000170       0x1c ..\obj\stm32f1xx_hal.o
                0x08000170                HAL_IncTick
 .text.HAL_GetTick
                0x0800018c       0x14 ..\obj\stm32f1xx_hal.o
                0x0800018c                HAL_GetTick
 .text.HAL_Delay
                0x080001a0       0x2c ..\obj\stm32f1xx_hal.o
                0x080001a0                HAL_Delay
 .text.NMI_Handler
                0x080001cc        0xc ..\obj\stm32f1xx_it.o
                0x080001cc                NMI_Handler
 .text.HardFault_Handler
                0x080001d8        0x8 ..\obj\stm32f1xx_it.o
                0x080001d8                HardFault_Handler
 .text.MemManage_Handler
                0x080001e0        0x8 ..\obj\stm32f1xx_it.o
                0x080001e0                MemManage_Handler
 .text.BusFault_Handler
                0x080001e8        0x8 ..\obj\stm32f1xx_it.o
                0x080001e8                BusFault_Handler
 .text.UsageFault_Handler
                0x080001f0        0x8 ..\obj\stm32f1xx_it.o
                0x080001f0                UsageFault_Handler
 .text.SVC_Handler
                0x080001f8        0xc ..\obj\stm32f1xx_it.o
                0x080001f8                SVC_Handler
 .text.DebugMon_Handler
                0x08000204        0xc ..\obj\stm32f1xx_it.o
                0x08000204                DebugMon_Handler
 .text.PendSV_Handler
                0x08000210        0xc ..\obj\stm32f1xx_it.o
                0x08000210                PendSV_Handler
 .text.SysTick_Handler
                0x0800021c       0x10 ..\obj\stm32f1xx_it.o
                0x0800021c                SysTick_Handler
 .text.NVIC_SetPriorityGrouping
                0x0800022c       0x48 ..\obj\stm32f1xx_hal_cortex.o
 .text.NVIC_GetPriorityGrouping
                0x08000274       0x1c ..\obj\stm32f1xx_hal_cortex.o
 .text.NVIC_SetPriority
                0x08000290       0x54 ..\obj\stm32f1xx_hal_cortex.o
 .text.NVIC_EncodePriority
                0x080002e4       0x60 ..\obj\stm32f1xx_hal_cortex.o
 .text.SysTick_Config
                0x08000344       0x44 ..\obj\stm32f1xx_hal_cortex.o
 .text.HAL_NVIC_SetPriorityGrouping
                0x08000388       0x18 ..\obj\stm32f1xx_hal_cortex.o
                0x08000388                HAL_NVIC_SetPriorityGrouping
 .text.HAL_NVIC_SetPriority
                0x080003a0       0x38 ..\obj\stm32f1xx_hal_cortex.o
                0x080003a0                HAL_NVIC_SetPriority
 .text.HAL_SYSTICK_Config
                0x080003d8       0x18 ..\obj\stm32f1xx_hal_cortex.o
                0x080003d8                HAL_SYSTICK_Config
 .text.HAL_SYSTICK_CLKSourceConfig
                0x080003f0       0x38 ..\obj\stm32f1xx_hal_cortex.o
                0x080003f0                HAL_SYSTICK_CLKSourceConfig
 .text.HAL_SYSTICK_IRQHandler
                0x08000428        0xc ..\obj\stm32f1xx_hal_cortex.o
                0x08000428                HAL_SYSTICK_IRQHandler
 .text.HAL_SYSTICK_Callback
                0x08000434        0xc ..\obj\stm32f1xx_hal_cortex.o
                0x08000434                HAL_SYSTICK_Callback
 .text.SystemInit
                0x08000440       0x68 ..\obj\system_stm32f1xx.o
                0x08000440                SystemInit
 .text.HAL_RCC_OscConfig
                0x080004a8      0xe40 ..\obj\stm32f1xx_hal_rcc.o
                0x080004a8                HAL_RCC_OscConfig
 .text.HAL_RCC_ClockConfig
                0x080012e8      0x378 ..\obj\stm32f1xx_hal_rcc.o
                0x080012e8                HAL_RCC_ClockConfig
 .text.HAL_RCC_GetSysClockFreq
                0x08001660       0xf4 ..\obj\stm32f1xx_hal_rcc.o
                0x08001660                HAL_RCC_GetSysClockFreq
 .text.HAL_RCC_GetHCLKFreq
                0x08001754       0x14 ..\obj\stm32f1xx_hal_rcc.o
                0x08001754                HAL_RCC_GetHCLKFreq
 .text.Default_Reset_Handler
                0x08001768       0x60 ..\obj\startup_stm32f10x_md.o
                0x08001768                Default_Reset_Handler
                0x08001768                Reset_Handler
 .text.Default_Handler
                0x080017c8        0x8 ..\obj\startup_stm32f10x_md.o
                0x080017c8                EXTI2_IRQHandler
                0x080017c8                TIM1_CC_IRQHandler
                0x080017c8                PVD_IRQHandler
                0x080017c8                EXTI3_IRQHandler
                0x080017c8                EXTI0_IRQHandler
                0x080017c8                I2C2_EV_IRQHandler
                0x080017c8                ADC1_2_IRQHandler
                0x080017c8                SPI1_IRQHandler
                0x080017c8                TAMPER_IRQHandler
                0x080017c8                DMA1_Channel4_IRQHandler
                0x080017c8                USART3_IRQHandler
                0x080017c8                RTC_IRQHandler
                0x080017c8                DMA1_Channel7_IRQHandler
                0x080017c8                CAN1_RX1_IRQHandler
                0x080017c8                TIM4_IRQHandler
                0x080017c8                I2C1_EV_IRQHandler
                0x080017c8                DMA1_Channel6_IRQHandler
                0x080017c8                TIM3_IRQHandler
                0x080017c8                RCC_IRQHandler
                0x080017c8                TIM1_TRG_COM_IRQHandler
                0x080017c8                DMA1_Channel1_IRQHandler
                0x080017c8                EXTI15_10_IRQHandler
                0x080017c8                EXTI9_5_IRQHandler
                0x080017c8                SPI2_IRQHandler
                0x080017c8                DMA1_Channel5_IRQHandler
                0x080017c8                EXTI4_IRQHandler
                0x080017c8                USB_LP_CAN1_RX0_IRQHandler
                0x080017c8                USB_HP_CAN1_TX_IRQHandler
                0x080017c8                DMA1_Channel3_IRQHandler
                0x080017c8                TIM1_UP_IRQHandler
                0x080017c8                WWDG_IRQHandler
                0x080017c8                TIM2_IRQHandler
                0x080017c8                TIM1_BRK_IRQHandler
                0x080017c8                EXTI1_IRQHandler
                0x080017c8                RTCAlarm_IRQHandler
                0x080017c8                USART2_IRQHandler
                0x080017c8                I2C2_ER_IRQHandler
                0x080017c8                DMA1_Channel2_IRQHandler
                0x080017c8                CAN1_SCE_IRQHandler
                0x080017c8                FLASH_IRQHandler
                0x080017c8                USART1_IRQHandler
                0x080017c8                I2C1_ER_IRQHandler
                0x080017c8                USBWakeUp_IRQHandler
 .text.main     0x080017d0       0x28 ..\obj\main.o
                0x080017d0                main
 .text.SystemClock_Config
                0x080017f8       0xa4 ..\obj\main.o
                0x080017f8                SystemClock_Config
 .text.MX_SPI1_Init
                0x0800189c       0x74 ..\obj\main.o
 .text.MX_GPIO_Init
                0x08001910       0x84 ..\obj\main.o
 .text.HAL_SPI_RxCpltCallback
                0x08001994       0x3c ..\obj\main.o
                0x08001994                HAL_SPI_RxCpltCallback
 .text._Error_Handler
                0x080019d0        0xc ..\obj\main.o
                0x080019d0                _Error_Handler
 .text.HAL_SPI_Init
                0x080019dc       0xcc ..\obj\stm32f1xx_hal_spi_ex.o
                0x080019dc                HAL_SPI_Init
 .text.SPI_ISCRCErrorValid
                0x08001aa8       0x14 ..\obj\stm32f1xx_hal_spi_ex.o
                0x08001aa8                SPI_ISCRCErrorValid
 .text.HAL_GPIO_Init
                0x08001abc      0x2bc ..\obj\stm32f1xx_hal_gpio.o
                0x08001abc                HAL_GPIO_Init
 .text.HAL_GPIO_WritePin
                0x08001d78       0x30 ..\obj\stm32f1xx_hal_gpio.o
                0x08001d78                HAL_GPIO_WritePin
 .text.HAL_SPI_Receive_IT
                0x08001da8      0x138 ..\obj\stm32f1xx_hal_spi.o
                0x08001da8                HAL_SPI_Receive_IT
 .text.HAL_SPI_TransmitReceive_IT
                0x08001ee0      0x128 ..\obj\stm32f1xx_hal_spi.o
                0x08001ee0                HAL_SPI_TransmitReceive_IT
 .text.HAL_SPI_TxCpltCallback
                0x08002008       0x14 ..\obj\stm32f1xx_hal_spi.o
                0x08002008                HAL_SPI_TxCpltCallback
 .text.HAL_SPI_TxRxCpltCallback
                0x0800201c       0x14 ..\obj\stm32f1xx_hal_spi.o
                0x0800201c                HAL_SPI_TxRxCpltCallback
 .text.HAL_SPI_ErrorCallback
                0x08002030       0x14 ..\obj\stm32f1xx_hal_spi.o
                0x08002030                HAL_SPI_ErrorCallback
 .text.SPI_TxCloseIRQHandler
                0x08002044       0xd8 ..\obj\stm32f1xx_hal_spi.o
 .text.SPI_TxISR
                0x0800211c       0x78 ..\obj\stm32f1xx_hal_spi.o
 .text.SPI_RxCloseIRQHandler
                0x08002194      0x164 ..\obj\stm32f1xx_hal_spi.o
 .text.SPI_2LinesRxISR
                0x080022f8       0x60 ..\obj\stm32f1xx_hal_spi.o
 .text.SPI_RxISR
                0x08002358       0x84 ..\obj\stm32f1xx_hal_spi.o
 .text.SPI_WaitOnFlagUntilTimeout
                0x080023dc      0x148 ..\obj\stm32f1xx_hal_spi.o
 .text.HAL_MspInit
                0x08002524       0x98 ..\obj\stm32f1xx_hal_msp.o
                0x08002524                HAL_MspInit
 .text.HAL_SPI_MspInit
                0x080025bc       0x70 ..\obj\stm32f1xx_hal_msp.o
                0x080025bc                HAL_SPI_MspInit
 *(.init)
 *(.fini)
 *crtbegin.o(.ctors)
 *crtbegin?.o(.ctors)
 *(EXCLUDE_FILE(*crtend.o *crtend?.o) .ctors)
 *(SORT(.ctors.*))
 *(.ctors)
 *crtbegin.o(.dtors)
 *crtbegin?.o(.dtors)
 *(EXCLUDE_FILE(*crtend.o *crtend?.o) .dtors)
 *(SORT(.dtors.*))
 *(.dtors)
 *(.rodata*)
 .rodata        0x0800262c       0x18 ..\obj\system_stm32f1xx.o
                0x0800262c                AHBPrescTable
                0x0800263c                APBPrescTable
 .rodata        0x08002644       0x12 ..\obj\stm32f1xx_hal_rcc.o
 *fill*         0x08002656        0x2 
 .rodata        0x08002658       0x37 ..\obj\main.o
 *(.eh_fram e*)

.glue_7         0x08002690        0x0
 .glue_7        0x08002690        0x0 linker stubs

.glue_7t        0x08002690        0x0
 .glue_7t       0x08002690        0x0 linker stubs

.vfp11_veneer   0x08002690        0x0
 .vfp11_veneer  0x08002690        0x0 linker stubs

.v4_bx          0x08002690        0x0
 .v4_bx         0x08002690        0x0 linker stubs

.iplt           0x08002690        0x0
 .iplt          0x08002690        0x0 ..\obj\stm32f1xx_hal_rcc_ex.o

.rel.dyn        0x08002690        0x0
 .rel.iplt      0x08002690        0x0 ..\obj\stm32f1xx_hal_rcc_ex.o

.ARM.extab
 *(.ARM.extab* .gnu.linkonce.armextab.*)
                0x08002690                __exidx_start = .

.ARM.exidx
 *(.ARM.exidx* .gnu.linkonce.armexidx.*)
                0x08002690                __exidx_end = .
                0x08002690                __etext = .
                0x0800268f                _sidata = __etext

.data           0x20000000        0x4 load address 0x0800268f
                0x20000000                __data_start__ = .
                0x20000000                _sdata = __data_start__
 *(vtable)
 *(.data*)
 .data          0x20000000        0x4 ..\obj\system_stm32f1xx.o
                0x20000000                SystemCoreClock
                0x20000004                . = ALIGN (0x4)
                [!provide]                PROVIDE (__preinit_array_start, .)
 *(.preinit_array)
                [!provide]                PROVIDE (__preinit_array_end, .)
                0x20000004                . = ALIGN (0x4)
                [!provide]                PROVIDE (__init_array_start, .)
 *(SORT(.init_array.*))
 *(.init_array)
                [!provide]                PROVIDE (__init_array_end, .)
                0x20000004                . = ALIGN (0x4)
                [!provide]                PROVIDE (__fini_array_start, .)
 *(SORT(.fini_array.*))
 *(.fini_array)
                [!provide]                PROVIDE (__fini_array_end, .)
 *(.jcr*)
                0x20000004                . = ALIGN (0x4)
                0x20000004                __data_end__ = .
                0x20000004                _edata = __data_end__

.igot.plt       0x20000004        0x0 load address 0x08002694
 .igot.plt      0x20000004        0x0 ..\obj\stm32f1xx_hal_rcc_ex.o

.bss            0x20000004       0x6c load address 0x08002694
                0x20000004                . = ALIGN (0x4)
                0x20000004                __bss_start__ = .
                0x20000004                _sbss = __bss_start__
 *(.bss*)
 .bss           0x20000004        0x4 ..\obj\stm32f1xx_hal.o
 .bss           0x20000008        0x1 ..\obj\stm32f1xx_hal_spi_ex.o
                0x20000008                uCRCErrorWorkaroundCheck
 *(COMMON)
 *fill*         0x20000009        0x3 
 COMMON         0x2000000c       0x64 ..\obj\main.o
                0x2000000c                i
                0x20000010                hspi1
                0x20000068                data_rec
                0x20000070                . = ALIGN (0x4)
                0x20000070                __bss_end__ = .
                0x20000070                _ebss = __bss_end__

.heap           0x20000070        0x0
                0x20000070                __end__ = .
                0x20000070                _end = __end__
                0x20000070                end = __end__
 *(.heap*)
                0x20000070                __HeapLimit = .

.co_stack       0x20000070      0x400 load address 0x08002700
                0x20000070                . = ALIGN (0x8)
 *(.co_stack .co_stack.*)
 .co_stack      0x20000070      0x400 ..\obj\startup_stm32f10x_md.o
                0x20000070                pulStack
                0x20005000                __StackTop = (ORIGIN (ram) + LENGTH (ram))
                0x20004c00                __StackLimit = (__StackTop - SIZEOF (.co_stack))
                [!provide]                PROVIDE (__stack, __StackTop)
                0x00000001                ASSERT ((__StackLimit >= __HeapLimit), region ram  overflowed with stack)
LOAD ..\obj\stm32f1xx_hal_rcc_ex.o
LOAD ..\obj\stm32f1xx_hal_pwr.o
LOAD ..\obj\stm32f1xx_hal.o
LOAD ..\obj\stm32f1xx_it.o
LOAD ..\obj\stm32f1xx_hal_gpio_ex.o
LOAD ..\obj\stm32f1xx_hal_cortex.o
LOAD ..\obj\system_stm32f1xx.o
LOAD ..\obj\stm32f1xx_hal_rcc.o
LOAD ..\obj\startup_stm32f10x_md.o
LOAD ..\obj\main.o
LOAD ..\obj\stm32f1xx_hal_spi_ex.o
LOAD ..\obj\stm32f1xx_hal_flash.o
LOAD ..\obj\stm32f1xx_hal_gpio.o
LOAD ..\obj\stm32f1xx_hal_dma.o
LOAD ..\obj\stm32f1xx_hal_spi.o
LOAD ..\obj\stm32f1xx_hal_msp.o
LOAD ..\obj\stm32f1xx_hal_tim.o
LOAD ..\obj\stm32f1xx_hal_flash_ex.o
LOAD ..\obj\stm32f1xx_hal_tim_ex.o
START GROUP
LOAD c:/stm/gcc-arm-none-eabi-5_4-2016q3-20160926-win32/bin/../lib/gcc/arm-none-eabi/5.4.1/armv7-m\libgcc.a
LOAD c:/stm/gcc-arm-none-eabi-5_4-2016q3-20160926-win32/bin/../lib/gcc/arm-none-eabi/5.4.1/../../../../arm-none-eabi/lib/armv7-m\libg.a
LOAD c:/stm/gcc-arm-none-eabi-5_4-2016q3-20160926-win32/bin/../lib/gcc/arm-none-eabi/5.4.1/../../../../arm-none-eabi/lib/armv7-m\libc.a
END GROUP
OUTPUT(SPI_first.elf elf32-littlearm)

.debug_info     0x00000000     0x5761
 .debug_info    0x00000000      0x5e3 ..\obj\stm32f1xx_hal.o
 .debug_info    0x000005e3      0x141 ..\obj\stm32f1xx_it.o
 .debug_info    0x00000724      0xabf ..\obj\stm32f1xx_hal_cortex.o
 .debug_info    0x000011e3      0x3d2 ..\obj\system_stm32f1xx.o
 .debug_info    0x000015b5     0x13f9 ..\obj\stm32f1xx_hal_rcc.o
 .debug_info    0x000029ae       0xee ..\obj\startup_stm32f10x_md.o
 .debug_info    0x00002a9c      0xa50 ..\obj\main.o
 .debug_info    0x000034ec      0x58b ..\obj\stm32f1xx_hal_spi_ex.o
 .debug_info    0x00003a77      0x5f5 ..\obj\stm32f1xx_hal_gpio.o
 .debug_info    0x0000406c      0xe62 ..\obj\stm32f1xx_hal_spi.o
 .debug_info    0x00004ece      0x893 ..\obj\stm32f1xx_hal_msp.o

.debug_abbrev   0x00000000     0x1166
 .debug_abbrev  0x00000000      0x1f8 ..\obj\stm32f1xx_hal.o
 .debug_abbrev  0x000001f8       0x7f ..\obj\stm32f1xx_it.o
 .debug_abbrev  0x00000277      0x270 ..\obj\stm32f1xx_hal_cortex.o
 .debug_abbrev  0x000004e7      0x120 ..\obj\system_stm32f1xx.o
 .debug_abbrev  0x00000607      0x276 ..\obj\stm32f1xx_hal_rcc.o
 .debug_abbrev  0x0000087d       0xa7 ..\obj\startup_stm32f10x_md.o
 .debug_abbrev  0x00000924      0x1f3 ..\obj\main.o
 .debug_abbrev  0x00000b17      0x151 ..\obj\stm32f1xx_hal_spi_ex.o
 .debug_abbrev  0x00000c68      0x1ac ..\obj\stm32f1xx_hal_gpio.o
 .debug_abbrev  0x00000e14      0x1fd ..\obj\stm32f1xx_hal_spi.o
 .debug_abbrev  0x00001011      0x155 ..\obj\stm32f1xx_hal_msp.o

.debug_aranges  0x00000000      0x538
 .debug_aranges
                0x00000000       0xb0 ..\obj\stm32f1xx_hal.o
 .debug_aranges
                0x000000b0       0x60 ..\obj\stm32f1xx_it.o
 .debug_aranges
                0x00000110      0x100 ..\obj\stm32f1xx_hal_cortex.o
 .debug_aranges
                0x00000210       0x28 ..\obj\system_stm32f1xx.o
 .debug_aranges
                0x00000238       0x88 ..\obj\stm32f1xx_hal_rcc.o
 .debug_aranges
                0x000002c0       0x28 ..\obj\startup_stm32f10x_md.o
 .debug_aranges
                0x000002e8       0x48 ..\obj\main.o
 .debug_aranges
                0x00000330       0x28 ..\obj\stm32f1xx_hal_spi_ex.o
 .debug_aranges
                0x00000358       0x58 ..\obj\stm32f1xx_hal_gpio.o
 .debug_aranges
                0x000003b0      0x158 ..\obj\stm32f1xx_hal_spi.o
 .debug_aranges
                0x00000508       0x30 ..\obj\stm32f1xx_hal_msp.o

.debug_ranges   0x00000000      0x488
 .debug_ranges  0x00000000       0xa0 ..\obj\stm32f1xx_hal.o
 .debug_ranges  0x000000a0       0x50 ..\obj\stm32f1xx_it.o
 .debug_ranges  0x000000f0       0xf0 ..\obj\stm32f1xx_hal_cortex.o
 .debug_ranges  0x000001e0       0x18 ..\obj\system_stm32f1xx.o
 .debug_ranges  0x000001f8       0x78 ..\obj\stm32f1xx_hal_rcc.o
 .debug_ranges  0x00000270       0x18 ..\obj\startup_stm32f10x_md.o
 .debug_ranges  0x00000288       0x38 ..\obj\main.o
 .debug_ranges  0x000002c0       0x18 ..\obj\stm32f1xx_hal_spi_ex.o
 .debug_ranges  0x000002d8       0x48 ..\obj\stm32f1xx_hal_gpio.o
 .debug_ranges  0x00000320      0x148 ..\obj\stm32f1xx_hal_spi.o
 .debug_ranges  0x00000468       0x20 ..\obj\stm32f1xx_hal_msp.o

.debug_line     0x00000000     0x3135
 .debug_line    0x00000000      0x3df ..\obj\stm32f1xx_hal.o
 .debug_line    0x000003df      0x218 ..\obj\stm32f1xx_it.o
 .debug_line    0x000005f7      0x4b0 ..\obj\stm32f1xx_hal_cortex.o
 .debug_line    0x00000aa7      0x237 ..\obj\system_stm32f1xx.o
 .debug_line    0x00000cde      0xb90 ..\obj\stm32f1xx_hal_rcc.o
 .debug_line    0x0000186e       0xa9 ..\obj\startup_stm32f10x_md.o
 .debug_line    0x00001917      0x351 ..\obj\main.o
 .debug_line    0x00001c68      0x2c4 ..\obj\stm32f1xx_hal_spi_ex.o
 .debug_line    0x00001f2c      0x475 ..\obj\stm32f1xx_hal_gpio.o
 .debug_line    0x000023a1      0xac7 ..\obj\stm32f1xx_hal_spi.o
 .debug_line    0x00002e68      0x2cd ..\obj\stm32f1xx_hal_msp.o

.debug_str      0x00000000     0x19d7
 .debug_str     0x00000000      0x6cb ..\obj\stm32f1xx_hal.o
                                0x72b (size before relaxing)
 .debug_str     0x000006cb       0xcf ..\obj\stm32f1xx_it.o
                                0x248 (size before relaxing)
 .debug_str     0x0000079a      0x359 ..\obj\stm32f1xx_hal_cortex.o
                                0x8e2 (size before relaxing)
 .debug_str     0x00000af3       0xa2 ..\obj\system_stm32f1xx.o
                                0x293 (size before relaxing)
 .debug_str     0x00000b95      0x363 ..\obj\stm32f1xx_hal_rcc.o
                                0x609 (size before relaxing)
 .debug_str     0x00000ef8       0xb7 ..\obj\startup_stm32f10x_md.o
                                0x14e (size before relaxing)
 .debug_str     0x00000faf      0x422 ..\obj\main.o
                                0xaa2 (size before relaxing)
 .debug_str     0x000013d1       0x9e ..\obj\stm32f1xx_hal_spi_ex.o
                                0x615 (size before relaxing)
 .debug_str     0x0000146f      0x19e ..\obj\stm32f1xx_hal_gpio.o
                                0x43d (size before relaxing)
 .debug_str     0x0000160d      0x386 ..\obj\stm32f1xx_hal_spi.o
                                0x960 (size before relaxing)
 .debug_str     0x00001993       0x44 ..\obj\stm32f1xx_hal_msp.o
                                0x93d (size before relaxing)

.comment        0x00000000       0x6e
 .comment       0x00000000       0x6e ..\obj\stm32f1xx_hal.o
                                 0x6f (size before relaxing)
 .comment       0x0000006e       0x6f ..\obj\stm32f1xx_it.o
 .comment       0x0000006e       0x6f ..\obj\stm32f1xx_hal_cortex.o
 .comment       0x0000006e       0x6f ..\obj\system_stm32f1xx.o
 .comment       0x0000006e       0x6f ..\obj\stm32f1xx_hal_rcc.o
 .comment       0x0000006e       0x6f ..\obj\startup_stm32f10x_md.o
 .comment       0x0000006e       0x6f ..\obj\main.o
 .comment       0x0000006e       0x6f ..\obj\stm32f1xx_hal_spi_ex.o
 .comment       0x0000006e       0x6f ..\obj\stm32f1xx_hal_gpio.o
 .comment       0x0000006e       0x6f ..\obj\stm32f1xx_hal_spi.o
 .comment       0x0000006e       0x6f ..\obj\stm32f1xx_hal_msp.o

.ARM.attributes
                0x00000000       0x33
 .ARM.attributes
                0x00000000       0x33 ..\obj\stm32f1xx_hal.o
 .ARM.attributes
                0x00000033       0x33 ..\obj\stm32f1xx_it.o
 .ARM.attributes
                0x00000066       0x33 ..\obj\stm32f1xx_hal_cortex.o
 .ARM.attributes
                0x00000099       0x33 ..\obj\system_stm32f1xx.o
 .ARM.attributes
                0x000000cc       0x33 ..\obj\stm32f1xx_hal_rcc.o
 .ARM.attributes
                0x000000ff       0x33 ..\obj\startup_stm32f10x_md.o
 .ARM.attributes
                0x00000132       0x33 ..\obj\main.o
 .ARM.attributes
                0x00000165       0x33 ..\obj\stm32f1xx_hal_spi_ex.o
 .ARM.attributes
                0x00000198       0x33 ..\obj\stm32f1xx_hal_gpio.o
 .ARM.attributes
                0x000001cb       0x33 ..\obj\stm32f1xx_hal_spi.o
 .ARM.attributes
                0x000001fe       0x33 ..\obj\stm32f1xx_hal_msp.o

.debug_frame    0x00000000     0x135c
 .debug_frame   0x00000000      0x278 ..\obj\stm32f1xx_hal.o
 .debug_frame   0x00000278      0x10c ..\obj\stm32f1xx_it.o
 .debug_frame   0x00000384      0x428 ..\obj\stm32f1xx_hal_cortex.o
 .debug_frame   0x000007ac       0x58 ..\obj\system_stm32f1xx.o
 .debug_frame   0x00000804      0x21c ..\obj\stm32f1xx_hal_rcc.o
 .debug_frame   0x00000a20       0x4c ..\obj\startup_stm32f10x_md.o
 .debug_frame   0x00000a6c       0xd0 ..\obj\main.o
 .debug_frame   0x00000b3c       0x5c ..\obj\stm32f1xx_hal_spi_ex.o
 .debug_frame   0x00000b98      0x14c ..\obj\stm32f1xx_hal_gpio.o
 .debug_frame   0x00000ce4      0x5fc ..\obj\stm32f1xx_hal_spi.o
 .debug_frame   0x000012e0       0x7c ..\obj\stm32f1xx_hal_msp.o
